Archive member included to satisfy reference by file (symbol)

/usr/lib/gcc/arm-none-eabi/12.2.0/../../../../arm-none-eabi/lib/thumb/v7e-m+fp/hard/libc.a(libc_a-atexit.o)
                              /usr/lib/gcc/arm-none-eabi/12.2.0/../../../../arm-none-eabi/lib/thumb/v7e-m+fp/hard/crt0.o (atexit)
/usr/lib/gcc/arm-none-eabi/12.2.0/../../../../arm-none-eabi/lib/thumb/v7e-m+fp/hard/libc.a(libc_a-exit.o)
                              /usr/lib/gcc/arm-none-eabi/12.2.0/../../../../arm-none-eabi/lib/thumb/v7e-m+fp/hard/crt0.o (exit)
/usr/lib/gcc/arm-none-eabi/12.2.0/../../../../arm-none-eabi/lib/thumb/v7e-m+fp/hard/libc.a(libc_a-findfp.o)
                              /usr/lib/gcc/arm-none-eabi/12.2.0/../../../../arm-none-eabi/lib/thumb/v7e-m+fp/hard/libc.a(libc_a-exit.o) (__stdio_exit_handler)
/usr/lib/gcc/arm-none-eabi/12.2.0/../../../../arm-none-eabi/lib/thumb/v7e-m+fp/hard/libc.a(libc_a-fwalk.o)
                              /usr/lib/gcc/arm-none-eabi/12.2.0/../../../../arm-none-eabi/lib/thumb/v7e-m+fp/hard/libc.a(libc_a-findfp.o) (_fwalk_sglue)
/usr/lib/gcc/arm-none-eabi/12.2.0/../../../../arm-none-eabi/lib/thumb/v7e-m+fp/hard/libc.a(libc_a-stdio.o)
                              /usr/lib/gcc/arm-none-eabi/12.2.0/../../../../arm-none-eabi/lib/thumb/v7e-m+fp/hard/libc.a(libc_a-findfp.o) (__sread)
/usr/lib/gcc/arm-none-eabi/12.2.0/../../../../arm-none-eabi/lib/thumb/v7e-m+fp/hard/libc.a(libc_a-memset.o)
                              /usr/lib/gcc/arm-none-eabi/12.2.0/../../../../arm-none-eabi/lib/thumb/v7e-m+fp/hard/crt0.o (memset)
/usr/lib/gcc/arm-none-eabi/12.2.0/../../../../arm-none-eabi/lib/thumb/v7e-m+fp/hard/libc.a(libc_a-closer.o)
                              /usr/lib/gcc/arm-none-eabi/12.2.0/../../../../arm-none-eabi/lib/thumb/v7e-m+fp/hard/libc.a(libc_a-stdio.o) (_close_r)
/usr/lib/gcc/arm-none-eabi/12.2.0/../../../../arm-none-eabi/lib/thumb/v7e-m+fp/hard/libc.a(libc_a-reent.o)
                              /usr/lib/gcc/arm-none-eabi/12.2.0/../../../../arm-none-eabi/lib/thumb/v7e-m+fp/hard/libc.a(libc_a-closer.o) (errno)
/usr/lib/gcc/arm-none-eabi/12.2.0/../../../../arm-none-eabi/lib/thumb/v7e-m+fp/hard/libc.a(libc_a-impure.o)
                              /usr/lib/gcc/arm-none-eabi/12.2.0/../../../../arm-none-eabi/lib/thumb/v7e-m+fp/hard/libc.a(libc_a-reent.o) (_impure_ptr)
/usr/lib/gcc/arm-none-eabi/12.2.0/../../../../arm-none-eabi/lib/thumb/v7e-m+fp/hard/libc.a(libc_a-lseekr.o)
                              /usr/lib/gcc/arm-none-eabi/12.2.0/../../../../arm-none-eabi/lib/thumb/v7e-m+fp/hard/libc.a(libc_a-stdio.o) (_lseek_r)
/usr/lib/gcc/arm-none-eabi/12.2.0/../../../../arm-none-eabi/lib/thumb/v7e-m+fp/hard/libc.a(libc_a-readr.o)
                              /usr/lib/gcc/arm-none-eabi/12.2.0/../../../../arm-none-eabi/lib/thumb/v7e-m+fp/hard/libc.a(libc_a-stdio.o) (_read_r)
/usr/lib/gcc/arm-none-eabi/12.2.0/../../../../arm-none-eabi/lib/thumb/v7e-m+fp/hard/libc.a(libc_a-writer.o)
                              /usr/lib/gcc/arm-none-eabi/12.2.0/../../../../arm-none-eabi/lib/thumb/v7e-m+fp/hard/libc.a(libc_a-stdio.o) (_write_r)
/usr/lib/gcc/arm-none-eabi/12.2.0/../../../../arm-none-eabi/lib/thumb/v7e-m+fp/hard/libc.a(libc_a-init.o)
                              /usr/lib/gcc/arm-none-eabi/12.2.0/../../../../arm-none-eabi/lib/thumb/v7e-m+fp/hard/crt0.o (__libc_init_array)
/usr/lib/gcc/arm-none-eabi/12.2.0/../../../../arm-none-eabi/lib/thumb/v7e-m+fp/hard/libc.a(libc_a-fini.o)
                              /usr/lib/gcc/arm-none-eabi/12.2.0/../../../../arm-none-eabi/lib/thumb/v7e-m+fp/hard/crt0.o (__libc_fini_array)
/usr/lib/gcc/arm-none-eabi/12.2.0/../../../../arm-none-eabi/lib/thumb/v7e-m+fp/hard/libc.a(libc_a-lock.o)
                              /usr/lib/gcc/arm-none-eabi/12.2.0/../../../../arm-none-eabi/lib/thumb/v7e-m+fp/hard/libc.a(libc_a-findfp.o) (__retarget_lock_init_recursive)
/usr/lib/gcc/arm-none-eabi/12.2.0/../../../../arm-none-eabi/lib/thumb/v7e-m+fp/hard/libc.a(libc_a-__atexit.o)
                              /usr/lib/gcc/arm-none-eabi/12.2.0/../../../../arm-none-eabi/lib/thumb/v7e-m+fp/hard/libc.a(libc_a-atexit.o) (__register_exitproc)
/usr/lib/gcc/arm-none-eabi/12.2.0/../../../../arm-none-eabi/lib/thumb/v7e-m+fp/hard/libc.a(libc_a-__call_atexit.o)
                              /usr/lib/gcc/arm-none-eabi/12.2.0/../../../../arm-none-eabi/lib/thumb/v7e-m+fp/hard/libc.a(libc_a-exit.o) (__call_exitprocs)
/usr/lib/gcc/arm-none-eabi/12.2.0/../../../../arm-none-eabi/lib/thumb/v7e-m+fp/hard/libc.a(libc_a-freer.o)
                              /usr/lib/gcc/arm-none-eabi/12.2.0/../../../../arm-none-eabi/lib/thumb/v7e-m+fp/hard/libc.a(libc_a-reent.o) (_free_r)
/usr/lib/gcc/arm-none-eabi/12.2.0/../../../../arm-none-eabi/lib/thumb/v7e-m+fp/hard/libc.a(libc_a-mallocr.o)
                              /usr/lib/gcc/arm-none-eabi/12.2.0/../../../../arm-none-eabi/lib/thumb/v7e-m+fp/hard/libc.a(libc_a-findfp.o) (_malloc_r)
[...]
Memory Configuration

Name             Origin             Length             Attributes
FLASH            0x08000000         0x00080000         xr
RAM              0x20000000         0x00020000         xrw
*default*        0x00000000         0xffffffff

Linker script and memory map

LOAD /usr/lib/gcc/arm-none-eabi/12.2.0/thumb/v7e-m+fp/hard/crti.o
LOAD /usr/lib/gcc/arm-none-eabi/12.2.0/thumb/v7e-m+fp/hard/crtbegin.o
LOAD /usr/lib/gcc/arm-none-eabi/12.2.0/../../../../arm-none-eabi/lib/thumb/v7e-m+fp/hard/crt0.o
LOAD startup/stm32f411_periph.o
LOAD startup/sys_handlers.o
LOAD startup/rcc.o
LOAD startup/system_stm32f4xx.o
LOAD lib/adc.o
LOAD src/main_adc_irq.o
LOAD startup/startup_stm32f411xe.o
LOAD /usr/lib/gcc/arm-none-eabi/12.2.0/../../../../arm-none-eabi/lib/thumb/v7e-m+fp/hard/libc.a
LOAD /usr/lib/gcc/arm-none-eabi/12.2.0/thumb/v7e-m+fp/hard/libgcc.a
LOAD /usr/lib/gcc/arm-none-eabi/12.2.0/thumb/v7e-m+fp/hard/libgcov.a
LOAD /usr/lib/gcc/arm-none-eabi/12.2.0/../../../../arm-none-eabi/lib/thumb/v7e-m+fp/hard/libm.a
LOAD lib/libstm32.a
START GROUP
LOAD /usr/lib/gcc/arm-none-eabi/12.2.0/thumb/v7e-m+fp/hard/libgcc.a
LOAD /usr/lib/gcc/arm-none-eabi/12.2.0/../../../../arm-none-eabi/lib/thumb/v7e-m+fp/hard/libc.a
END GROUP
LOAD /usr/lib/gcc/arm-none-eabi/12.2.0/thumb/v7e-m+fp/hard/crtend.o
LOAD /usr/lib/gcc/arm-none-eabi/12.2.0/thumb/v7e-m+fp/hard/crtn.o
                0x20020000                        _estack = 0x20020000
                0x00000200                        _Min_Heap_Size = 0x200
                0x00000400                        _Min_Stack_Size = 0x400

.isr_vector     0x08000000      0x198
                0x08000000                        . = ALIGN (0x4)
 *(.isr_vector)
 .isr_vector    0x08000000      0x198 startup/startup_stm32f411xe.o
                0x08000000                g_pfnVectors
                0x08000198                        . = ALIGN (0x4)

.text           0x08000198     0x3c60
                0x08000198                        . = ALIGN (0x4)
 *(.text)
 .text          0x08000198       0x24 startup/sys_handlers.o
                0x08000198                NMI_Handler
                0x0800019c                HardFault_Handler
                0x080001a0                MemManage_Handler
                0x080001a4                BusFault_Handler
                0x080001a8                UsageFault_Handler
                0x080001ac                SVC_Handler
                0x080001b0                DebugMon_Handler
                0x080001b4                PendSV_Handler
                0x080001b8                SysTick_Handler
 .text          0x080001bc      0x3ec startup/rcc.o
                0x080003cc                rcc_config_clock
 .text          0x080005a8      0x16c startup/system_stm32f4xx.o
                0x080005a8                SystemInit
                0x0800061c                SystemCoreClockUpdate
 .text          0x08000714      0x84c lib/adc.o
                0x08000790                ADC_IRQHandler
                0x08000874                adc_init
                0x080009b0                adc_channel_sample
                0x08000a68                adc_channel_enable
                0x08000c14                adc_set_trigger_evt
                0x08000d84                adc_start
                0x08000d9a                adc_stop
                0x08000db0                adc_get_sampling_freq
 .text          0x08000f60      0x338 src/main_adc_irq.o
                0x08000f60                clear
                0x08000f7c                gotoxy
                0x08001104                main
 .text          0x08001298      0x8f0 lib/libstm32.a(io.o)
                0x08001314                EXTI0_IRQHandler
                0x08001338                EXTI1_IRQHandler
                0x0800135c                EXTI2_IRQHandler
                0x08001380                EXTI3_IRQHandler
                0x080013a4                EXTI4_IRQHandler
                0x080013c8                EXTI9_5_IRQHandler
                0x08001498                EXTI15_10_IRQHandler
                0x08001594                io_configure
                0x08001ac4                io_read
                0x08001ae0                io_write
                0x08001b1c                io_write_n
                0x08001b54                io_set
                0x08001b6c                io_clear
 .text          0x08001b88      0x404 lib/libstm32.a(uart.o)
                0x08001c04                USART2_IRQHandler
                0x08001c98                uart_init
                0x08001dc8                uart_getc
                0x08001de8                uart_getchar
                0x08001e0c                uart_putc
                0x08001e34                uart_puts
                0x08001e64                uart_printf
 .text          0x08001f8c      0x138 lib/libstm32.a(util.o)
                0x08001f8c                num2str
                0x08002028                str2num
 .text          0x080020c4      0xcfc lib/libstm32.a(lcd_128x32.o)
                0x0800220c                lcd_reset
                0x08002304                lcd_set_contrast
                0x08002334                lcd_get_contrast
                0x08002340                lcd_width
                0x08002348                lcd_height
                0x08002350                lcd_invert
                0x08002374                lcd_setmode
                0x08002388                lcd_get_autoup
                0x08002394                lcd_set_autoup
                0x080024d0                locate
                0x080024f0                cls
                0x08002514                line
                0x08002658                rect
                0x08002724                fillrect
                0x080027a4                circle
                0x08002954                fillcircle
                0x080029ac                bitmap
                0x08002bbc                lcd_putc
                0x08002c38                lcd_puts
                0x08002c88                lcd_printf
 .text          0x08002dc0      0x20c lib/libstm32.a(sw.o)
                0x08002dc0                sw_init
                0x08002e00                sw_right
                0x08002e48                sw_left
                0x08002e90                sw_up
                0x08002ed8                sw_down
                0x08002f20                sw_center
                0x08002f68                sw_input
 .text          0x08002fcc      0x308 lib/libstm32.a(spi.o)
                0x08003048                SPI1_IRQHandler
                0x080030f4                SPI2_IRQHandler
                0x080030f8                SPI3_IRQHandler
                0x080030fc                SPI4_IRQHandler
                0x08003100                SPI5_IRQHandler
                0x08003104                spi_master_init
                0x0800322c                spi_write
                0x0800329c                spi_write_byte
 .text          0x080032d4      0x8b8 lib/libstm32.a(timer.o)
                0x08003350                TIM2_IRQHandler
                0x0800337c                TIM3_IRQHandler
                0x080033a8                TIM4_IRQHandler
                0x080033d4                TIM5_IRQHandler
                0x08003400                timer_wait_ms
                0x08003598                timer_wait_us
                0x08003728                timer_tick_init
                0x080038a8                timer_tick_period
                0x080038cc                timer_start
                0x080038e8                timer_stop
                0x08003900                pwm_init
                0x08003a64                pwm_channel_enable
                0x08003b24                pwm_channel_disable
                0x08003b48                pwm_channel_set
 *(.text*)
 .text.__do_global_dtors_aux
                0x08003b8c       0x24 /usr/lib/gcc/arm-none-eabi/12.2.0/thumb/v7e-m+fp/hard/crtbegin.o
 .text.frame_dummy
                0x08003bb0       0x1c /usr/lib/gcc/arm-none-eabi/12.2.0/thumb/v7e-m+fp/hard/crtbegin.o
 .text.Reset_Handler
                0x08003bcc       0x4c startup/startup_stm32f411xe.o
                0x08003bcc                Reset_Handler
                0x08003bfe                _exit
 .text.Default_Handler
                0x08003c18        0x2 startup/startup_stm32f411xe.o
                0x08003c18                RTC_Alarm_IRQHandler
                0x08003c18                TIM1_CC_IRQHandler
                0x08003c18                DMA2_Stream5_IRQHandler
                0x08003c18                DMA1_Stream5_IRQHandler
                0x08003c18                PVD_IRQHandler
                0x08003c18                SDIO_IRQHandler
                0x08003c18                TAMP_STAMP_IRQHandler
                0x08003c18                TIM1_UP_TIM10_IRQHandler
                0x08003c18                I2C3_ER_IRQHandler
                0x08003c18                I2C2_EV_IRQHandler
                0x08003c18                DMA1_Stream2_IRQHandler
                0x08003c18                FPU_IRQHandler
                0x08003c18                DMA2_Stream2_IRQHandler
                0x08003c18                TIM1_BRK_TIM9_IRQHandler
                0x08003c18                DMA2_Stream3_IRQHandler
                0x08003c18                USART6_IRQHandler
                0x08003c18                DMA2_Stream0_IRQHandler
                0x08003c18                I2C1_EV_IRQHandler
                0x08003c18                DMA1_Stream6_IRQHandler
                0x08003c18                DMA1_Stream1_IRQHandler
                0x08003c18                RCC_IRQHandler
                0x08003c18                Default_Handler
                0x08003c18                DMA1_Stream7_IRQHandler
                0x08003c18                DMA2_Stream7_IRQHandler
                0x08003c18                I2C3_EV_IRQHandler
                0x08003c18                RTC_WKUP_IRQHandler
                0x08003c18                DMA1_Stream0_IRQHandler
                0x08003c18                WWDG_IRQHandler
                0x08003c18                OTG_FS_WKUP_IRQHandler
                0x08003c18                TIM1_TRG_COM_TIM11_IRQHandler
                0x08003c18                I2C2_ER_IRQHandler
                0x08003c18                DMA2_Stream1_IRQHandler
                0x08003c18                FLASH_IRQHandler
                0x08003c18                DMA2_Stream4_IRQHandler
                0x08003c18                USART1_IRQHandler
                0x08003c18                OTG_FS_IRQHandler
                0x08003c18                DMA1_Stream4_IRQHandler
                0x08003c18                I2C1_ER_IRQHandler
                0x08003c18                DMA2_Stream6_IRQHandler
                0x08003c18                DMA1_Stream3_IRQHandler
 *fill*         0x08003c1a        0x2 
 .text.atexit   0x08003c1c        0xc /usr/lib/gcc/arm-none-eabi/12.2.0/../../../../arm-none-eabi/lib/thumb/v7e-m+fp/hard/libc.a(libc_a-atexit.o)
                0x08003c1c                atexit
 .text.memset   0x08003c28       0xa4 /usr/lib/gcc/arm-none-eabi/12.2.0/../../../../arm-none-eabi/lib/thumb/v7e-m+fp/hard/libc.a(libc_a-memset.o)
                0x08003c28                memset
 .text.__libc_init_array
                0x08003ccc       0x50 /usr/lib/gcc/arm-none-eabi/12.2.0/../../../../arm-none-eabi/lib/thumb/v7e-m+fp/hard/libc.a(libc_a-init.o)
                0x08003ccc                __libc_init_array
 .text.__libc_fini_array
                0x08003d1c       0x28 /usr/lib/gcc/arm-none-eabi/12.2.0/../../../../arm-none-eabi/lib/thumb/v7e-m+fp/hard/libc.a(libc_a-fini.o)
                0x08003d1c                __libc_fini_array
 .text.__retarget_lock_acquire_recursive
                0x08003d44        0x4 /usr/lib/gcc/arm-none-eabi/12.2.0/../../../../arm-none-eabi/lib/thumb/v7e-m+fp/hard/libc.a(libc_a-lock.o)
                0x08003d44                __retarget_lock_acquire_recursive
 .text.__retarget_lock_release_recursive
                0x08003d48        0x4 /usr/lib/gcc/arm-none-eabi/12.2.0/../../../../arm-none-eabi/lib/thumb/v7e-m+fp/hard/libc.a(libc_a-lock.o)
                0x08003d48                __retarget_lock_release_recursive
 .text.__register_exitproc
                0x08003d4c       0x80 /usr/lib/gcc/arm-none-eabi/12.2.0/../../../../arm-none-eabi/lib/thumb/v7e-m+fp/hard/libc.a(libc_a-__atexit.o)
                0x08003d4c                __register_exitproc
 .text.startup.register_fini
                0x08003dcc       0x14 /usr/lib/gcc/arm-none-eabi/12.2.0/../../../../arm-none-eabi/lib/thumb/v7e-m+fp/hard/libc.a(libc_a-__call_atexit.o)
 *(.glue_7)
 .glue_7        0x08003de0        0x0 linker stubs
 *(.glue_7t)
 .glue_7t       0x08003de0        0x0 linker stubs
 *(.eh_frame)
 .eh_frame      0x08003de0        0x0 /usr/lib/gcc/arm-none-eabi/12.2.0/thumb/v7e-m+fp/hard/crtbegin.o
 *(.init)
 .init          0x08003de0        0x4 /usr/lib/gcc/arm-none-eabi/12.2.0/thumb/v7e-m+fp/hard/crti.o
                0x08003de0                _init
 .init          0x08003de4        0x8 /usr/lib/gcc/arm-none-eabi/12.2.0/thumb/v7e-m+fp/hard/crtn.o
 *(.fini)
 .fini          0x08003dec        0x4 /usr/lib/gcc/arm-none-eabi/12.2.0/thumb/v7e-m+fp/hard/crti.o
                0x08003dec                _fini
 .fini          0x08003df0        0x8 /usr/lib/gcc/arm-none-eabi/12.2.0/thumb/v7e-m+fp/hard/crtn.o
                0x08003df8                        . = ALIGN (0x4)
                0x08003df8                        _etext = .

.vfp11_veneer   0x08003df8        0x0
 .vfp11_veneer  0x08003df8        0x0 linker stubs

.v4_bx          0x08003df8        0x0
 .v4_bx         0x08003df8        0x0 linker stubs

.iplt           0x08003df8        0x0
 .iplt          0x08003df8        0x0 /usr/lib/gcc/arm-none-eabi/12.2.0/thumb/v7e-m+fp/hard/crtbegin.o

.rodata         0x08003df8      0x934
                0x08003df8                        . = ALIGN (0x4)
 *(.rodata)
 .rodata        0x08003df8      0x114 startup/stm32f411_periph.o
                0x08003df8                _SCnSCB
                0x08003dfc                _SCB
                0x08003e00                _SysTick
                0x08003e04                _NVIC
                0x08003e08                _ITM
                0x08003e0c                _DWT
                0x08003e10                _TPI
                0x08003e14                _CoreDebug
                0x08003e18                _MPU
                0x08003e1c                _FPU
                0x08003e20                _TIM2
                0x08003e24                _TIM3
                0x08003e28                _TIM4
                0x08003e2c                _TIM5
                0x08003e30                _RTC
                0x08003e34                _WWDG
                0x08003e38                _IWDG
                0x08003e3c                _I2S2ext
                0x08003e40                _SPI2
                0x08003e44                _SPI3
                0x08003e48                _I2S3ext
                0x08003e4c                _USART2
                0x08003e50                _I2C1
                0x08003e54                _I2C2
                0x08003e58                _I2C3
                0x08003e5c                _PWR
                0x08003e60                _TIM1
                0x08003e64                _USART1
                0x08003e68                _USART6
                0x08003e6c                _ADC1
                0x08003e70                _ADC
                0x08003e74                _SDIO
                0x08003e78                _SPI1
                0x08003e7c                _SPI4
                0x08003e80                _SYSCFG
                0x08003e84                _EXTI
                0x08003e88                _TIM9
                0x08003e8c                _TIM10
                0x08003e90                _TIM11
                0x08003e94                _SPI5
                0x08003e98                _GPIOA
                0x08003e9c                _GPIOB
                0x08003ea0                _GPIOC
                0x08003ea4                _GPIOD
                0x08003ea8                _GPIOE
                0x08003eac                _GPIOH
                0x08003eb0                _CRC
                0x08003eb4                _RCC
                0x08003eb8                _FLASH
                0x08003ebc                _DMA1
                0x08003ec0                _DMA1_Stream0
                0x08003ec4                _DMA1_Stream1
                0x08003ec8                _DMA1_Stream2
                0x08003ecc                _DMA1_Stream3
                0x08003ed0                _DMA1_Stream4
                0x08003ed4                _DMA1_Stream5
                0x08003ed8                _DMA1_Stream6
                0x08003edc                _DMA1_Stream7
                0x08003ee0                _DMA2
                0x08003ee4                _DMA2_Stream0
                0x08003ee8                _DMA2_Stream1
                0x08003eec                _DMA2_Stream2
                0x08003ef0                _DMA2_Stream3
                0x08003ef4                _DMA2_Stream4
                0x08003ef8                _DMA2_Stream5
                0x08003efc                _DMA2_Stream6
                0x08003f00                _DMA2_Stream7
                0x08003f04                _DBGMCU
                0x08003f08                _USB_OTG_FS
 .rodata        0x08003f0c       0x10 startup/system_stm32f4xx.o
                0x08003f0c                AHBPrescTable
 .rodata        0x08003f1c       0x22 lib/adc.o
 *fill*         0x08003f3e        0x2 
 .rodata        0x08003f40       0x7d src/main_adc_irq.o
 *fill*         0x08003fbd        0x3 
 .rodata        0x08003fc0      0x724 lib/libstm32.a(lcd_128x32.o)
 *(.rodata*)
 .rodata.all_implied_fbits
                0x080046e4       0x24 /usr/lib/gcc/arm-none-eabi/12.2.0/thumb/v7e-m+fp/hard/crtbegin.o
 .rodata.all_implied_fbits
                0x08004708       0x24 /usr/lib/gcc/arm-none-eabi/12.2.0/thumb/v7e-m+fp/hard/crtend.o
                0x0800472c                        . = ALIGN (0x4)

.rel.dyn        0x0800472c        0x0
 .rel.iplt      0x0800472c        0x0 /usr/lib/gcc/arm-none-eabi/12.2.0/thumb/v7e-m+fp/hard/crtbegin.o

.ARM.extab
 *(.ARM.extab* .gnu.linkonce.armextab.*)

.ARM            0x0800472c        0x0
                0x0800472c                        __exidx_start = .
 *(.ARM.exidx*)
                0x0800472c                        __exidx_end = .

.preinit_array  0x0800472c        0x0
                0x0800472c                        PROVIDE (__preinit_array_start = .)
 *(.preinit_array*)
                0x0800472c                        PROVIDE (__preinit_array_end = .)

.init_array     0x0800472c        0x8
                0x0800472c                        PROVIDE (__init_array_start = .)
 *(SORT_BY_NAME(.init_array.*))
 .init_array.00000
                0x0800472c        0x4 /usr/lib/gcc/arm-none-eabi/12.2.0/../../../../arm-none-eabi/lib/thumb/v7e-m+fp/hard/libc.a(libc_a-__call_atexit.o)
 *(.init_array*)
 .init_array    0x08004730        0x4 /usr/lib/gcc/arm-none-eabi/12.2.0/thumb/v7e-m+fp/hard/crtbegin.o
                0x08004734                        PROVIDE (__init_array_end = .)

.fini_array     0x08004734        0x4
                0x08004734                        PROVIDE (__fini_array_start = .)
 *(SORT_BY_NAME(.fini_array.*))
 *(.fini_array*)
 .fini_array    0x08004734        0x4 /usr/lib/gcc/arm-none-eabi/12.2.0/thumb/v7e-m+fp/hard/crtbegin.o
                0x08004738                        PROVIDE (__fini_array_end = .)
                0x08004738                        _sidata = LOADADDR (.data)

.data           0x20000000       0xcc load address 0x08004738
                0x20000000                        . = ALIGN (0x4)
                0x20000000                        _sdata = .
 *(.data)
 .data          0x20000000       0xa8 startup/rcc.o
 .data          0x200000a8        0x4 startup/system_stm32f4xx.o
                0x200000a8                SystemCoreClock
 .data          0x200000ac       0x11 lib/libstm32.a(util.o)
 *fill*         0x200000bd        0x3 
 .data          0x200000c0        0x8 lib/libstm32.a(lcd_128x32.o)
 *(.data*)
 .data.__atexit_recursive_mutex
                0x200000c8        0x4 /usr/lib/gcc/arm-none-eabi/12.2.0/../../../../arm-none-eabi/lib/thumb/v7e-m+fp/hard/libc.a(libc_a-__call_atexit.o)
                0x200000c8                __atexit_recursive_mutex
                0x200000cc                        . = ALIGN (0x4)
                0x200000cc                        _edata = .

.igot.plt       0x200000cc        0x0 load address 0x08004804
 .igot.plt      0x200000cc        0x0 /usr/lib/gcc/arm-none-eabi/12.2.0/thumb/v7e-m+fp/hard/crtbegin.o
                0x200000cc                        . = ALIGN (0x4)

.bss            0x200000cc      0x554 load address 0x08004804
                0x200000cc                        _sbss = .
                0x200000cc                        __bss_start__ = _sbss
 *(.bss)
 .bss           0x200000cc       0x14 startup/system_stm32f4xx.o
                0x200000cc                sysclks
 .bss           0x200000e0       0x1c lib/adc.o
 .bss           0x200000fc       0xe0 src/main_adc_irq.o
                0x200000fc                buf
                0x200001d0                overrun
                0x200001d4                underrun
                0x200001d8                channel
                0x200001da                val
 .bss           0x200001dc       0x40 lib/libstm32.a(io.o)
 .bss           0x2000021c        0x4 lib/libstm32.a(uart.o)
 .bss           0x20000220      0x210 lib/libstm32.a(lcd_128x32.o)
 .bss           0x20000430        0xa lib/libstm32.a(sw.o)
 *fill*         0x2000043a        0x2 
 .bss           0x2000043c       0x1c lib/libstm32.a(spi.o)
                0x2000044c                cpt
                0x20000450                cpt1
                0x20000454                cpt2
 .bss           0x20000458       0x10 lib/libstm32.a(timer.o)
 *(.bss*)
 .bss.completed.1
                0x20000468        0x1 /usr/lib/gcc/arm-none-eabi/12.2.0/thumb/v7e-m+fp/hard/crtbegin.o
 *fill*         0x20000469        0x3 
 .bss.object.0  0x2000046c       0x18 /usr/lib/gcc/arm-none-eabi/12.2.0/thumb/v7e-m+fp/hard/crtbegin.o
 .bss.__lock___atexit_recursive_mutex
                0x20000484        0x1 /usr/lib/gcc/arm-none-eabi/12.2.0/../../../../arm-none-eabi/lib/thumb/v7e-m+fp/hard/libc.a(libc_a-lock.o)
                0x20000484                __lock___atexit_recursive_mutex
 *fill*         0x20000485        0x3 
 .bss.__atexit0
                0x20000488      0x190 /usr/lib/gcc/arm-none-eabi/12.2.0/../../../../arm-none-eabi/lib/thumb/v7e-m+fp/hard/libc.a(libc_a-__atexit.o)
                0x20000488                __atexit0
 .bss.__atexit  0x20000618        0x4 /usr/lib/gcc/arm-none-eabi/12.2.0/../../../../arm-none-eabi/lib/thumb/v7e-m+fp/hard/libc.a(libc_a-__call_atexit.o)
                0x20000618                __atexit
 *(COMMON)
 COMMON         0x2000061c        0x4 lib/libstm32.a(spi.o)
                0x2000061c                sr
                0x20000620                        . = ALIGN (0x4)
                0x20000620                        _ebss = .
                0x20000620                        __bss_end__ = _ebss

._user_heap_stack
                0x20000620      0x600 load address 0x08004804
                0x20000620                        . = ALIGN (0x4)
                [!provide]                        PROVIDE (end = .)
                [!provide]                        PROVIDE (_end = .)
                0x20000820                        . = (. + _Min_Heap_Size)
 *fill*         0x20000620      0x200 
                0x20000c20                        . = (. + _Min_Stack_Size)
 *fill*         0x20000820      0x400 
                0x20000c20                        . = ALIGN (0x4)

/DISCARD/
 libc.a(*)
 libm.a(*)
 libgcc.a(*)

.ARM.attributes
                0x00000000       0x30
 *(.ARM.attributes)
 .ARM.attributes
                0x00000000       0x22 /usr/lib/gcc/arm-none-eabi/12.2.0/thumb/v7e-m+fp/hard/crti.o
 .ARM.attributes
                0x00000022       0x34 /usr/lib/gcc/arm-none-eabi/12.2.0/thumb/v7e-m+fp/hard/crtbegin.o
 .ARM.attributes
                0x00000056       0x34 startup/stm32f411_periph.o
 .ARM.attributes
                0x0000008a       0x34 startup/sys_handlers.o
 .ARM.attributes
                0x000000be       0x34 startup/rcc.o
 .ARM.attributes
                0x000000f2       0x34 startup/system_stm32f4xx.o
 .ARM.attributes
                0x00000126       0x34 lib/adc.o
 .ARM.attributes
                0x0000015a       0x34 src/main_adc_irq.o
 .ARM.attributes
                0x0000018e       0x21 startup/startup_stm32f411xe.o
 .ARM.attributes
                0x000001af       0x34 /usr/lib/gcc/arm-none-eabi/12.2.0/../../../../arm-none-eabi/lib/thumb/v7e-m+fp/hard/libc.a(libc_a-atexit.o)
 .ARM.attributes
                0x000001e3       0x34 /usr/lib/gcc/arm-none-eabi/12.2.0/../../../../arm-none-eabi/lib/thumb/v7e-m+fp/hard/libc.a(libc_a-memset.o)
 .ARM.attributes
                0x00000217       0x34 /usr/lib/gcc/arm-none-eabi/12.2.0/../../../../arm-none-eabi/lib/thumb/v7e-m+fp/hard/libc.a(libc_a-init.o)
 .ARM.attributes
                0x0000024b       0x34 /usr/lib/gcc/arm-none-eabi/12.2.0/../../../../arm-none-eabi/lib/thumb/v7e-m+fp/hard/libc.a(libc_a-fini.o)
 .ARM.attributes
                0x0000027f       0x34 /usr/lib/gcc/arm-none-eabi/12.2.0/../../../../arm-none-eabi/lib/thumb/v7e-m+fp/hard/libc.a(libc_a-lock.o)
 .ARM.attributes
                0x000002b3       0x34 /usr/lib/gcc/arm-none-eabi/12.2.0/../../../../arm-none-eabi/lib/thumb/v7e-m+fp/hard/libc.a(libc_a-__atexit.o)
 .ARM.attributes
                0x000002e7       0x34 /usr/lib/gcc/arm-none-eabi/12.2.0/../../../../arm-none-eabi/lib/thumb/v7e-m+fp/hard/libc.a(libc_a-__call_atexit.o)
 .ARM.attributes
                0x0000031b       0x39 lib/libstm32.a(io.o)
 .ARM.attributes
                0x00000354       0x39 lib/libstm32.a(uart.o)
 .ARM.attributes
                0x0000038d       0x39 lib/libstm32.a(util.o)
 .ARM.attributes
                0x000003c6       0x39 lib/libstm32.a(lcd_128x32.o)
 .ARM.attributes
                0x000003ff       0x39 lib/libstm32.a(sw.o)
 .ARM.attributes
                0x00000438       0x39 lib/libstm32.a(spi.o)
 .ARM.attributes
                0x00000471       0x39 lib/libstm32.a(timer.o)
 .ARM.attributes
                0x000004aa       0x34 /usr/lib/gcc/arm-none-eabi/12.2.0/thumb/v7e-m+fp/hard/crtend.o
 .ARM.attributes
                0x000004de       0x22 /usr/lib/gcc/arm-none-eabi/12.2.0/thumb/v7e-m+fp/hard/crtn.o
OUTPUT(main.elf elf32-littlearm)
LOAD linker stubs
LOAD /usr/lib/gcc/arm-none-eabi/12.2.0/../../../../arm-none-eabi/lib/thumb/v7e-m+fp/hard/libc.a
LOAD /usr/lib/gcc/arm-none-eabi/12.2.0/../../../../arm-none-eabi/lib/thumb/v7e-m+fp/hard/libm.a
LOAD /usr/lib/gcc/arm-none-eabi/12.2.0/thumb/v7e-m+fp/hard/libgcc.a

.debug_info     0x00000000     0x9082
 .debug_info    0x00000000     0x2241 startup/stm32f411_periph.o
 .debug_info    0x00002241      0x104 startup/sys_handlers.o
 .debug_info    0x00002345      0x56e startup/rcc.o
 .debug_info    0x000028b3      0x5d2 startup/system_stm32f4xx.o
 .debug_info    0x00002e85      0xfcc lib/adc.o
 .debug_info    0x00003e51      0x5a1 src/main_adc_irq.o
 .debug_info    0x000043f2       0x30 startup/startup_stm32f411xe.o
 .debug_info    0x00004422      0x118 /usr/lib/gcc/arm-none-eabi/12.2.0/../../../../arm-none-eabi/lib/thumb/v7e-m+fp/hard/libc.a(libc_a-atexit.o)
 .debug_info    0x0000453a      0x135 /usr/lib/gcc/arm-none-eabi/12.2.0/../../../../arm-none-eabi/lib/thumb/v7e-m+fp/hard/libc.a(libc_a-memset.o)
 .debug_info    0x0000466f      0x10b /usr/lib/gcc/arm-none-eabi/12.2.0/../../../../arm-none-eabi/lib/thumb/v7e-m+fp/hard/libc.a(libc_a-init.o)
 .debug_info    0x0000477a       0xf7 /usr/lib/gcc/arm-none-eabi/12.2.0/../../../../arm-none-eabi/lib/thumb/v7e-m+fp/hard/libc.a(libc_a-fini.o)
 .debug_info    0x00004871      0x20a /usr/lib/gcc/arm-none-eabi/12.2.0/../../../../arm-none-eabi/lib/thumb/v7e-m+fp/hard/libc.a(libc_a-lock.o)
 .debug_info    0x00004a7b      0x25f /usr/lib/gcc/arm-none-eabi/12.2.0/../../../../arm-none-eabi/lib/thumb/v7e-m+fp/hard/libc.a(libc_a-__atexit.o)
 .debug_info    0x00004cda      0x2dd /usr/lib/gcc/arm-none-eabi/12.2.0/../../../../arm-none-eabi/lib/thumb/v7e-m+fp/hard/libc.a(libc_a-__call_atexit.o)
 .debug_info    0x00004fb7      0xcc5 lib/libstm32.a(io.o)
 .debug_info    0x00005c7c      0xb5e lib/libstm32.a(uart.o)
 .debug_info    0x000067da      0x130 lib/libstm32.a(util.o)
 .debug_info    0x0000690a      0xc80 lib/libstm32.a(lcd_128x32.o)
 .debug_info    0x0000758a      0x2cb lib/libstm32.a(sw.o)
 .debug_info    0x00007855      0xb4f lib/libstm32.a(spi.o)
 .debug_info    0x000083a4      0xcde lib/libstm32.a(timer.o)

.debug_abbrev   0x00000000     0x1f04
 .debug_abbrev  0x00000000      0x16b startup/stm32f411_periph.o
 .debug_abbrev  0x0000016b       0x45 startup/sys_handlers.o
 .debug_abbrev  0x000001b0      0x18b startup/rcc.o
 .debug_abbrev  0x0000033b      0x190 startup/system_stm32f4xx.o
 .debug_abbrev  0x000004cb      0x319 lib/adc.o
 .debug_abbrev  0x000007e4      0x266 src/main_adc_irq.o
 .debug_abbrev  0x00000a4a       0x1d startup/startup_stm32f411xe.o
 .debug_abbrev  0x00000a67       0xc1 /usr/lib/gcc/arm-none-eabi/12.2.0/../../../../arm-none-eabi/lib/thumb/v7e-m+fp/hard/libc.a(libc_a-atexit.o)
 .debug_abbrev  0x00000b28       0xb7 /usr/lib/gcc/arm-none-eabi/12.2.0/../../../../arm-none-eabi/lib/thumb/v7e-m+fp/hard/libc.a(libc_a-memset.o)
 .debug_abbrev  0x00000bdf       0xc9 /usr/lib/gcc/arm-none-eabi/12.2.0/../../../../arm-none-eabi/lib/thumb/v7e-m+fp/hard/libc.a(libc_a-init.o)
 .debug_abbrev  0x00000ca8       0xcc /usr/lib/gcc/arm-none-eabi/12.2.0/../../../../arm-none-eabi/lib/thumb/v7e-m+fp/hard/libc.a(libc_a-fini.o)
 .debug_abbrev  0x00000d74      0x115 /usr/lib/gcc/arm-none-eabi/12.2.0/../../../../arm-none-eabi/lib/thumb/v7e-m+fp/hard/libc.a(libc_a-lock.o)
 .debug_abbrev  0x00000e89      0x189 /usr/lib/gcc/arm-none-eabi/12.2.0/../../../../arm-none-eabi/lib/thumb/v7e-m+fp/hard/libc.a(libc_a-__atexit.o)
 .debug_abbrev  0x00001012      0x20c /usr/lib/gcc/arm-none-eabi/12.2.0/../../../../arm-none-eabi/lib/thumb/v7e-m+fp/hard/libc.a(libc_a-__call_atexit.o)
 .debug_abbrev  0x0000121e      0x223 lib/libstm32.a(io.o)
 .debug_abbrev  0x00001441      0x23d lib/libstm32.a(uart.o)
 .debug_abbrev  0x0000167e       0xb5 lib/libstm32.a(util.o)
 .debug_abbrev  0x00001733      0x294 lib/libstm32.a(lcd_128x32.o)
 .debug_abbrev  0x000019c7       0xff lib/libstm32.a(sw.o)
 .debug_abbrev  0x00001ac6      0x1f6 lib/libstm32.a(spi.o)
 .debug_abbrev  0x00001cbc      0x248 lib/libstm32.a(timer.o)

.debug_aranges  0x00000000      0x2f0
 .debug_aranges
                0x00000000       0x18 startup/stm32f411_periph.o
 .debug_aranges
                0x00000018       0x20 startup/sys_handlers.o
 .debug_aranges
                0x00000038       0x20 startup/rcc.o
 .debug_aranges
                0x00000058       0x20 startup/system_stm32f4xx.o
 .debug_aranges
                0x00000078       0x20 lib/adc.o
 .debug_aranges
                0x00000098       0x20 src/main_adc_irq.o
 .debug_aranges
                0x000000b8       0x28 startup/startup_stm32f411xe.o
 .debug_aranges
                0x000000e0       0x20 /usr/lib/gcc/arm-none-eabi/12.2.0/../../../../arm-none-eabi/lib/thumb/v7e-m+fp/hard/libc.a(libc_a-atexit.o)
 .debug_aranges
                0x00000100       0x20 /usr/lib/gcc/arm-none-eabi/12.2.0/../../../../arm-none-eabi/lib/thumb/v7e-m+fp/hard/libc.a(libc_a-memset.o)
 .debug_aranges
                0x00000120       0x20 /usr/lib/gcc/arm-none-eabi/12.2.0/../../../../arm-none-eabi/lib/thumb/v7e-m+fp/hard/libc.a(libc_a-init.o)
 .debug_aranges
                0x00000140       0x20 /usr/lib/gcc/arm-none-eabi/12.2.0/../../../../arm-none-eabi/lib/thumb/v7e-m+fp/hard/libc.a(libc_a-fini.o)
 .debug_aranges
                0x00000160       0x68 /usr/lib/gcc/arm-none-eabi/12.2.0/../../../../arm-none-eabi/lib/thumb/v7e-m+fp/hard/libc.a(libc_a-lock.o)
 .debug_aranges
                0x000001c8       0x20 /usr/lib/gcc/arm-none-eabi/12.2.0/../../../../arm-none-eabi/lib/thumb/v7e-m+fp/hard/libc.a(libc_a-__atexit.o)
 .debug_aranges
                0x000001e8       0x28 /usr/lib/gcc/arm-none-eabi/12.2.0/../../../../arm-none-eabi/lib/thumb/v7e-m+fp/hard/libc.a(libc_a-__call_atexit.o)
 .debug_aranges
                0x00000210       0x20 lib/libstm32.a(io.o)
 .debug_aranges
                0x00000230       0x20 lib/libstm32.a(uart.o)
 .debug_aranges
                0x00000250       0x20 lib/libstm32.a(util.o)
 .debug_aranges
                0x00000270       0x20 lib/libstm32.a(lcd_128x32.o)
 .debug_aranges
                0x00000290       0x20 lib/libstm32.a(sw.o)
 .debug_aranges
                0x000002b0       0x20 lib/libstm32.a(spi.o)
 .debug_aranges
                0x000002d0       0x20 lib/libstm32.a(timer.o)

.debug_line     0x00000000     0x29db
 .debug_line    0x00000000       0xe2 startup/stm32f411_periph.o
 .debug_line    0x000000e2       0x81 startup/sys_handlers.o
 .debug_line    0x00000163      0x39d startup/rcc.o
 .debug_line    0x00000500      0x1be startup/system_stm32f4xx.o
 .debug_line    0x000006be      0x51a lib/adc.o
 .debug_line    0x00000bd8      0x21b src/main_adc_irq.o
 .debug_line    0x00000df3       0x79 startup/startup_stm32f411xe.o
 .debug_line    0x00000e6c       0xe4 /usr/lib/gcc/arm-none-eabi/12.2.0/../../../../arm-none-eabi/lib/thumb/v7e-m+fp/hard/libc.a(libc_a-atexit.o)
 .debug_line    0x00000f50      0x1da /usr/lib/gcc/arm-none-eabi/12.2.0/../../../../arm-none-eabi/lib/thumb/v7e-m+fp/hard/libc.a(libc_a-memset.o)
 .debug_line    0x0000112a      0x13c /usr/lib/gcc/arm-none-eabi/12.2.0/../../../../arm-none-eabi/lib/thumb/v7e-m+fp/hard/libc.a(libc_a-init.o)
 .debug_line    0x00001266       0xec /usr/lib/gcc/arm-none-eabi/12.2.0/../../../../arm-none-eabi/lib/thumb/v7e-m+fp/hard/libc.a(libc_a-fini.o)
 .debug_line    0x00001352      0x17d /usr/lib/gcc/arm-none-eabi/12.2.0/../../../../arm-none-eabi/lib/thumb/v7e-m+fp/hard/libc.a(libc_a-lock.o)
 .debug_line    0x000014cf      0x196 /usr/lib/gcc/arm-none-eabi/12.2.0/../../../../arm-none-eabi/lib/thumb/v7e-m+fp/hard/libc.a(libc_a-__atexit.o)
 .debug_line    0x00001665      0x26e /usr/lib/gcc/arm-none-eabi/12.2.0/../../../../arm-none-eabi/lib/thumb/v7e-m+fp/hard/libc.a(libc_a-__call_atexit.o)
 .debug_line    0x000018d3      0x351 lib/libstm32.a(io.o)
 .debug_line    0x00001c24      0x28f lib/libstm32.a(uart.o)
 .debug_line    0x00001eb3       0x95 lib/libstm32.a(util.o)
 .debug_line    0x00001f48      0x45d lib/libstm32.a(lcd_128x32.o)
 .debug_line    0x000023a5      0x1a2 lib/libstm32.a(sw.o)
 .debug_line    0x00002547      0x1eb lib/libstm32.a(spi.o)
 .debug_line    0x00002732      0x2a9 lib/libstm32.a(timer.o)

.debug_str      0x00000000     0x2295
 .debug_str     0x00000000      0xbe0 startup/stm32f411_periph.o
                                0xc5e (size before relaxing)
 .debug_str     0x00000be0       0xa7 startup/sys_handlers.o
                                0x1d4 (size before relaxing)
 .debug_str     0x00000c87      0x1f9 startup/rcc.o
                                0x4b6 (size before relaxing)
 .debug_str     0x00000e80       0x6b startup/system_stm32f4xx.o
                                0x459 (size before relaxing)
 .debug_str     0x00000eeb      0x57f lib/adc.o
                                0x9c8 (size before relaxing)
 .debug_str     0x0000146a       0xad src/main_adc_irq.o
                                0x2ad (size before relaxing)
 .debug_str     0x00001517       0x38 startup/startup_stm32f411xe.o
                                 0x5a (size before relaxing)
 .debug_str     0x0000154f      0x16e /usr/lib/gcc/arm-none-eabi/12.2.0/../../../../arm-none-eabi/lib/thumb/v7e-m+fp/hard/libc.a(libc_a-atexit.o)
                                0x1fe (size before relaxing)
 .debug_str     0x000016bd       0x66 /usr/lib/gcc/arm-none-eabi/12.2.0/../../../../arm-none-eabi/lib/thumb/v7e-m+fp/hard/libc.a(libc_a-memset.o)
                                0x1d5 (size before relaxing)
 .debug_str     0x00001723       0xa6 /usr/lib/gcc/arm-none-eabi/12.2.0/../../../../arm-none-eabi/lib/thumb/v7e-m+fp/hard/libc.a(libc_a-init.o)
                                0x222 (size before relaxing)
 .debug_str     0x000017c9       0x76 /usr/lib/gcc/arm-none-eabi/12.2.0/../../../../arm-none-eabi/lib/thumb/v7e-m+fp/hard/libc.a(libc_a-fini.o)
                                0x1f8 (size before relaxing)
 .debug_str     0x0000183f      0x250 /usr/lib/gcc/arm-none-eabi/12.2.0/../../../../arm-none-eabi/lib/thumb/v7e-m+fp/hard/libc.a(libc_a-lock.o)
                                0x334 (size before relaxing)
 .debug_str     0x00001a8f       0xa4 /usr/lib/gcc/arm-none-eabi/12.2.0/../../../../arm-none-eabi/lib/thumb/v7e-m+fp/hard/libc.a(libc_a-__atexit.o)
                                0x2d5 (size before relaxing)
 .debug_str     0x00001b33       0x89 /usr/lib/gcc/arm-none-eabi/12.2.0/../../../../arm-none-eabi/lib/thumb/v7e-m+fp/hard/libc.a(libc_a-__call_atexit.o)
                                0x2fe (size before relaxing)
 .debug_str     0x00001bbc      0x228 lib/libstm32.a(io.o)
                                0x94a (size before relaxing)
 .debug_str     0x00001de4       0x6b lib/libstm32.a(uart.o)
                                0x8b5 (size before relaxing)
 .debug_str     0x00001e4f       0x29 lib/libstm32.a(util.o)
                                0x13c (size before relaxing)
 .debug_str     0x00001e78      0x1e1 lib/libstm32.a(lcd_128x32.o)
                                0x4f1 (size before relaxing)
 .debug_str     0x00002059       0x4b lib/libstm32.a(sw.o)
                                0x275 (size before relaxing)
 .debug_str     0x000020a4       0xbf lib/libstm32.a(spi.o)
                                0x900 (size before relaxing)
 .debug_str     0x00002163      0x132 lib/libstm32.a(timer.o)
                                0x934 (size before relaxing)

.comment        0x00000000       0x8c
 .comment       0x00000000       0x1e startup/stm32f411_periph.o
                                 0x1f (size before relaxing)
 .comment       0x0000001e       0x1f startup/sys_handlers.o
 .comment       0x0000001e       0x1f startup/rcc.o
 .comment       0x0000001e       0x1f startup/system_stm32f4xx.o
 .comment       0x0000001e       0x1f lib/adc.o
 .comment       0x0000001e       0x1f src/main_adc_irq.o
 .comment       0x0000001e       0x1f /usr/lib/gcc/arm-none-eabi/12.2.0/../../../../arm-none-eabi/lib/thumb/v7e-m+fp/hard/libc.a(libc_a-atexit.o)
 .comment       0x0000001e       0x1f /usr/lib/gcc/arm-none-eabi/12.2.0/../../../../arm-none-eabi/lib/thumb/v7e-m+fp/hard/libc.a(libc_a-memset.o)
 .comment       0x0000001e       0x1f /usr/lib/gcc/arm-none-eabi/12.2.0/../../../../arm-none-eabi/lib/thumb/v7e-m+fp/hard/libc.a(libc_a-init.o)
 .comment       0x0000001e       0x1f /usr/lib/gcc/arm-none-eabi/12.2.0/../../../../arm-none-eabi/lib/thumb/v7e-m+fp/hard/libc.a(libc_a-fini.o)
 .comment       0x0000001e       0x1f /usr/lib/gcc/arm-none-eabi/12.2.0/../../../../arm-none-eabi/lib/thumb/v7e-m+fp/hard/libc.a(libc_a-lock.o)
 .comment       0x0000001e       0x1f /usr/lib/gcc/arm-none-eabi/12.2.0/../../../../arm-none-eabi/lib/thumb/v7e-m+fp/hard/libc.a(libc_a-__atexit.o)
 .comment       0x0000001e       0x1f /usr/lib/gcc/arm-none-eabi/12.2.0/../../../../arm-none-eabi/lib/thumb/v7e-m+fp/hard/libc.a(libc_a-__call_atexit.o)
 .comment       0x0000001e       0x6e lib/libstm32.a(io.o)
                                 0x6f (size before relaxing)
 .comment       0x0000008c       0x6f lib/libstm32.a(uart.o)
 .comment       0x0000008c       0x6f lib/libstm32.a(util.o)
 .comment       0x0000008c       0x6f lib/libstm32.a(lcd_128x32.o)
 .comment       0x0000008c       0x6f lib/libstm32.a(sw.o)
 .comment       0x0000008c       0x6f lib/libstm32.a(spi.o)
 .comment       0x0000008c       0x6f lib/libstm32.a(timer.o)

.debug_frame    0x00000000      0xde4
 .debug_frame   0x00000000       0xa0 startup/sys_handlers.o
 .debug_frame   0x000000a0       0x74 startup/rcc.o
 .debug_frame   0x00000114       0x40 startup/system_stm32f4xx.o
 .debug_frame   0x00000154      0x10c lib/adc.o
 .debug_frame   0x00000260       0xc4 src/main_adc_irq.o
 .debug_frame   0x00000324       0x20 /usr/lib/gcc/arm-none-eabi/12.2.0/../../../../arm-none-eabi/lib/thumb/v7e-m+fp/hard/libc.a(libc_a-atexit.o)
 .debug_frame   0x00000344       0x2c /usr/lib/gcc/arm-none-eabi/12.2.0/../../../../arm-none-eabi/lib/thumb/v7e-m+fp/hard/libc.a(libc_a-memset.o)
 .debug_frame   0x00000370       0x2c /usr/lib/gcc/arm-none-eabi/12.2.0/../../../../arm-none-eabi/lib/thumb/v7e-m+fp/hard/libc.a(libc_a-init.o)
 .debug_frame   0x0000039c       0x34 /usr/lib/gcc/arm-none-eabi/12.2.0/../../../../arm-none-eabi/lib/thumb/v7e-m+fp/hard/libc.a(libc_a-fini.o)
 .debug_frame   0x000003d0       0xb0 /usr/lib/gcc/arm-none-eabi/12.2.0/../../../../arm-none-eabi/lib/thumb/v7e-m+fp/hard/libc.a(libc_a-lock.o)
 .debug_frame   0x00000480       0x34 /usr/lib/gcc/arm-none-eabi/12.2.0/../../../../arm-none-eabi/lib/thumb/v7e-m+fp/hard/libc.a(libc_a-__atexit.o)
 .debug_frame   0x000004b4       0x5c /usr/lib/gcc/arm-none-eabi/12.2.0/../../../../arm-none-eabi/lib/thumb/v7e-m+fp/hard/libc.a(libc_a-__call_atexit.o)
 .debug_frame   0x00000510      0x180 lib/libstm32.a(io.o)
 .debug_frame   0x00000690      0x10c lib/libstm32.a(uart.o)
 .debug_frame   0x0000079c       0x40 lib/libstm32.a(util.o)
 .debug_frame   0x000007dc      0x2c0 lib/libstm32.a(lcd_128x32.o)
 .debug_frame   0x00000a9c       0xc0 lib/libstm32.a(sw.o)
 .debug_frame   0x00000b5c       0xe8 lib/libstm32.a(spi.o)
 .debug_frame   0x00000c44      0x1a0 lib/libstm32.a(timer.o)

.debug_rnglists
                0x00000000       0xfc
 .debug_rnglists
                0x00000000       0x22 lib/adc.o
 .debug_rnglists
                0x00000022       0x13 /usr/lib/gcc/arm-none-eabi/12.2.0/../../../../arm-none-eabi/lib/thumb/v7e-m+fp/hard/libc.a(libc_a-atexit.o)
 .debug_rnglists
                0x00000035       0x14 /usr/lib/gcc/arm-none-eabi/12.2.0/../../../../arm-none-eabi/lib/thumb/v7e-m+fp/hard/libc.a(libc_a-memset.o)
 .debug_rnglists
                0x00000049       0x13 /usr/lib/gcc/arm-none-eabi/12.2.0/../../../../arm-none-eabi/lib/thumb/v7e-m+fp/hard/libc.a(libc_a-init.o)
 .debug_rnglists
                0x0000005c       0x13 /usr/lib/gcc/arm-none-eabi/12.2.0/../../../../arm-none-eabi/lib/thumb/v7e-m+fp/hard/libc.a(libc_a-fini.o)
 .debug_rnglists
                0x0000006f       0x49 /usr/lib/gcc/arm-none-eabi/12.2.0/../../../../arm-none-eabi/lib/thumb/v7e-m+fp/hard/libc.a(libc_a-lock.o)
 .debug_rnglists
                0x000000b8       0x14 /usr/lib/gcc/arm-none-eabi/12.2.0/../../../../arm-none-eabi/lib/thumb/v7e-m+fp/hard/libc.a(libc_a-__atexit.o)
 .debug_rnglists
                0x000000cc       0x30 /usr/lib/gcc/arm-none-eabi/12.2.0/../../../../arm-none-eabi/lib/thumb/v7e-m+fp/hard/libc.a(libc_a-__call_atexit.o)

.debug_ranges   0x00000000       0x38
 .debug_ranges  0x00000000       0x20 startup/startup_stm32f411xe.o
 .debug_ranges  0x00000020       0x18 lib/libstm32.a(spi.o)

.debug_loclists
                0x00000000      0x47c
 .debug_loclists
                0x00000000       0x2a /usr/lib/gcc/arm-none-eabi/12.2.0/../../../../arm-none-eabi/lib/thumb/v7e-m+fp/hard/libc.a(libc_a-atexit.o)
 .debug_loclists
                0x0000002a      0x1cf /usr/lib/gcc/arm-none-eabi/12.2.0/../../../../arm-none-eabi/lib/thumb/v7e-m+fp/hard/libc.a(libc_a-memset.o)
 .debug_loclists
                0x000001f9       0x6f /usr/lib/gcc/arm-none-eabi/12.2.0/../../../../arm-none-eabi/lib/thumb/v7e-m+fp/hard/libc.a(libc_a-init.o)
 .debug_loclists
                0x00000268       0x4c /usr/lib/gcc/arm-none-eabi/12.2.0/../../../../arm-none-eabi/lib/thumb/v7e-m+fp/hard/libc.a(libc_a-fini.o)
 .debug_loclists
                0x000002b4       0x23 /usr/lib/gcc/arm-none-eabi/12.2.0/../../../../arm-none-eabi/lib/thumb/v7e-m+fp/hard/libc.a(libc_a-lock.o)
 .debug_loclists
                0x000002d7       0x8e /usr/lib/gcc/arm-none-eabi/12.2.0/../../../../arm-none-eabi/lib/thumb/v7e-m+fp/hard/libc.a(libc_a-__atexit.o)
 .debug_loclists
                0x00000365      0x117 /usr/lib/gcc/arm-none-eabi/12.2.0/../../../../arm-none-eabi/lib/thumb/v7e-m+fp/hard/libc.a(libc_a-__call_atexit.o)
