Archive member included to satisfy reference by file (symbol)

/usr/lib/gcc/arm-none-eabi/12.2.0/../../../../arm-none-eabi/lib/thumb/v7e-m+fp/hard/libc.a(libc_a-atexit.o)
                              /usr/lib/gcc/arm-none-eabi/12.2.0/../../../../arm-none-eabi/lib/thumb/v7e-m+fp/hard/crt0.o (atexit)
/usr/lib/gcc/arm-none-eabi/12.2.0/../../../../arm-none-eabi/lib/thumb/v7e-m+fp/hard/libc.a(libc_a-exit.o)
                              /usr/lib/gcc/arm-none-eabi/12.2.0/../../../../arm-none-eabi/lib/thumb/v7e-m+fp/hard/crt0.o (exit)
/usr/lib/gcc/arm-none-eabi/12.2.0/../../../../arm-none-eabi/lib/thumb/v7e-m+fp/hard/libc.a(libc_a-findfp.o)
                              /usr/lib/gcc/arm-none-eabi/12.2.0/../../../../arm-none-eabi/lib/thumb/v7e-m+fp/hard/libc.a(libc_a-exit.o) (__stdio_exit_handler)
/usr/lib/gcc/arm-none-eabi/12.2.0/../../../../arm-none-eabi/lib/thumb/v7e-m+fp/hard/libc.a(libc_a-fwalk.o)
                              /usr/lib/gcc/arm-none-eabi/12.2.0/../../../../arm-none-eabi/lib/thumb/v7e-m+fp/hard/libc.a(libc_a-findfp.o) (_fwalk_sglue)
/usr/lib/gcc/arm-none-eabi/12.2.0/../../../../arm-none-eabi/lib/thumb/v7e-m+fp/hard/libc.a(libc_a-stdio.o)
                              /usr/lib/gcc/arm-none-eabi/12.2.0/../../../../arm-none-eabi/lib/thumb/v7e-m+fp/hard/libc.a(libc_a-findfp.o) (__sread)
/usr/lib/gcc/arm-none-eabi/12.2.0/../../../../arm-none-eabi/lib/thumb/v7e-m+fp/hard/libc.a(libc_a-memset.o)
                              /usr/lib/gcc/arm-none-eabi/12.2.0/../../../../arm-none-eabi/lib/thumb/v7e-m+fp/hard/crt0.o (memset)
/usr/lib/gcc/arm-none-eabi/12.2.0/../../../../arm-none-eabi/lib/thumb/v7e-m+fp/hard/libc.a(libc_a-closer.o)
                              /usr/lib/gcc/arm-none-eabi/12.2.0/../../../../arm-none-eabi/lib/thumb/v7e-m+fp/hard/libc.a(libc_a-stdio.o) (_close_r)
/usr/lib/gcc/arm-none-eabi/12.2.0/../../../../arm-none-eabi/lib/thumb/v7e-m+fp/hard/libc.a(libc_a-reent.o)
                              /usr/lib/gcc/arm-none-eabi/12.2.0/../../../../arm-none-eabi/lib/thumb/v7e-m+fp/hard/libc.a(libc_a-closer.o) (errno)
/usr/lib/gcc/arm-none-eabi/12.2.0/../../../../arm-none-eabi/lib/thumb/v7e-m+fp/hard/libc.a(libc_a-impure.o)
                              /usr/lib/gcc/arm-none-eabi/12.2.0/../../../../arm-none-eabi/lib/thumb/v7e-m+fp/hard/libc.a(libc_a-reent.o) (_impure_ptr)
/usr/lib/gcc/arm-none-eabi/12.2.0/../../../../arm-none-eabi/lib/thumb/v7e-m+fp/hard/libc.a(libc_a-lseekr.o)
                              /usr/lib/gcc/arm-none-eabi/12.2.0/../../../../arm-none-eabi/lib/thumb/v7e-m+fp/hard/libc.a(libc_a-stdio.o) (_lseek_r)
/usr/lib/gcc/arm-none-eabi/12.2.0/../../../../arm-none-eabi/lib/thumb/v7e-m+fp/hard/libc.a(libc_a-readr.o)
                              /usr/lib/gcc/arm-none-eabi/12.2.0/../../../../arm-none-eabi/lib/thumb/v7e-m+fp/hard/libc.a(libc_a-stdio.o) (_read_r)
/usr/lib/gcc/arm-none-eabi/12.2.0/../../../../arm-none-eabi/lib/thumb/v7e-m+fp/hard/libc.a(libc_a-writer.o)
                              /usr/lib/gcc/arm-none-eabi/12.2.0/../../../../arm-none-eabi/lib/thumb/v7e-m+fp/hard/libc.a(libc_a-stdio.o) (_write_r)
/usr/lib/gcc/arm-none-eabi/12.2.0/../../../../arm-none-eabi/lib/thumb/v7e-m+fp/hard/libc.a(libc_a-init.o)
                              /usr/lib/gcc/arm-none-eabi/12.2.0/../../../../arm-none-eabi/lib/thumb/v7e-m+fp/hard/crt0.o (__libc_init_array)
/usr/lib/gcc/arm-none-eabi/12.2.0/../../../../arm-none-eabi/lib/thumb/v7e-m+fp/hard/libc.a(libc_a-fini.o)
                              /usr/lib/gcc/arm-none-eabi/12.2.0/../../../../arm-none-eabi/lib/thumb/v7e-m+fp/hard/crt0.o (__libc_fini_array)
/usr/lib/gcc/arm-none-eabi/12.2.0/../../../../arm-none-eabi/lib/thumb/v7e-m+fp/hard/libc.a(libc_a-lock.o)
                              /usr/lib/gcc/arm-none-eabi/12.2.0/../../../../arm-none-eabi/lib/thumb/v7e-m+fp/hard/libc.a(libc_a-findfp.o) (__retarget_lock_init_recursive)
/usr/lib/gcc/arm-none-eabi/12.2.0/../../../../arm-none-eabi/lib/thumb/v7e-m+fp/hard/libc.a(libc_a-__atexit.o)
                              /usr/lib/gcc/arm-none-eabi/12.2.0/../../../../arm-none-eabi/lib/thumb/v7e-m+fp/hard/libc.a(libc_a-atexit.o) (__register_exitproc)
/usr/lib/gcc/arm-none-eabi/12.2.0/../../../../arm-none-eabi/lib/thumb/v7e-m+fp/hard/libc.a(libc_a-__call_atexit.o)
                              /usr/lib/gcc/arm-none-eabi/12.2.0/../../../../arm-none-eabi/lib/thumb/v7e-m+fp/hard/libc.a(libc_a-exit.o) (__call_exitprocs)
/usr/lib/gcc/arm-none-eabi/12.2.0/../../../../arm-none-eabi/lib/thumb/v7e-m+fp/hard/libc.a(libc_a-freer.o)
                              /usr/lib/gcc/arm-none-eabi/12.2.0/../../../../arm-none-eabi/lib/thumb/v7e-m+fp/hard/libc.a(libc_a-reent.o) (_free_r)
/usr/lib/gcc/arm-none-eabi/12.2.0/../../../../arm-none-eabi/lib/thumb/v7e-m+fp/hard/libc.a(libc_a-mallocr.o)
                              /usr/lib/gcc/arm-none-eabi/12.2.0/../../../../arm-none-eabi/lib/thumb/v7e-m+fp/hard/libc.a(libc_a-findfp.o) (_malloc_r)
[...]
Memory Configuration

Name             Origin             Length             Attributes
FLASH            0x0000000008000000 0x0000000000080000 xr
RAM              0x0000000020000000 0x0000000000020000 xrw
*default*        0x0000000000000000 0xffffffffffffffff

Linker script and memory map

LOAD /usr/lib/gcc/arm-none-eabi/12.2.0/thumb/v7e-m+fp/hard/crti.o
LOAD /usr/lib/gcc/arm-none-eabi/12.2.0/thumb/v7e-m+fp/hard/crtbegin.o
LOAD /usr/lib/gcc/arm-none-eabi/12.2.0/../../../../arm-none-eabi/lib/thumb/v7e-m+fp/hard/crt0.o
LOAD startup/stm32f411_periph.o
LOAD startup/sys_handlers.o
LOAD startup/rcc.o
LOAD startup/system_stm32f4xx.o
LOAD lib/adc.o
LOAD src/main_adc_irq.o
LOAD startup/startup_stm32f411xe.o
LOAD /usr/lib/gcc/arm-none-eabi/12.2.0/../../../../arm-none-eabi/lib/thumb/v7e-m+fp/hard/libc.a
LOAD /usr/lib/gcc/arm-none-eabi/12.2.0/thumb/v7e-m+fp/hard/libgcc.a
LOAD /usr/lib/gcc/arm-none-eabi/12.2.0/thumb/v7e-m+fp/hard/libgcov.a
LOAD /usr/lib/gcc/arm-none-eabi/12.2.0/../../../../arm-none-eabi/lib/thumb/v7e-m+fp/hard/libm.a
LOAD lib/libstm32.a
START GROUP
LOAD /usr/lib/gcc/arm-none-eabi/12.2.0/thumb/v7e-m+fp/hard/libgcc.a
LOAD /usr/lib/gcc/arm-none-eabi/12.2.0/../../../../arm-none-eabi/lib/thumb/v7e-m+fp/hard/libc.a
END GROUP
LOAD /usr/lib/gcc/arm-none-eabi/12.2.0/thumb/v7e-m+fp/hard/crtend.o
LOAD /usr/lib/gcc/arm-none-eabi/12.2.0/thumb/v7e-m+fp/hard/crtn.o
                0x0000000020020000                _estack = 0x20020000
                0x0000000000000200                _Min_Heap_Size = 0x200
                0x0000000000000400                _Min_Stack_Size = 0x400

.isr_vector     0x0000000008000000      0x198
                0x0000000008000000                . = ALIGN (0x4)
 *(.isr_vector)
 .isr_vector    0x0000000008000000      0x198 startup/startup_stm32f411xe.o
                0x0000000008000000                g_pfnVectors
                0x0000000008000198                . = ALIGN (0x4)

.text           0x0000000008000198     0x3a14
                0x0000000008000198                . = ALIGN (0x4)
 *(.text)
 .text          0x0000000008000198       0x24 startup/sys_handlers.o
                0x0000000008000198                NMI_Handler
                0x000000000800019c                HardFault_Handler
                0x00000000080001a0                MemManage_Handler
                0x00000000080001a4                BusFault_Handler
                0x00000000080001a8                UsageFault_Handler
                0x00000000080001ac                SVC_Handler
                0x00000000080001b0                DebugMon_Handler
                0x00000000080001b4                PendSV_Handler
                0x00000000080001b8                SysTick_Handler
 .text          0x00000000080001bc      0x3ec startup/rcc.o
                0x00000000080003cc                rcc_config_clock
 .text          0x00000000080005a8      0x16c startup/system_stm32f4xx.o
                0x00000000080005a8                SystemInit
                0x000000000800061c                SystemCoreClockUpdate
 .text          0x0000000008000714      0x65c lib/adc.o
                0x0000000008000714                ADC_IRQHandler
                0x00000000080007f8                adc_init
                0x00000000080008c0                adc_channel_sample
                0x00000000080009a8                adc_channel_enable
                0x0000000008000a24                adc_set_trigger_evt
                0x0000000008000b94                adc_start
                0x0000000008000baa                adc_stop
                0x0000000008000bc0                adc_get_sampling_freq
 .text          0x0000000008000d70      0x2dc src/main_adc_irq.o
                0x0000000008000d70                clear
                0x0000000008000d8c                gotoxy
                0x0000000008000ee8                main
 .text          0x000000000800104c      0x8f0 lib/libstm32.a(io.o)
                0x00000000080010c8                EXTI0_IRQHandler
                0x00000000080010ec                EXTI1_IRQHandler
                0x0000000008001110                EXTI2_IRQHandler
                0x0000000008001134                EXTI3_IRQHandler
                0x0000000008001158                EXTI4_IRQHandler
                0x000000000800117c                EXTI9_5_IRQHandler
                0x000000000800124c                EXTI15_10_IRQHandler
                0x0000000008001348                io_configure
                0x0000000008001878                io_read
                0x0000000008001894                io_write
                0x00000000080018d0                io_write_n
                0x0000000008001908                io_set
                0x0000000008001920                io_clear
 .text          0x000000000800193c      0x404 lib/libstm32.a(uart.o)
                0x00000000080019b8                USART2_IRQHandler
                0x0000000008001a4c                uart_init
                0x0000000008001b7c                uart_getc
                0x0000000008001b9c                uart_getchar
                0x0000000008001bc0                uart_putc
                0x0000000008001be8                uart_puts
                0x0000000008001c18                uart_printf
 .text          0x0000000008001d40      0x138 lib/libstm32.a(util.o)
                0x0000000008001d40                num2str
                0x0000000008001ddc                str2num
 .text          0x0000000008001e78      0xcfc lib/libstm32.a(lcd_128x32.o)
                0x0000000008001fc0                lcd_reset
                0x00000000080020b8                lcd_set_contrast
                0x00000000080020e8                lcd_get_contrast
                0x00000000080020f4                lcd_width
                0x00000000080020fc                lcd_height
                0x0000000008002104                lcd_invert
                0x0000000008002128                lcd_setmode
                0x000000000800213c                lcd_get_autoup
                0x0000000008002148                lcd_set_autoup
                0x0000000008002284                locate
                0x00000000080022a4                cls
                0x00000000080022c8                line
                0x000000000800240c                rect
                0x00000000080024d8                fillrect
                0x0000000008002558                circle
                0x0000000008002708                fillcircle
                0x0000000008002760                bitmap
                0x0000000008002970                lcd_putc
                0x00000000080029ec                lcd_puts
                0x0000000008002a3c                lcd_printf
 .text          0x0000000008002b74      0x20c lib/libstm32.a(sw.o)
                0x0000000008002b74                sw_init
                0x0000000008002bb4                sw_right
                0x0000000008002bfc                sw_left
                0x0000000008002c44                sw_up
                0x0000000008002c8c                sw_down
                0x0000000008002cd4                sw_center
                0x0000000008002d1c                sw_input
 .text          0x0000000008002d80      0x308 lib/libstm32.a(spi.o)
                0x0000000008002dfc                SPI1_IRQHandler
                0x0000000008002ea8                SPI2_IRQHandler
                0x0000000008002eac                SPI3_IRQHandler
                0x0000000008002eb0                SPI4_IRQHandler
                0x0000000008002eb4                SPI5_IRQHandler
                0x0000000008002eb8                spi_master_init
                0x0000000008002fe0                spi_write
                0x0000000008003050                spi_write_byte
 .text          0x0000000008003088      0x8b8 lib/libstm32.a(timer.o)
                0x0000000008003104                TIM2_IRQHandler
                0x0000000008003130                TIM3_IRQHandler
                0x000000000800315c                TIM4_IRQHandler
                0x0000000008003188                TIM5_IRQHandler
                0x00000000080031b4                timer_wait_ms
                0x000000000800334c                timer_wait_us
                0x00000000080034dc                timer_tick_init
                0x000000000800365c                timer_tick_period
                0x0000000008003680                timer_start
                0x000000000800369c                timer_stop
                0x00000000080036b4                pwm_init
                0x0000000008003818                pwm_channel_enable
                0x00000000080038d8                pwm_channel_disable
                0x00000000080038fc                pwm_channel_set
 *(.text*)
 .text.__do_global_dtors_aux
                0x0000000008003940       0x24 /usr/lib/gcc/arm-none-eabi/12.2.0/thumb/v7e-m+fp/hard/crtbegin.o
 .text.frame_dummy
                0x0000000008003964       0x1c /usr/lib/gcc/arm-none-eabi/12.2.0/thumb/v7e-m+fp/hard/crtbegin.o
 .text.Reset_Handler
                0x0000000008003980       0x4c startup/startup_stm32f411xe.o
                0x0000000008003980                Reset_Handler
                0x00000000080039b2                _exit
 .text.Default_Handler
                0x00000000080039cc        0x2 startup/startup_stm32f411xe.o
                0x00000000080039cc                RTC_Alarm_IRQHandler
                0x00000000080039cc                TIM1_CC_IRQHandler
                0x00000000080039cc                DMA2_Stream5_IRQHandler
                0x00000000080039cc                DMA1_Stream5_IRQHandler
                0x00000000080039cc                PVD_IRQHandler
                0x00000000080039cc                SDIO_IRQHandler
                0x00000000080039cc                TAMP_STAMP_IRQHandler
                0x00000000080039cc                TIM1_UP_TIM10_IRQHandler
                0x00000000080039cc                I2C3_ER_IRQHandler
                0x00000000080039cc                I2C2_EV_IRQHandler
                0x00000000080039cc                DMA1_Stream2_IRQHandler
                0x00000000080039cc                FPU_IRQHandler
                0x00000000080039cc                DMA2_Stream2_IRQHandler
                0x00000000080039cc                TIM1_BRK_TIM9_IRQHandler
                0x00000000080039cc                DMA2_Stream3_IRQHandler
                0x00000000080039cc                USART6_IRQHandler
                0x00000000080039cc                DMA2_Stream0_IRQHandler
                0x00000000080039cc                I2C1_EV_IRQHandler
                0x00000000080039cc                DMA1_Stream6_IRQHandler
                0x00000000080039cc                DMA1_Stream1_IRQHandler
                0x00000000080039cc                RCC_IRQHandler
                0x00000000080039cc                Default_Handler
                0x00000000080039cc                DMA1_Stream7_IRQHandler
                0x00000000080039cc                DMA2_Stream7_IRQHandler
                0x00000000080039cc                I2C3_EV_IRQHandler
                0x00000000080039cc                RTC_WKUP_IRQHandler
                0x00000000080039cc                DMA1_Stream0_IRQHandler
                0x00000000080039cc                WWDG_IRQHandler
                0x00000000080039cc                OTG_FS_WKUP_IRQHandler
                0x00000000080039cc                TIM1_TRG_COM_TIM11_IRQHandler
                0x00000000080039cc                I2C2_ER_IRQHandler
                0x00000000080039cc                DMA2_Stream1_IRQHandler
                0x00000000080039cc                FLASH_IRQHandler
                0x00000000080039cc                DMA2_Stream4_IRQHandler
                0x00000000080039cc                USART1_IRQHandler
                0x00000000080039cc                OTG_FS_IRQHandler
                0x00000000080039cc                DMA1_Stream4_IRQHandler
                0x00000000080039cc                I2C1_ER_IRQHandler
                0x00000000080039cc                DMA2_Stream6_IRQHandler
                0x00000000080039cc                DMA1_Stream3_IRQHandler
 *fill*         0x00000000080039ce        0x2 
 .text.atexit   0x00000000080039d0        0xc /usr/lib/gcc/arm-none-eabi/12.2.0/../../../../arm-none-eabi/lib/thumb/v7e-m+fp/hard/libc.a(libc_a-atexit.o)
                0x00000000080039d0                atexit
 .text.memset   0x00000000080039dc       0xa4 /usr/lib/gcc/arm-none-eabi/12.2.0/../../../../arm-none-eabi/lib/thumb/v7e-m+fp/hard/libc.a(libc_a-memset.o)
                0x00000000080039dc                memset
 .text.__libc_init_array
                0x0000000008003a80       0x50 /usr/lib/gcc/arm-none-eabi/12.2.0/../../../../arm-none-eabi/lib/thumb/v7e-m+fp/hard/libc.a(libc_a-init.o)
                0x0000000008003a80                __libc_init_array
 .text.__libc_fini_array
                0x0000000008003ad0       0x28 /usr/lib/gcc/arm-none-eabi/12.2.0/../../../../arm-none-eabi/lib/thumb/v7e-m+fp/hard/libc.a(libc_a-fini.o)
                0x0000000008003ad0                __libc_fini_array
 .text.__retarget_lock_acquire_recursive
                0x0000000008003af8        0x4 /usr/lib/gcc/arm-none-eabi/12.2.0/../../../../arm-none-eabi/lib/thumb/v7e-m+fp/hard/libc.a(libc_a-lock.o)
                0x0000000008003af8                __retarget_lock_acquire_recursive
 .text.__retarget_lock_release_recursive
                0x0000000008003afc        0x4 /usr/lib/gcc/arm-none-eabi/12.2.0/../../../../arm-none-eabi/lib/thumb/v7e-m+fp/hard/libc.a(libc_a-lock.o)
                0x0000000008003afc                __retarget_lock_release_recursive
 .text.__register_exitproc
                0x0000000008003b00       0x80 /usr/lib/gcc/arm-none-eabi/12.2.0/../../../../arm-none-eabi/lib/thumb/v7e-m+fp/hard/libc.a(libc_a-__atexit.o)
                0x0000000008003b00                __register_exitproc
 .text.startup.register_fini
                0x0000000008003b80       0x14 /usr/lib/gcc/arm-none-eabi/12.2.0/../../../../arm-none-eabi/lib/thumb/v7e-m+fp/hard/libc.a(libc_a-__call_atexit.o)
 *(.glue_7)
 .glue_7        0x0000000008003b94        0x0 linker stubs
 *(.glue_7t)
 .glue_7t       0x0000000008003b94        0x0 linker stubs
 *(.eh_frame)
 .eh_frame      0x0000000008003b94        0x0 /usr/lib/gcc/arm-none-eabi/12.2.0/thumb/v7e-m+fp/hard/crtbegin.o
 *(.init)
 .init          0x0000000008003b94        0x4 /usr/lib/gcc/arm-none-eabi/12.2.0/thumb/v7e-m+fp/hard/crti.o
                0x0000000008003b94                _init
 .init          0x0000000008003b98        0x8 /usr/lib/gcc/arm-none-eabi/12.2.0/thumb/v7e-m+fp/hard/crtn.o
 *(.fini)
 .fini          0x0000000008003ba0        0x4 /usr/lib/gcc/arm-none-eabi/12.2.0/thumb/v7e-m+fp/hard/crti.o
                0x0000000008003ba0                _fini
 .fini          0x0000000008003ba4        0x8 /usr/lib/gcc/arm-none-eabi/12.2.0/thumb/v7e-m+fp/hard/crtn.o
                0x0000000008003bac                . = ALIGN (0x4)
                0x0000000008003bac                _etext = .

.vfp11_veneer   0x0000000008003bac        0x0
 .vfp11_veneer  0x0000000008003bac        0x0 linker stubs

.v4_bx          0x0000000008003bac        0x0
 .v4_bx         0x0000000008003bac        0x0 linker stubs

.iplt           0x0000000008003bac        0x0
 .iplt          0x0000000008003bac        0x0 /usr/lib/gcc/arm-none-eabi/12.2.0/thumb/v7e-m+fp/hard/crtbegin.o

.rodata         0x0000000008003bac      0x928
                0x0000000008003bac                . = ALIGN (0x4)
 *(.rodata)
 .rodata        0x0000000008003bac      0x114 startup/stm32f411_periph.o
                0x0000000008003bac                _SCnSCB
                0x0000000008003bb0                _SCB
                0x0000000008003bb4                _SysTick
                0x0000000008003bb8                _NVIC
                0x0000000008003bbc                _ITM
                0x0000000008003bc0                _DWT
                0x0000000008003bc4                _TPI
                0x0000000008003bc8                _CoreDebug
                0x0000000008003bcc                _MPU
                0x0000000008003bd0                _FPU
                0x0000000008003bd4                _TIM2
                0x0000000008003bd8                _TIM3
                0x0000000008003bdc                _TIM4
                0x0000000008003be0                _TIM5
                0x0000000008003be4                _RTC
                0x0000000008003be8                _WWDG
                0x0000000008003bec                _IWDG
                0x0000000008003bf0                _I2S2ext
                0x0000000008003bf4                _SPI2
                0x0000000008003bf8                _SPI3
                0x0000000008003bfc                _I2S3ext
                0x0000000008003c00                _USART2
                0x0000000008003c04                _I2C1
                0x0000000008003c08                _I2C2
                0x0000000008003c0c                _I2C3
                0x0000000008003c10                _PWR
                0x0000000008003c14                _TIM1
                0x0000000008003c18                _USART1
                0x0000000008003c1c                _USART6
                0x0000000008003c20                _ADC1
                0x0000000008003c24                _ADC
                0x0000000008003c28                _SDIO
                0x0000000008003c2c                _SPI1
                0x0000000008003c30                _SPI4
                0x0000000008003c34                _SYSCFG
                0x0000000008003c38                _EXTI
                0x0000000008003c3c                _TIM9
                0x0000000008003c40                _TIM10
                0x0000000008003c44                _TIM11
                0x0000000008003c48                _SPI5
                0x0000000008003c4c                _GPIOA
                0x0000000008003c50                _GPIOB
                0x0000000008003c54                _GPIOC
                0x0000000008003c58                _GPIOD
                0x0000000008003c5c                _GPIOE
                0x0000000008003c60                _GPIOH
                0x0000000008003c64                _CRC
                0x0000000008003c68                _RCC
                0x0000000008003c6c                _FLASH
                0x0000000008003c70                _DMA1
                0x0000000008003c74                _DMA1_Stream0
                0x0000000008003c78                _DMA1_Stream1
                0x0000000008003c7c                _DMA1_Stream2
                0x0000000008003c80                _DMA1_Stream3
                0x0000000008003c84                _DMA1_Stream4
                0x0000000008003c88                _DMA1_Stream5
                0x0000000008003c8c                _DMA1_Stream6
                0x0000000008003c90                _DMA1_Stream7
                0x0000000008003c94                _DMA2
                0x0000000008003c98                _DMA2_Stream0
                0x0000000008003c9c                _DMA2_Stream1
                0x0000000008003ca0                _DMA2_Stream2
                0x0000000008003ca4                _DMA2_Stream3
                0x0000000008003ca8                _DMA2_Stream4
                0x0000000008003cac                _DMA2_Stream5
                0x0000000008003cb0                _DMA2_Stream6
                0x0000000008003cb4                _DMA2_Stream7
                0x0000000008003cb8                _DBGMCU
                0x0000000008003cbc                _USB_OTG_FS
 .rodata        0x0000000008003cc0       0x10 startup/system_stm32f4xx.o
                0x0000000008003cc0                AHBPrescTable
 .rodata        0x0000000008003cd0       0x98 src/main_adc_irq.o
 .rodata        0x0000000008003d68      0x724 lib/libstm32.a(lcd_128x32.o)
 *(.rodata*)
 .rodata.all_implied_fbits
                0x000000000800448c       0x24 /usr/lib/gcc/arm-none-eabi/12.2.0/thumb/v7e-m+fp/hard/crtbegin.o
 .rodata.all_implied_fbits
                0x00000000080044b0       0x24 /usr/lib/gcc/arm-none-eabi/12.2.0/thumb/v7e-m+fp/hard/crtend.o
                0x00000000080044d4                . = ALIGN (0x4)

.rel.dyn        0x00000000080044d4        0x0
 .rel.iplt      0x00000000080044d4        0x0 /usr/lib/gcc/arm-none-eabi/12.2.0/thumb/v7e-m+fp/hard/crtbegin.o

.ARM.extab
 *(.ARM.extab* .gnu.linkonce.armextab.*)

.ARM            0x00000000080044d4        0x0
                0x00000000080044d4                __exidx_start = .
 *(.ARM.exidx*)
                0x00000000080044d4                __exidx_end = .

.preinit_array  0x00000000080044d4        0x0
                0x00000000080044d4                PROVIDE (__preinit_array_start = .)
 *(.preinit_array*)
                0x00000000080044d4                PROVIDE (__preinit_array_end = .)

.init_array     0x00000000080044d4        0x8
                0x00000000080044d4                PROVIDE (__init_array_start = .)
 *(SORT_BY_NAME(.init_array.*))
 .init_array.00000
                0x00000000080044d4        0x4 /usr/lib/gcc/arm-none-eabi/12.2.0/../../../../arm-none-eabi/lib/thumb/v7e-m+fp/hard/libc.a(libc_a-__call_atexit.o)
 *(.init_array*)
 .init_array    0x00000000080044d8        0x4 /usr/lib/gcc/arm-none-eabi/12.2.0/thumb/v7e-m+fp/hard/crtbegin.o
                0x00000000080044dc                PROVIDE (__init_array_end = .)

.fini_array     0x00000000080044dc        0x4
                0x00000000080044dc                PROVIDE (__fini_array_start = .)
 *(SORT_BY_NAME(.fini_array.*))
 *(.fini_array*)
 .fini_array    0x00000000080044dc        0x4 /usr/lib/gcc/arm-none-eabi/12.2.0/thumb/v7e-m+fp/hard/crtbegin.o
                0x00000000080044e0                PROVIDE (__fini_array_end = .)
                0x00000000080044e0                _sidata = LOADADDR (.data)

.data           0x0000000020000000       0xcc load address 0x00000000080044e0
                0x0000000020000000                . = ALIGN (0x4)
                0x0000000020000000                _sdata = .
 *(.data)
 .data          0x0000000020000000       0xa8 startup/rcc.o
 .data          0x00000000200000a8        0x4 startup/system_stm32f4xx.o
                0x00000000200000a8                SystemCoreClock
 .data          0x00000000200000ac       0x11 lib/libstm32.a(util.o)
 *fill*         0x00000000200000bd        0x3 
 .data          0x00000000200000c0        0x8 lib/libstm32.a(lcd_128x32.o)
 *(.data*)
 .data.__atexit_recursive_mutex
                0x00000000200000c8        0x4 /usr/lib/gcc/arm-none-eabi/12.2.0/../../../../arm-none-eabi/lib/thumb/v7e-m+fp/hard/libc.a(libc_a-__call_atexit.o)
                0x00000000200000c8                __atexit_recursive_mutex
                0x00000000200000cc                . = ALIGN (0x4)
                0x00000000200000cc                _edata = .

.igot.plt       0x00000000200000cc        0x0 load address 0x00000000080045ac
 .igot.plt      0x00000000200000cc        0x0 /usr/lib/gcc/arm-none-eabi/12.2.0/thumb/v7e-m+fp/hard/crtbegin.o
                0x00000000200000cc                . = ALIGN (0x4)

.bss            0x00000000200000cc      0x478 load address 0x00000000080045ac
                0x00000000200000cc                _sbss = .
                0x00000000200000cc                __bss_start__ = _sbss
 *(.bss)
 .bss           0x00000000200000cc       0x14 startup/system_stm32f4xx.o
                0x00000000200000cc                sysclks
 .bss           0x00000000200000e0       0x1c lib/adc.o
 .bss           0x00000000200000fc        0x4 src/main_adc_irq.o
                0x00000000200000fc                cmd
                0x00000000200000fe                val
 .bss           0x0000000020000100       0x40 lib/libstm32.a(io.o)
 .bss           0x0000000020000140        0x4 lib/libstm32.a(uart.o)
 .bss           0x0000000020000144      0x210 lib/libstm32.a(lcd_128x32.o)
 .bss           0x0000000020000354        0xa lib/libstm32.a(sw.o)
 *fill*         0x000000002000035e        0x2 
 .bss           0x0000000020000360       0x1c lib/libstm32.a(spi.o)
                0x0000000020000370                cpt
                0x0000000020000374                cpt1
                0x0000000020000378                cpt2
 .bss           0x000000002000037c       0x10 lib/libstm32.a(timer.o)
 *(.bss*)
 .bss.completed.1
                0x000000002000038c        0x1 /usr/lib/gcc/arm-none-eabi/12.2.0/thumb/v7e-m+fp/hard/crtbegin.o
 *fill*         0x000000002000038d        0x3 
 .bss.object.0  0x0000000020000390       0x18 /usr/lib/gcc/arm-none-eabi/12.2.0/thumb/v7e-m+fp/hard/crtbegin.o
 .bss.__lock___atexit_recursive_mutex
                0x00000000200003a8        0x1 /usr/lib/gcc/arm-none-eabi/12.2.0/../../../../arm-none-eabi/lib/thumb/v7e-m+fp/hard/libc.a(libc_a-lock.o)
                0x00000000200003a8                __lock___atexit_recursive_mutex
 *fill*         0x00000000200003a9        0x3 
 .bss.__atexit0
                0x00000000200003ac      0x190 /usr/lib/gcc/arm-none-eabi/12.2.0/../../../../arm-none-eabi/lib/thumb/v7e-m+fp/hard/libc.a(libc_a-__atexit.o)
                0x00000000200003ac                __atexit0
 .bss.__atexit  0x000000002000053c        0x4 /usr/lib/gcc/arm-none-eabi/12.2.0/../../../../arm-none-eabi/lib/thumb/v7e-m+fp/hard/libc.a(libc_a-__call_atexit.o)
                0x000000002000053c                __atexit
 *(COMMON)
 COMMON         0x0000000020000540        0x4 lib/libstm32.a(spi.o)
                0x0000000020000540                sr
                0x0000000020000544                . = ALIGN (0x4)
                0x0000000020000544                _ebss = .
                0x0000000020000544                __bss_end__ = _ebss

._user_heap_stack
                0x0000000020000544      0x600 load address 0x00000000080045ac
                0x0000000020000544                . = ALIGN (0x4)
                [!provide]                        PROVIDE (end = .)
                [!provide]                        PROVIDE (_end = .)
                0x0000000020000744                . = (. + _Min_Heap_Size)
 *fill*         0x0000000020000544      0x200 
                0x0000000020000b44                . = (. + _Min_Stack_Size)
 *fill*         0x0000000020000744      0x400 
                0x0000000020000b44                . = ALIGN (0x4)

/DISCARD/
 libc.a(*)
 libm.a(*)
 libgcc.a(*)

.ARM.attributes
                0x0000000000000000       0x30
 *(.ARM.attributes)
 .ARM.attributes
                0x0000000000000000       0x22 /usr/lib/gcc/arm-none-eabi/12.2.0/thumb/v7e-m+fp/hard/crti.o
 .ARM.attributes
                0x0000000000000022       0x34 /usr/lib/gcc/arm-none-eabi/12.2.0/thumb/v7e-m+fp/hard/crtbegin.o
 .ARM.attributes
                0x0000000000000056       0x34 startup/stm32f411_periph.o
 .ARM.attributes
                0x000000000000008a       0x34 startup/sys_handlers.o
 .ARM.attributes
                0x00000000000000be       0x34 startup/rcc.o
 .ARM.attributes
                0x00000000000000f2       0x34 startup/system_stm32f4xx.o
 .ARM.attributes
                0x0000000000000126       0x34 lib/adc.o
 .ARM.attributes
                0x000000000000015a       0x34 src/main_adc_irq.o
 .ARM.attributes
                0x000000000000018e       0x21 startup/startup_stm32f411xe.o
 .ARM.attributes
                0x00000000000001af       0x34 /usr/lib/gcc/arm-none-eabi/12.2.0/../../../../arm-none-eabi/lib/thumb/v7e-m+fp/hard/libc.a(libc_a-atexit.o)
 .ARM.attributes
                0x00000000000001e3       0x34 /usr/lib/gcc/arm-none-eabi/12.2.0/../../../../arm-none-eabi/lib/thumb/v7e-m+fp/hard/libc.a(libc_a-memset.o)
 .ARM.attributes
                0x0000000000000217       0x34 /usr/lib/gcc/arm-none-eabi/12.2.0/../../../../arm-none-eabi/lib/thumb/v7e-m+fp/hard/libc.a(libc_a-init.o)
 .ARM.attributes
                0x000000000000024b       0x34 /usr/lib/gcc/arm-none-eabi/12.2.0/../../../../arm-none-eabi/lib/thumb/v7e-m+fp/hard/libc.a(libc_a-fini.o)
 .ARM.attributes
                0x000000000000027f       0x34 /usr/lib/gcc/arm-none-eabi/12.2.0/../../../../arm-none-eabi/lib/thumb/v7e-m+fp/hard/libc.a(libc_a-lock.o)
 .ARM.attributes
                0x00000000000002b3       0x34 /usr/lib/gcc/arm-none-eabi/12.2.0/../../../../arm-none-eabi/lib/thumb/v7e-m+fp/hard/libc.a(libc_a-__atexit.o)
 .ARM.attributes
                0x00000000000002e7       0x34 /usr/lib/gcc/arm-none-eabi/12.2.0/../../../../arm-none-eabi/lib/thumb/v7e-m+fp/hard/libc.a(libc_a-__call_atexit.o)
 .ARM.attributes
                0x000000000000031b       0x39 lib/libstm32.a(io.o)
 .ARM.attributes
                0x0000000000000354       0x39 lib/libstm32.a(uart.o)
 .ARM.attributes
                0x000000000000038d       0x39 lib/libstm32.a(util.o)
 .ARM.attributes
                0x00000000000003c6       0x39 lib/libstm32.a(lcd_128x32.o)
 .ARM.attributes
                0x00000000000003ff       0x39 lib/libstm32.a(sw.o)
 .ARM.attributes
                0x0000000000000438       0x39 lib/libstm32.a(spi.o)
 .ARM.attributes
                0x0000000000000471       0x39 lib/libstm32.a(timer.o)
 .ARM.attributes
                0x00000000000004aa       0x34 /usr/lib/gcc/arm-none-eabi/12.2.0/thumb/v7e-m+fp/hard/crtend.o
 .ARM.attributes
                0x00000000000004de       0x22 /usr/lib/gcc/arm-none-eabi/12.2.0/thumb/v7e-m+fp/hard/crtn.o
OUTPUT(main.elf elf32-littlearm)
LOAD linker stubs
LOAD /usr/lib/gcc/arm-none-eabi/12.2.0/../../../../arm-none-eabi/lib/thumb/v7e-m+fp/hard/libc.a
LOAD /usr/lib/gcc/arm-none-eabi/12.2.0/../../../../arm-none-eabi/lib/thumb/v7e-m+fp/hard/libm.a
LOAD /usr/lib/gcc/arm-none-eabi/12.2.0/thumb/v7e-m+fp/hard/libgcc.a

.debug_info     0x0000000000000000     0x8ba1
 .debug_info    0x0000000000000000     0x2241 startup/stm32f411_periph.o
 .debug_info    0x0000000000002241      0x104 startup/sys_handlers.o
 .debug_info    0x0000000000002345      0x56e startup/rcc.o
 .debug_info    0x00000000000028b3      0x5d2 startup/system_stm32f4xx.o
 .debug_info    0x0000000000002e85      0xb74 lib/adc.o
 .debug_info    0x00000000000039f9      0x518 src/main_adc_irq.o
 .debug_info    0x0000000000003f11       0x30 startup/startup_stm32f411xe.o
 .debug_info    0x0000000000003f41      0x118 /usr/lib/gcc/arm-none-eabi/12.2.0/../../../../arm-none-eabi/lib/thumb/v7e-m+fp/hard/libc.a(libc_a-atexit.o)
 .debug_info    0x0000000000004059      0x135 /usr/lib/gcc/arm-none-eabi/12.2.0/../../../../arm-none-eabi/lib/thumb/v7e-m+fp/hard/libc.a(libc_a-memset.o)
 .debug_info    0x000000000000418e      0x10b /usr/lib/gcc/arm-none-eabi/12.2.0/../../../../arm-none-eabi/lib/thumb/v7e-m+fp/hard/libc.a(libc_a-init.o)
 .debug_info    0x0000000000004299       0xf7 /usr/lib/gcc/arm-none-eabi/12.2.0/../../../../arm-none-eabi/lib/thumb/v7e-m+fp/hard/libc.a(libc_a-fini.o)
 .debug_info    0x0000000000004390      0x20a /usr/lib/gcc/arm-none-eabi/12.2.0/../../../../arm-none-eabi/lib/thumb/v7e-m+fp/hard/libc.a(libc_a-lock.o)
 .debug_info    0x000000000000459a      0x25f /usr/lib/gcc/arm-none-eabi/12.2.0/../../../../arm-none-eabi/lib/thumb/v7e-m+fp/hard/libc.a(libc_a-__atexit.o)
 .debug_info    0x00000000000047f9      0x2dd /usr/lib/gcc/arm-none-eabi/12.2.0/../../../../arm-none-eabi/lib/thumb/v7e-m+fp/hard/libc.a(libc_a-__call_atexit.o)
 .debug_info    0x0000000000004ad6      0xcc5 lib/libstm32.a(io.o)
 .debug_info    0x000000000000579b      0xb5e lib/libstm32.a(uart.o)
 .debug_info    0x00000000000062f9      0x130 lib/libstm32.a(util.o)
 .debug_info    0x0000000000006429      0xc80 lib/libstm32.a(lcd_128x32.o)
 .debug_info    0x00000000000070a9      0x2cb lib/libstm32.a(sw.o)
 .debug_info    0x0000000000007374      0xb4f lib/libstm32.a(spi.o)
 .debug_info    0x0000000000007ec3      0xcde lib/libstm32.a(timer.o)

.debug_abbrev   0x0000000000000000     0x1e34
 .debug_abbrev  0x0000000000000000      0x16b startup/stm32f411_periph.o
 .debug_abbrev  0x000000000000016b       0x45 startup/sys_handlers.o
 .debug_abbrev  0x00000000000001b0      0x18b startup/rcc.o
 .debug_abbrev  0x000000000000033b      0x190 startup/system_stm32f4xx.o
 .debug_abbrev  0x00000000000004cb      0x276 lib/adc.o
 .debug_abbrev  0x0000000000000741      0x239 src/main_adc_irq.o
 .debug_abbrev  0x000000000000097a       0x1d startup/startup_stm32f411xe.o
 .debug_abbrev  0x0000000000000997       0xc1 /usr/lib/gcc/arm-none-eabi/12.2.0/../../../../arm-none-eabi/lib/thumb/v7e-m+fp/hard/libc.a(libc_a-atexit.o)
 .debug_abbrev  0x0000000000000a58       0xb7 /usr/lib/gcc/arm-none-eabi/12.2.0/../../../../arm-none-eabi/lib/thumb/v7e-m+fp/hard/libc.a(libc_a-memset.o)
 .debug_abbrev  0x0000000000000b0f       0xc9 /usr/lib/gcc/arm-none-eabi/12.2.0/../../../../arm-none-eabi/lib/thumb/v7e-m+fp/hard/libc.a(libc_a-init.o)
 .debug_abbrev  0x0000000000000bd8       0xcc /usr/lib/gcc/arm-none-eabi/12.2.0/../../../../arm-none-eabi/lib/thumb/v7e-m+fp/hard/libc.a(libc_a-fini.o)
 .debug_abbrev  0x0000000000000ca4      0x115 /usr/lib/gcc/arm-none-eabi/12.2.0/../../../../arm-none-eabi/lib/thumb/v7e-m+fp/hard/libc.a(libc_a-lock.o)
 .debug_abbrev  0x0000000000000db9      0x189 /usr/lib/gcc/arm-none-eabi/12.2.0/../../../../arm-none-eabi/lib/thumb/v7e-m+fp/hard/libc.a(libc_a-__atexit.o)
 .debug_abbrev  0x0000000000000f42      0x20c /usr/lib/gcc/arm-none-eabi/12.2.0/../../../../arm-none-eabi/lib/thumb/v7e-m+fp/hard/libc.a(libc_a-__call_atexit.o)
 .debug_abbrev  0x000000000000114e      0x223 lib/libstm32.a(io.o)
 .debug_abbrev  0x0000000000001371      0x23d lib/libstm32.a(uart.o)
 .debug_abbrev  0x00000000000015ae       0xb5 lib/libstm32.a(util.o)
 .debug_abbrev  0x0000000000001663      0x294 lib/libstm32.a(lcd_128x32.o)
 .debug_abbrev  0x00000000000018f7       0xff lib/libstm32.a(sw.o)
 .debug_abbrev  0x00000000000019f6      0x1f6 lib/libstm32.a(spi.o)
 .debug_abbrev  0x0000000000001bec      0x248 lib/libstm32.a(timer.o)

.debug_aranges  0x0000000000000000      0x2f0
 .debug_aranges
                0x0000000000000000       0x18 startup/stm32f411_periph.o
 .debug_aranges
                0x0000000000000018       0x20 startup/sys_handlers.o
 .debug_aranges
                0x0000000000000038       0x20 startup/rcc.o
 .debug_aranges
                0x0000000000000058       0x20 startup/system_stm32f4xx.o
 .debug_aranges
                0x0000000000000078       0x20 lib/adc.o
 .debug_aranges
                0x0000000000000098       0x20 src/main_adc_irq.o
 .debug_aranges
                0x00000000000000b8       0x28 startup/startup_stm32f411xe.o
 .debug_aranges
                0x00000000000000e0       0x20 /usr/lib/gcc/arm-none-eabi/12.2.0/../../../../arm-none-eabi/lib/thumb/v7e-m+fp/hard/libc.a(libc_a-atexit.o)
 .debug_aranges
                0x0000000000000100       0x20 /usr/lib/gcc/arm-none-eabi/12.2.0/../../../../arm-none-eabi/lib/thumb/v7e-m+fp/hard/libc.a(libc_a-memset.o)
 .debug_aranges
                0x0000000000000120       0x20 /usr/lib/gcc/arm-none-eabi/12.2.0/../../../../arm-none-eabi/lib/thumb/v7e-m+fp/hard/libc.a(libc_a-init.o)
 .debug_aranges
                0x0000000000000140       0x20 /usr/lib/gcc/arm-none-eabi/12.2.0/../../../../arm-none-eabi/lib/thumb/v7e-m+fp/hard/libc.a(libc_a-fini.o)
 .debug_aranges
                0x0000000000000160       0x68 /usr/lib/gcc/arm-none-eabi/12.2.0/../../../../arm-none-eabi/lib/thumb/v7e-m+fp/hard/libc.a(libc_a-lock.o)
 .debug_aranges
                0x00000000000001c8       0x20 /usr/lib/gcc/arm-none-eabi/12.2.0/../../../../arm-none-eabi/lib/thumb/v7e-m+fp/hard/libc.a(libc_a-__atexit.o)
 .debug_aranges
                0x00000000000001e8       0x28 /usr/lib/gcc/arm-none-eabi/12.2.0/../../../../arm-none-eabi/lib/thumb/v7e-m+fp/hard/libc.a(libc_a-__call_atexit.o)
 .debug_aranges
                0x0000000000000210       0x20 lib/libstm32.a(io.o)
 .debug_aranges
                0x0000000000000230       0x20 lib/libstm32.a(uart.o)
 .debug_aranges
                0x0000000000000250       0x20 lib/libstm32.a(util.o)
 .debug_aranges
                0x0000000000000270       0x20 lib/libstm32.a(lcd_128x32.o)
 .debug_aranges
                0x0000000000000290       0x20 lib/libstm32.a(sw.o)
 .debug_aranges
                0x00000000000002b0       0x20 lib/libstm32.a(spi.o)
 .debug_aranges
                0x00000000000002d0       0x20 lib/libstm32.a(timer.o)

.debug_line     0x0000000000000000     0x286c
 .debug_line    0x0000000000000000       0xe2 startup/stm32f411_periph.o
 .debug_line    0x00000000000000e2       0x81 startup/sys_handlers.o
 .debug_line    0x0000000000000163      0x39d startup/rcc.o
 .debug_line    0x0000000000000500      0x1be startup/system_stm32f4xx.o
 .debug_line    0x00000000000006be      0x3d3 lib/adc.o
 .debug_line    0x0000000000000a91      0x1f3 src/main_adc_irq.o
 .debug_line    0x0000000000000c84       0x79 startup/startup_stm32f411xe.o
 .debug_line    0x0000000000000cfd       0xe4 /usr/lib/gcc/arm-none-eabi/12.2.0/../../../../arm-none-eabi/lib/thumb/v7e-m+fp/hard/libc.a(libc_a-atexit.o)
 .debug_line    0x0000000000000de1      0x1da /usr/lib/gcc/arm-none-eabi/12.2.0/../../../../arm-none-eabi/lib/thumb/v7e-m+fp/hard/libc.a(libc_a-memset.o)
 .debug_line    0x0000000000000fbb      0x13c /usr/lib/gcc/arm-none-eabi/12.2.0/../../../../arm-none-eabi/lib/thumb/v7e-m+fp/hard/libc.a(libc_a-init.o)
 .debug_line    0x00000000000010f7       0xec /usr/lib/gcc/arm-none-eabi/12.2.0/../../../../arm-none-eabi/lib/thumb/v7e-m+fp/hard/libc.a(libc_a-fini.o)
 .debug_line    0x00000000000011e3      0x17d /usr/lib/gcc/arm-none-eabi/12.2.0/../../../../arm-none-eabi/lib/thumb/v7e-m+fp/hard/libc.a(libc_a-lock.o)
 .debug_line    0x0000000000001360      0x196 /usr/lib/gcc/arm-none-eabi/12.2.0/../../../../arm-none-eabi/lib/thumb/v7e-m+fp/hard/libc.a(libc_a-__atexit.o)
 .debug_line    0x00000000000014f6      0x26e /usr/lib/gcc/arm-none-eabi/12.2.0/../../../../arm-none-eabi/lib/thumb/v7e-m+fp/hard/libc.a(libc_a-__call_atexit.o)
 .debug_line    0x0000000000001764      0x351 lib/libstm32.a(io.o)
 .debug_line    0x0000000000001ab5      0x28f lib/libstm32.a(uart.o)
 .debug_line    0x0000000000001d44       0x95 lib/libstm32.a(util.o)
 .debug_line    0x0000000000001dd9      0x45d lib/libstm32.a(lcd_128x32.o)
 .debug_line    0x0000000000002236      0x1a2 lib/libstm32.a(sw.o)
 .debug_line    0x00000000000023d8      0x1eb lib/libstm32.a(spi.o)
 .debug_line    0x00000000000025c3      0x2a9 lib/libstm32.a(timer.o)

.debug_str      0x0000000000000000     0x2281
 .debug_str     0x0000000000000000      0xbdc startup/stm32f411_periph.o
                                        0xc5a (size before relaxing)
 .debug_str     0x0000000000000bdc       0xa7 startup/sys_handlers.o
                                        0x1d0 (size before relaxing)
 .debug_str     0x0000000000000c83      0x1f9 startup/rcc.o
                                        0x4b2 (size before relaxing)
 .debug_str     0x0000000000000e7c       0x6b startup/system_stm32f4xx.o
                                        0x455 (size before relaxing)
 .debug_str     0x0000000000000ee7      0x542 lib/adc.o
                                        0x8c8 (size before relaxing)
 .debug_str     0x0000000000001429       0x94 src/main_adc_irq.o
                                        0x270 (size before relaxing)
 .debug_str     0x00000000000014bd       0x38 startup/startup_stm32f411xe.o
                                         0x56 (size before relaxing)
 .debug_str     0x00000000000014f5      0x16e /usr/lib/gcc/arm-none-eabi/12.2.0/../../../../arm-none-eabi/lib/thumb/v7e-m+fp/hard/libc.a(libc_a-atexit.o)
                                        0x1fe (size before relaxing)
 .debug_str     0x0000000000001663       0x66 /usr/lib/gcc/arm-none-eabi/12.2.0/../../../../arm-none-eabi/lib/thumb/v7e-m+fp/hard/libc.a(libc_a-memset.o)
                                        0x1d5 (size before relaxing)
 .debug_str     0x00000000000016c9       0xa6 /usr/lib/gcc/arm-none-eabi/12.2.0/../../../../arm-none-eabi/lib/thumb/v7e-m+fp/hard/libc.a(libc_a-init.o)
                                        0x222 (size before relaxing)
 .debug_str     0x000000000000176f       0x76 /usr/lib/gcc/arm-none-eabi/12.2.0/../../../../arm-none-eabi/lib/thumb/v7e-m+fp/hard/libc.a(libc_a-fini.o)
                                        0x1f8 (size before relaxing)
 .debug_str     0x00000000000017e5      0x250 /usr/lib/gcc/arm-none-eabi/12.2.0/../../../../arm-none-eabi/lib/thumb/v7e-m+fp/hard/libc.a(libc_a-lock.o)
                                        0x334 (size before relaxing)
 .debug_str     0x0000000000001a35       0xa4 /usr/lib/gcc/arm-none-eabi/12.2.0/../../../../arm-none-eabi/lib/thumb/v7e-m+fp/hard/libc.a(libc_a-__atexit.o)
                                        0x2d5 (size before relaxing)
 .debug_str     0x0000000000001ad9       0x89 /usr/lib/gcc/arm-none-eabi/12.2.0/../../../../arm-none-eabi/lib/thumb/v7e-m+fp/hard/libc.a(libc_a-__call_atexit.o)
                                        0x2fe (size before relaxing)
 .debug_str     0x0000000000001b62      0x252 lib/libstm32.a(io.o)
                                        0x94a (size before relaxing)
 .debug_str     0x0000000000001db4       0x6b lib/libstm32.a(uart.o)
                                        0x8b5 (size before relaxing)
 .debug_str     0x0000000000001e1f       0x29 lib/libstm32.a(util.o)
                                        0x13c (size before relaxing)
 .debug_str     0x0000000000001e48      0x1f3 lib/libstm32.a(lcd_128x32.o)
                                        0x4f1 (size before relaxing)
 .debug_str     0x000000000000203b       0x55 lib/libstm32.a(sw.o)
                                        0x275 (size before relaxing)
 .debug_str     0x0000000000002090       0xbf lib/libstm32.a(spi.o)
                                        0x900 (size before relaxing)
 .debug_str     0x000000000000214f      0x132 lib/libstm32.a(timer.o)
                                        0x934 (size before relaxing)

.comment        0x0000000000000000       0x8c
 .comment       0x0000000000000000       0x1e startup/stm32f411_periph.o
                                         0x1f (size before relaxing)
 .comment       0x000000000000001e       0x1f startup/sys_handlers.o
 .comment       0x000000000000001e       0x1f startup/rcc.o
 .comment       0x000000000000001e       0x1f startup/system_stm32f4xx.o
 .comment       0x000000000000001e       0x1f lib/adc.o
 .comment       0x000000000000001e       0x1f src/main_adc_irq.o
 .comment       0x000000000000001e       0x1f /usr/lib/gcc/arm-none-eabi/12.2.0/../../../../arm-none-eabi/lib/thumb/v7e-m+fp/hard/libc.a(libc_a-atexit.o)
 .comment       0x000000000000001e       0x1f /usr/lib/gcc/arm-none-eabi/12.2.0/../../../../arm-none-eabi/lib/thumb/v7e-m+fp/hard/libc.a(libc_a-memset.o)
 .comment       0x000000000000001e       0x1f /usr/lib/gcc/arm-none-eabi/12.2.0/../../../../arm-none-eabi/lib/thumb/v7e-m+fp/hard/libc.a(libc_a-init.o)
 .comment       0x000000000000001e       0x1f /usr/lib/gcc/arm-none-eabi/12.2.0/../../../../arm-none-eabi/lib/thumb/v7e-m+fp/hard/libc.a(libc_a-fini.o)
 .comment       0x000000000000001e       0x1f /usr/lib/gcc/arm-none-eabi/12.2.0/../../../../arm-none-eabi/lib/thumb/v7e-m+fp/hard/libc.a(libc_a-lock.o)
 .comment       0x000000000000001e       0x1f /usr/lib/gcc/arm-none-eabi/12.2.0/../../../../arm-none-eabi/lib/thumb/v7e-m+fp/hard/libc.a(libc_a-__atexit.o)
 .comment       0x000000000000001e       0x1f /usr/lib/gcc/arm-none-eabi/12.2.0/../../../../arm-none-eabi/lib/thumb/v7e-m+fp/hard/libc.a(libc_a-__call_atexit.o)
 .comment       0x000000000000001e       0x6e lib/libstm32.a(io.o)
                                         0x6f (size before relaxing)
 .comment       0x000000000000008c       0x6f lib/libstm32.a(uart.o)
 .comment       0x000000000000008c       0x6f lib/libstm32.a(util.o)
 .comment       0x000000000000008c       0x6f lib/libstm32.a(lcd_128x32.o)
 .comment       0x000000000000008c       0x6f lib/libstm32.a(sw.o)
 .comment       0x000000000000008c       0x6f lib/libstm32.a(spi.o)
 .comment       0x000000000000008c       0x6f lib/libstm32.a(timer.o)

.debug_frame    0x0000000000000000      0xdac
 .debug_frame   0x0000000000000000       0xa0 startup/sys_handlers.o
 .debug_frame   0x00000000000000a0       0x74 startup/rcc.o
 .debug_frame   0x0000000000000114       0x40 startup/system_stm32f4xx.o
 .debug_frame   0x0000000000000154       0xd8 lib/adc.o
 .debug_frame   0x000000000000022c       0xc0 src/main_adc_irq.o
 .debug_frame   0x00000000000002ec       0x20 /usr/lib/gcc/arm-none-eabi/12.2.0/../../../../arm-none-eabi/lib/thumb/v7e-m+fp/hard/libc.a(libc_a-atexit.o)
 .debug_frame   0x000000000000030c       0x2c /usr/lib/gcc/arm-none-eabi/12.2.0/../../../../arm-none-eabi/lib/thumb/v7e-m+fp/hard/libc.a(libc_a-memset.o)
 .debug_frame   0x0000000000000338       0x2c /usr/lib/gcc/arm-none-eabi/12.2.0/../../../../arm-none-eabi/lib/thumb/v7e-m+fp/hard/libc.a(libc_a-init.o)
 .debug_frame   0x0000000000000364       0x34 /usr/lib/gcc/arm-none-eabi/12.2.0/../../../../arm-none-eabi/lib/thumb/v7e-m+fp/hard/libc.a(libc_a-fini.o)
 .debug_frame   0x0000000000000398       0xb0 /usr/lib/gcc/arm-none-eabi/12.2.0/../../../../arm-none-eabi/lib/thumb/v7e-m+fp/hard/libc.a(libc_a-lock.o)
 .debug_frame   0x0000000000000448       0x34 /usr/lib/gcc/arm-none-eabi/12.2.0/../../../../arm-none-eabi/lib/thumb/v7e-m+fp/hard/libc.a(libc_a-__atexit.o)
 .debug_frame   0x000000000000047c       0x5c /usr/lib/gcc/arm-none-eabi/12.2.0/../../../../arm-none-eabi/lib/thumb/v7e-m+fp/hard/libc.a(libc_a-__call_atexit.o)
 .debug_frame   0x00000000000004d8      0x180 lib/libstm32.a(io.o)
 .debug_frame   0x0000000000000658      0x10c lib/libstm32.a(uart.o)
 .debug_frame   0x0000000000000764       0x40 lib/libstm32.a(util.o)
 .debug_frame   0x00000000000007a4      0x2c0 lib/libstm32.a(lcd_128x32.o)
 .debug_frame   0x0000000000000a64       0xc0 lib/libstm32.a(sw.o)
 .debug_frame   0x0000000000000b24       0xe8 lib/libstm32.a(spi.o)
 .debug_frame   0x0000000000000c0c      0x1a0 lib/libstm32.a(timer.o)

.debug_rnglists
                0x0000000000000000       0xfb
 .debug_rnglists
                0x0000000000000000       0x21 lib/adc.o
 .debug_rnglists
                0x0000000000000021       0x13 /usr/lib/gcc/arm-none-eabi/12.2.0/../../../../arm-none-eabi/lib/thumb/v7e-m+fp/hard/libc.a(libc_a-atexit.o)
 .debug_rnglists
                0x0000000000000034       0x14 /usr/lib/gcc/arm-none-eabi/12.2.0/../../../../arm-none-eabi/lib/thumb/v7e-m+fp/hard/libc.a(libc_a-memset.o)
 .debug_rnglists
                0x0000000000000048       0x13 /usr/lib/gcc/arm-none-eabi/12.2.0/../../../../arm-none-eabi/lib/thumb/v7e-m+fp/hard/libc.a(libc_a-init.o)
 .debug_rnglists
                0x000000000000005b       0x13 /usr/lib/gcc/arm-none-eabi/12.2.0/../../../../arm-none-eabi/lib/thumb/v7e-m+fp/hard/libc.a(libc_a-fini.o)
 .debug_rnglists
                0x000000000000006e       0x49 /usr/lib/gcc/arm-none-eabi/12.2.0/../../../../arm-none-eabi/lib/thumb/v7e-m+fp/hard/libc.a(libc_a-lock.o)
 .debug_rnglists
                0x00000000000000b7       0x14 /usr/lib/gcc/arm-none-eabi/12.2.0/../../../../arm-none-eabi/lib/thumb/v7e-m+fp/hard/libc.a(libc_a-__atexit.o)
 .debug_rnglists
                0x00000000000000cb       0x30 /usr/lib/gcc/arm-none-eabi/12.2.0/../../../../arm-none-eabi/lib/thumb/v7e-m+fp/hard/libc.a(libc_a-__call_atexit.o)

.debug_ranges   0x0000000000000000       0x38
 .debug_ranges  0x0000000000000000       0x20 startup/startup_stm32f411xe.o
 .debug_ranges  0x0000000000000020       0x18 lib/libstm32.a(spi.o)

.debug_loclists
                0x0000000000000000      0x47c
 .debug_loclists
                0x0000000000000000       0x2a /usr/lib/gcc/arm-none-eabi/12.2.0/../../../../arm-none-eabi/lib/thumb/v7e-m+fp/hard/libc.a(libc_a-atexit.o)
 .debug_loclists
                0x000000000000002a      0x1cf /usr/lib/gcc/arm-none-eabi/12.2.0/../../../../arm-none-eabi/lib/thumb/v7e-m+fp/hard/libc.a(libc_a-memset.o)
 .debug_loclists
                0x00000000000001f9       0x6f /usr/lib/gcc/arm-none-eabi/12.2.0/../../../../arm-none-eabi/lib/thumb/v7e-m+fp/hard/libc.a(libc_a-init.o)
 .debug_loclists
                0x0000000000000268       0x4c /usr/lib/gcc/arm-none-eabi/12.2.0/../../../../arm-none-eabi/lib/thumb/v7e-m+fp/hard/libc.a(libc_a-fini.o)
 .debug_loclists
                0x00000000000002b4       0x23 /usr/lib/gcc/arm-none-eabi/12.2.0/../../../../arm-none-eabi/lib/thumb/v7e-m+fp/hard/libc.a(libc_a-lock.o)
 .debug_loclists
                0x00000000000002d7       0x8e /usr/lib/gcc/arm-none-eabi/12.2.0/../../../../arm-none-eabi/lib/thumb/v7e-m+fp/hard/libc.a(libc_a-__atexit.o)
 .debug_loclists
                0x0000000000000365      0x117 /usr/lib/gcc/arm-none-eabi/12.2.0/../../../../arm-none-eabi/lib/thumb/v7e-m+fp/hard/libc.a(libc_a-__call_atexit.o)
