Archive member included to satisfy reference by file (symbol)

/usr/lib/gcc/arm-none-eabi/12.2.0/../../../../arm-none-eabi/lib/thumb/v7e-m+fp/hard/libc.a(libc_a-atexit.o)
                              /usr/lib/gcc/arm-none-eabi/12.2.0/../../../../arm-none-eabi/lib/thumb/v7e-m+fp/hard/crt0.o (atexit)
/usr/lib/gcc/arm-none-eabi/12.2.0/../../../../arm-none-eabi/lib/thumb/v7e-m+fp/hard/libc.a(libc_a-exit.o)
                              /usr/lib/gcc/arm-none-eabi/12.2.0/../../../../arm-none-eabi/lib/thumb/v7e-m+fp/hard/crt0.o (exit)
/usr/lib/gcc/arm-none-eabi/12.2.0/../../../../arm-none-eabi/lib/thumb/v7e-m+fp/hard/libc.a(libc_a-findfp.o)
                              /usr/lib/gcc/arm-none-eabi/12.2.0/../../../../arm-none-eabi/lib/thumb/v7e-m+fp/hard/libc.a(libc_a-exit.o) (__stdio_exit_handler)
/usr/lib/gcc/arm-none-eabi/12.2.0/../../../../arm-none-eabi/lib/thumb/v7e-m+fp/hard/libc.a(libc_a-fwalk.o)
                              /usr/lib/gcc/arm-none-eabi/12.2.0/../../../../arm-none-eabi/lib/thumb/v7e-m+fp/hard/libc.a(libc_a-findfp.o) (_fwalk_sglue)
/usr/lib/gcc/arm-none-eabi/12.2.0/../../../../arm-none-eabi/lib/thumb/v7e-m+fp/hard/libc.a(libc_a-stdio.o)
                              /usr/lib/gcc/arm-none-eabi/12.2.0/../../../../arm-none-eabi/lib/thumb/v7e-m+fp/hard/libc.a(libc_a-findfp.o) (__sread)
/usr/lib/gcc/arm-none-eabi/12.2.0/../../../../arm-none-eabi/lib/thumb/v7e-m+fp/hard/libc.a(libc_a-memset.o)
                              /usr/lib/gcc/arm-none-eabi/12.2.0/../../../../arm-none-eabi/lib/thumb/v7e-m+fp/hard/crt0.o (memset)
/usr/lib/gcc/arm-none-eabi/12.2.0/../../../../arm-none-eabi/lib/thumb/v7e-m+fp/hard/libc.a(libc_a-closer.o)
                              /usr/lib/gcc/arm-none-eabi/12.2.0/../../../../arm-none-eabi/lib/thumb/v7e-m+fp/hard/libc.a(libc_a-stdio.o) (_close_r)
/usr/lib/gcc/arm-none-eabi/12.2.0/../../../../arm-none-eabi/lib/thumb/v7e-m+fp/hard/libc.a(libc_a-reent.o)
                              /usr/lib/gcc/arm-none-eabi/12.2.0/../../../../arm-none-eabi/lib/thumb/v7e-m+fp/hard/libc.a(libc_a-closer.o) (errno)
/usr/lib/gcc/arm-none-eabi/12.2.0/../../../../arm-none-eabi/lib/thumb/v7e-m+fp/hard/libc.a(libc_a-impure.o)
                              /usr/lib/gcc/arm-none-eabi/12.2.0/../../../../arm-none-eabi/lib/thumb/v7e-m+fp/hard/libc.a(libc_a-reent.o) (_impure_ptr)
/usr/lib/gcc/arm-none-eabi/12.2.0/../../../../arm-none-eabi/lib/thumb/v7e-m+fp/hard/libc.a(libc_a-lseekr.o)
                              /usr/lib/gcc/arm-none-eabi/12.2.0/../../../../arm-none-eabi/lib/thumb/v7e-m+fp/hard/libc.a(libc_a-stdio.o) (_lseek_r)
/usr/lib/gcc/arm-none-eabi/12.2.0/../../../../arm-none-eabi/lib/thumb/v7e-m+fp/hard/libc.a(libc_a-readr.o)
                              /usr/lib/gcc/arm-none-eabi/12.2.0/../../../../arm-none-eabi/lib/thumb/v7e-m+fp/hard/libc.a(libc_a-stdio.o) (_read_r)
/usr/lib/gcc/arm-none-eabi/12.2.0/../../../../arm-none-eabi/lib/thumb/v7e-m+fp/hard/libc.a(libc_a-writer.o)
                              /usr/lib/gcc/arm-none-eabi/12.2.0/../../../../arm-none-eabi/lib/thumb/v7e-m+fp/hard/libc.a(libc_a-stdio.o) (_write_r)
/usr/lib/gcc/arm-none-eabi/12.2.0/../../../../arm-none-eabi/lib/thumb/v7e-m+fp/hard/libc.a(libc_a-init.o)
                              /usr/lib/gcc/arm-none-eabi/12.2.0/../../../../arm-none-eabi/lib/thumb/v7e-m+fp/hard/crt0.o (__libc_init_array)
/usr/lib/gcc/arm-none-eabi/12.2.0/../../../../arm-none-eabi/lib/thumb/v7e-m+fp/hard/libc.a(libc_a-fini.o)
                              /usr/lib/gcc/arm-none-eabi/12.2.0/../../../../arm-none-eabi/lib/thumb/v7e-m+fp/hard/crt0.o (__libc_fini_array)
/usr/lib/gcc/arm-none-eabi/12.2.0/../../../../arm-none-eabi/lib/thumb/v7e-m+fp/hard/libc.a(libc_a-lock.o)
                              /usr/lib/gcc/arm-none-eabi/12.2.0/../../../../arm-none-eabi/lib/thumb/v7e-m+fp/hard/libc.a(libc_a-findfp.o) (__retarget_lock_init_recursive)
/usr/lib/gcc/arm-none-eabi/12.2.0/../../../../arm-none-eabi/lib/thumb/v7e-m+fp/hard/libc.a(libc_a-__atexit.o)
                              /usr/lib/gcc/arm-none-eabi/12.2.0/../../../../arm-none-eabi/lib/thumb/v7e-m+fp/hard/libc.a(libc_a-atexit.o) (__register_exitproc)
/usr/lib/gcc/arm-none-eabi/12.2.0/../../../../arm-none-eabi/lib/thumb/v7e-m+fp/hard/libc.a(libc_a-__call_atexit.o)
                              /usr/lib/gcc/arm-none-eabi/12.2.0/../../../../arm-none-eabi/lib/thumb/v7e-m+fp/hard/libc.a(libc_a-exit.o) (__call_exitprocs)
/usr/lib/gcc/arm-none-eabi/12.2.0/../../../../arm-none-eabi/lib/thumb/v7e-m+fp/hard/libc.a(libc_a-freer.o)
                              /usr/lib/gcc/arm-none-eabi/12.2.0/../../../../arm-none-eabi/lib/thumb/v7e-m+fp/hard/libc.a(libc_a-reent.o) (_free_r)
/usr/lib/gcc/arm-none-eabi/12.2.0/../../../../arm-none-eabi/lib/thumb/v7e-m+fp/hard/libc.a(libc_a-mallocr.o)
                              /usr/lib/gcc/arm-none-eabi/12.2.0/../../../../arm-none-eabi/lib/thumb/v7e-m+fp/hard/libc.a(libc_a-findfp.o) (_malloc_r)
[...]
Memory Configuration

Name             Origin             Length             Attributes
FLASH            0x0000000008000000 0x0000000000080000 xr
RAM              0x0000000020000000 0x0000000000020000 xrw
*default*        0x0000000000000000 0xffffffffffffffff

Linker script and memory map

LOAD /usr/lib/gcc/arm-none-eabi/12.2.0/thumb/v7e-m+fp/hard/crti.o
LOAD /usr/lib/gcc/arm-none-eabi/12.2.0/thumb/v7e-m+fp/hard/crtbegin.o
LOAD /usr/lib/gcc/arm-none-eabi/12.2.0/../../../../arm-none-eabi/lib/thumb/v7e-m+fp/hard/crt0.o
LOAD startup/stm32f411_periph.o
LOAD startup/sys_handlers.o
LOAD startup/rcc.o
LOAD startup/system_stm32f4xx.o
LOAD lib/timer.o
LOAD lib/adc.o
LOAD src/main.o
LOAD startup/startup_stm32f411xe.o
LOAD /usr/lib/gcc/arm-none-eabi/12.2.0/../../../../arm-none-eabi/lib/thumb/v7e-m+fp/hard/libc.a
LOAD /usr/lib/gcc/arm-none-eabi/12.2.0/thumb/v7e-m+fp/hard/libgcc.a
LOAD /usr/lib/gcc/arm-none-eabi/12.2.0/thumb/v7e-m+fp/hard/libgcov.a
LOAD /usr/lib/gcc/arm-none-eabi/12.2.0/../../../../arm-none-eabi/lib/thumb/v7e-m+fp/hard/libm.a
LOAD lib/stm32f411.a
START GROUP
LOAD /usr/lib/gcc/arm-none-eabi/12.2.0/thumb/v7e-m+fp/hard/libgcc.a
LOAD /usr/lib/gcc/arm-none-eabi/12.2.0/../../../../arm-none-eabi/lib/thumb/v7e-m+fp/hard/libc.a
END GROUP
LOAD /usr/lib/gcc/arm-none-eabi/12.2.0/thumb/v7e-m+fp/hard/crtend.o
LOAD /usr/lib/gcc/arm-none-eabi/12.2.0/thumb/v7e-m+fp/hard/crtn.o
                0x0000000020020000                _estack = 0x20020000
                0x0000000000000200                _Min_Heap_Size = 0x200
                0x0000000000000400                _Min_Stack_Size = 0x400

.isr_vector     0x0000000008000000      0x198
                0x0000000008000000                . = ALIGN (0x4)
 *(.isr_vector)
 .isr_vector    0x0000000008000000      0x198 startup/startup_stm32f411xe.o
                0x0000000008000000                g_pfnVectors
                0x0000000008000198                . = ALIGN (0x4)

.text           0x0000000008000198     0x35e4
                0x0000000008000198                . = ALIGN (0x4)
 *(.text)
 .text          0x0000000008000198       0x24 startup/sys_handlers.o
                0x0000000008000198                NMI_Handler
                0x000000000800019c                HardFault_Handler
                0x00000000080001a0                MemManage_Handler
                0x00000000080001a4                BusFault_Handler
                0x00000000080001a8                UsageFault_Handler
                0x00000000080001ac                SVC_Handler
                0x00000000080001b0                DebugMon_Handler
                0x00000000080001b4                PendSV_Handler
                0x00000000080001b8                SysTick_Handler
 .text          0x00000000080001bc      0x3ec startup/rcc.o
                0x00000000080003cc                rcc_config_clock
 .text          0x00000000080005a8      0x16c startup/system_stm32f4xx.o
                0x00000000080005a8                SystemInit
                0x000000000800061c                SystemCoreClockUpdate
 .text          0x0000000008000714      0x1fc lib/timer.o
                0x0000000008000714                timer_wait_ms
                0x000000000800073c                timer_wait_us
                0x0000000008000810                timer_count_init
                0x00000000080008d0                timer_start
                0x00000000080008ec                timer_stop
                0x0000000008000902                read_timer
 .text          0x0000000008000910      0x71c lib/adc.o
                0x000000000800098c                ADC_IRQHandler
                0x0000000008000a70                adc_init
                0x0000000008000bac                adc_channel_sample
                0x0000000008000c64                adc_channel_enable
                0x0000000008000ce0                adc_set_trigger_evt
                0x0000000008000e50                adc_start
                0x0000000008000e66                adc_stop
                0x0000000008000e7c                adc_get_sampling_freq
 .text          0x000000000800102c      0x600 src/main.o
                0x000000000800102c                isCatched
                0x000000000800116c                resetBall
                0x00000000080011bc                drawMiddleLine
                0x000000000800122e                moveBall
                0x000000000800145c                printScores
                0x0000000008001498                main
 .text          0x000000000800162c      0x378 /usr/lib/gcc/arm-none-eabi/12.2.0/thumb/v7e-m+fp/hard/libgcc.a(_arm_addsubdf3.o)
                0x000000000800162c                __aeabi_drsub
                0x0000000008001634                __aeabi_dsub
                0x0000000008001634                __subdf3
                0x0000000008001638                __adddf3
                0x0000000008001638                __aeabi_dadd
                0x00000000080018b0                __aeabi_ui2d
                0x00000000080018b0                __floatunsidf
                0x00000000080018d0                __floatsidf
                0x00000000080018d0                __aeabi_i2d
                0x00000000080018f4                __extendsfdf2
                0x00000000080018f4                __aeabi_f2d
                0x0000000008001938                __aeabi_ul2d
                0x0000000008001938                __floatundidf
                0x0000000008001948                __floatdidf
                0x0000000008001948                __aeabi_l2d
 .text          0x00000000080019a4      0x8e8 lib/stm32f411.a(io.o)
                0x0000000008001a20                EXTI0_IRQHandler
                0x0000000008001a44                EXTI1_IRQHandler
                0x0000000008001a68                EXTI2_IRQHandler
                0x0000000008001a8c                EXTI3_IRQHandler
                0x0000000008001ab0                EXTI4_IRQHandler
                0x0000000008001ad4                EXTI9_5_IRQHandler
                0x0000000008001ba4                EXTI15_10_IRQHandler
                0x0000000008001ca0                io_configure
                0x00000000080021d0                io_read
                0x00000000080021ea                io_write
                0x0000000008002224                io_write_n
                0x000000000800225a                io_set
                0x0000000008002272                io_clear
 .text          0x000000000800228c      0x160 lib/stm32f411.a(leds.o)
                0x000000000800228c                leds_init
                0x00000000080022d0                leds
                0x0000000008002340                red_led
                0x0000000008002378                green_led
                0x00000000080023b0                blue_led
 .text          0x00000000080023ec      0xce4 lib/stm32f411.a(lcd_128x32.o)
                0x0000000008002534                lcd_reset
                0x000000000800262c                lcd_set_contrast
                0x000000000800265c                lcd_get_contrast
                0x0000000008002668                lcd_width
                0x000000000800266e                lcd_height
                0x0000000008002674                lcd_invert
                0x0000000008002696                lcd_setmode
                0x00000000080026ac                lcd_get_autoup
                0x00000000080026b8                lcd_set_autoup
                0x00000000080027e4                locate
                0x0000000008002804                cls
                0x0000000008002828                line
                0x000000000800296c                rect
                0x0000000008002a38                fillrect
                0x0000000008002ab8                circle
                0x0000000008002c68                fillcircle
                0x0000000008002cc0                bitmap
                0x0000000008002ecc                lcd_putc
                0x0000000008002f48                lcd_puts
                0x0000000008002f98                lcd_printf
 .text          0x00000000080030d0      0x308 lib/stm32f411.a(spi.o)
                0x000000000800314c                SPI1_IRQHandler
                0x00000000080031f8                SPI2_IRQHandler
                0x00000000080031fc                SPI3_IRQHandler
                0x0000000008003200                SPI4_IRQHandler
                0x0000000008003204                SPI5_IRQHandler
                0x0000000008003208                spi_master_init
                0x0000000008003330                spi_write
                0x00000000080033a0                spi_write_byte
 .text          0x00000000080033d8      0x138 lib/stm32f411.a(util.o)
                0x00000000080033d8                num2str
                0x0000000008003474                str2num
 *(.text*)
 .text.__do_global_dtors_aux
                0x0000000008003510       0x24 /usr/lib/gcc/arm-none-eabi/12.2.0/thumb/v7e-m+fp/hard/crtbegin.o
 .text.frame_dummy
                0x0000000008003534       0x1c /usr/lib/gcc/arm-none-eabi/12.2.0/thumb/v7e-m+fp/hard/crtbegin.o
 .text.Reset_Handler
                0x0000000008003550       0x4c startup/startup_stm32f411xe.o
                0x0000000008003550                Reset_Handler
                0x0000000008003582                _exit
 .text.Default_Handler
                0x000000000800359c        0x2 startup/startup_stm32f411xe.o
                0x000000000800359c                RTC_Alarm_IRQHandler
                0x000000000800359c                TIM1_CC_IRQHandler
                0x000000000800359c                DMA2_Stream5_IRQHandler
                0x000000000800359c                DMA1_Stream5_IRQHandler
                0x000000000800359c                PVD_IRQHandler
                0x000000000800359c                SDIO_IRQHandler
                0x000000000800359c                TAMP_STAMP_IRQHandler
                0x000000000800359c                TIM1_UP_TIM10_IRQHandler
                0x000000000800359c                I2C3_ER_IRQHandler
                0x000000000800359c                I2C2_EV_IRQHandler
                0x000000000800359c                DMA1_Stream2_IRQHandler
                0x000000000800359c                FPU_IRQHandler
                0x000000000800359c                DMA2_Stream2_IRQHandler
                0x000000000800359c                TIM1_BRK_TIM9_IRQHandler
                0x000000000800359c                DMA2_Stream3_IRQHandler
                0x000000000800359c                USART6_IRQHandler
                0x000000000800359c                DMA2_Stream0_IRQHandler
                0x000000000800359c                TIM4_IRQHandler
                0x000000000800359c                I2C1_EV_IRQHandler
                0x000000000800359c                DMA1_Stream6_IRQHandler
                0x000000000800359c                DMA1_Stream1_IRQHandler
                0x000000000800359c                TIM3_IRQHandler
                0x000000000800359c                RCC_IRQHandler
                0x000000000800359c                Default_Handler
                0x000000000800359c                DMA1_Stream7_IRQHandler
                0x000000000800359c                TIM5_IRQHandler
                0x000000000800359c                DMA2_Stream7_IRQHandler
                0x000000000800359c                I2C3_EV_IRQHandler
                0x000000000800359c                RTC_WKUP_IRQHandler
                0x000000000800359c                DMA1_Stream0_IRQHandler
                0x000000000800359c                WWDG_IRQHandler
                0x000000000800359c                TIM2_IRQHandler
                0x000000000800359c                OTG_FS_WKUP_IRQHandler
                0x000000000800359c                TIM1_TRG_COM_TIM11_IRQHandler
                0x000000000800359c                USART2_IRQHandler
                0x000000000800359c                I2C2_ER_IRQHandler
                0x000000000800359c                DMA2_Stream1_IRQHandler
                0x000000000800359c                FLASH_IRQHandler
                0x000000000800359c                DMA2_Stream4_IRQHandler
                0x000000000800359c                USART1_IRQHandler
                0x000000000800359c                OTG_FS_IRQHandler
                0x000000000800359c                DMA1_Stream4_IRQHandler
                0x000000000800359c                I2C1_ER_IRQHandler
                0x000000000800359c                DMA2_Stream6_IRQHandler
                0x000000000800359c                DMA1_Stream3_IRQHandler
 *fill*         0x000000000800359e        0x2 
 .text.atexit   0x00000000080035a0        0xc /usr/lib/gcc/arm-none-eabi/12.2.0/../../../../arm-none-eabi/lib/thumb/v7e-m+fp/hard/libc.a(libc_a-atexit.o)
                0x00000000080035a0                atexit
 .text.memset   0x00000000080035ac       0xa4 /usr/lib/gcc/arm-none-eabi/12.2.0/../../../../arm-none-eabi/lib/thumb/v7e-m+fp/hard/libc.a(libc_a-memset.o)
                0x00000000080035ac                memset
 .text.__libc_init_array
                0x0000000008003650       0x50 /usr/lib/gcc/arm-none-eabi/12.2.0/../../../../arm-none-eabi/lib/thumb/v7e-m+fp/hard/libc.a(libc_a-init.o)
                0x0000000008003650                __libc_init_array
 .text.__libc_fini_array
                0x00000000080036a0       0x28 /usr/lib/gcc/arm-none-eabi/12.2.0/../../../../arm-none-eabi/lib/thumb/v7e-m+fp/hard/libc.a(libc_a-fini.o)
                0x00000000080036a0                __libc_fini_array
 .text.__retarget_lock_acquire_recursive
                0x00000000080036c8        0x4 /usr/lib/gcc/arm-none-eabi/12.2.0/../../../../arm-none-eabi/lib/thumb/v7e-m+fp/hard/libc.a(libc_a-lock.o)
                0x00000000080036c8                __retarget_lock_acquire_recursive
 .text.__retarget_lock_release_recursive
                0x00000000080036cc        0x4 /usr/lib/gcc/arm-none-eabi/12.2.0/../../../../arm-none-eabi/lib/thumb/v7e-m+fp/hard/libc.a(libc_a-lock.o)
                0x00000000080036cc                __retarget_lock_release_recursive
 .text.__register_exitproc
                0x00000000080036d0       0x80 /usr/lib/gcc/arm-none-eabi/12.2.0/../../../../arm-none-eabi/lib/thumb/v7e-m+fp/hard/libc.a(libc_a-__atexit.o)
                0x00000000080036d0                __register_exitproc
 .text.startup.register_fini
                0x0000000008003750       0x14 /usr/lib/gcc/arm-none-eabi/12.2.0/../../../../arm-none-eabi/lib/thumb/v7e-m+fp/hard/libc.a(libc_a-__call_atexit.o)
 *(.glue_7)
 .glue_7        0x0000000008003764        0x0 linker stubs
 *(.glue_7t)
 .glue_7t       0x0000000008003764        0x0 linker stubs
 *(.eh_frame)
 .eh_frame      0x0000000008003764        0x0 /usr/lib/gcc/arm-none-eabi/12.2.0/thumb/v7e-m+fp/hard/crtbegin.o
 *(.init)
 .init          0x0000000008003764        0x4 /usr/lib/gcc/arm-none-eabi/12.2.0/thumb/v7e-m+fp/hard/crti.o
                0x0000000008003764                _init
 .init          0x0000000008003768        0x8 /usr/lib/gcc/arm-none-eabi/12.2.0/thumb/v7e-m+fp/hard/crtn.o
 *(.fini)
 .fini          0x0000000008003770        0x4 /usr/lib/gcc/arm-none-eabi/12.2.0/thumb/v7e-m+fp/hard/crti.o
                0x0000000008003770                _fini
 .fini          0x0000000008003774        0x8 /usr/lib/gcc/arm-none-eabi/12.2.0/thumb/v7e-m+fp/hard/crtn.o
                0x000000000800377c                . = ALIGN (0x4)
                0x000000000800377c                _etext = .

.vfp11_veneer   0x000000000800377c        0x0
 .vfp11_veneer  0x000000000800377c        0x0 linker stubs

.v4_bx          0x000000000800377c        0x0
 .v4_bx         0x000000000800377c        0x0 linker stubs

.iplt           0x000000000800377c        0x0
 .iplt          0x000000000800377c        0x0 /usr/lib/gcc/arm-none-eabi/12.2.0/thumb/v7e-m+fp/hard/crtbegin.o

.rodata         0x000000000800377c      0x898
                0x000000000800377c                . = ALIGN (0x4)
 *(.rodata)
 .rodata        0x000000000800377c      0x114 startup/stm32f411_periph.o
                0x000000000800377c                _SCnSCB
                0x0000000008003780                _SCB
                0x0000000008003784                _SysTick
                0x0000000008003788                _NVIC
                0x000000000800378c                _ITM
                0x0000000008003790                _DWT
                0x0000000008003794                _TPI
                0x0000000008003798                _CoreDebug
                0x000000000800379c                _MPU
                0x00000000080037a0                _FPU
                0x00000000080037a4                _TIM2
                0x00000000080037a8                _TIM3
                0x00000000080037ac                _TIM4
                0x00000000080037b0                _TIM5
                0x00000000080037b4                _RTC
                0x00000000080037b8                _WWDG
                0x00000000080037bc                _IWDG
                0x00000000080037c0                _I2S2ext
                0x00000000080037c4                _SPI2
                0x00000000080037c8                _SPI3
                0x00000000080037cc                _I2S3ext
                0x00000000080037d0                _USART2
                0x00000000080037d4                _I2C1
                0x00000000080037d8                _I2C2
                0x00000000080037dc                _I2C3
                0x00000000080037e0                _PWR
                0x00000000080037e4                _TIM1
                0x00000000080037e8                _USART1
                0x00000000080037ec                _USART6
                0x00000000080037f0                _ADC1
                0x00000000080037f4                _ADC
                0x00000000080037f8                _SDIO
                0x00000000080037fc                _SPI1
                0x0000000008003800                _SPI4
                0x0000000008003804                _SYSCFG
                0x0000000008003808                _EXTI
                0x000000000800380c                _TIM9
                0x0000000008003810                _TIM10
                0x0000000008003814                _TIM11
                0x0000000008003818                _SPI5
                0x000000000800381c                _GPIOA
                0x0000000008003820                _GPIOB
                0x0000000008003824                _GPIOC
                0x0000000008003828                _GPIOD
                0x000000000800382c                _GPIOE
                0x0000000008003830                _GPIOH
                0x0000000008003834                _CRC
                0x0000000008003838                _RCC
                0x000000000800383c                _FLASH
                0x0000000008003840                _DMA1
                0x0000000008003844                _DMA1_Stream0
                0x0000000008003848                _DMA1_Stream1
                0x000000000800384c                _DMA1_Stream2
                0x0000000008003850                _DMA1_Stream3
                0x0000000008003854                _DMA1_Stream4
                0x0000000008003858                _DMA1_Stream5
                0x000000000800385c                _DMA1_Stream6
                0x0000000008003860                _DMA1_Stream7
                0x0000000008003864                _DMA2
                0x0000000008003868                _DMA2_Stream0
                0x000000000800386c                _DMA2_Stream1
                0x0000000008003870                _DMA2_Stream2
                0x0000000008003874                _DMA2_Stream3
                0x0000000008003878                _DMA2_Stream4
                0x000000000800387c                _DMA2_Stream5
                0x0000000008003880                _DMA2_Stream6
                0x0000000008003884                _DMA2_Stream7
                0x0000000008003888                _DBGMCU
                0x000000000800388c                _USB_OTG_FS
 .rodata        0x0000000008003890       0x10 startup/system_stm32f4xx.o
                0x0000000008003890                AHBPrescTable
 .rodata        0x00000000080038a0        0x8 src/main.o
 .rodata        0x00000000080038a8      0x724 lib/stm32f411.a(lcd_128x32.o)
 *(.rodata*)
 .rodata.all_implied_fbits
                0x0000000008003fcc       0x24 /usr/lib/gcc/arm-none-eabi/12.2.0/thumb/v7e-m+fp/hard/crtbegin.o
 .rodata.all_implied_fbits
                0x0000000008003ff0       0x24 /usr/lib/gcc/arm-none-eabi/12.2.0/thumb/v7e-m+fp/hard/crtend.o
                0x0000000008004014                . = ALIGN (0x4)

.rel.dyn        0x0000000008004014        0x0
 .rel.iplt      0x0000000008004014        0x0 /usr/lib/gcc/arm-none-eabi/12.2.0/thumb/v7e-m+fp/hard/crtbegin.o

.ARM.extab
 *(.ARM.extab* .gnu.linkonce.armextab.*)

.ARM            0x0000000008004014        0x0
                0x0000000008004014                __exidx_start = .
 *(.ARM.exidx*)
                0x0000000008004014                __exidx_end = .

.preinit_array  0x0000000008004014        0x0
                0x0000000008004014                PROVIDE (__preinit_array_start = .)
 *(.preinit_array*)
                0x0000000008004014                PROVIDE (__preinit_array_end = .)

.init_array     0x0000000008004014        0x8
                0x0000000008004014                PROVIDE (__init_array_start = .)
 *(SORT_BY_NAME(.init_array.*))
 .init_array.00000
                0x0000000008004014        0x4 /usr/lib/gcc/arm-none-eabi/12.2.0/../../../../arm-none-eabi/lib/thumb/v7e-m+fp/hard/libc.a(libc_a-__call_atexit.o)
 *(.init_array*)
 .init_array    0x0000000008004018        0x4 /usr/lib/gcc/arm-none-eabi/12.2.0/thumb/v7e-m+fp/hard/crtbegin.o
                0x000000000800401c                PROVIDE (__init_array_end = .)

.fini_array     0x000000000800401c        0x4
                0x000000000800401c                PROVIDE (__fini_array_start = .)
 *(SORT_BY_NAME(.fini_array.*))
 *(.fini_array*)
 .fini_array    0x000000000800401c        0x4 /usr/lib/gcc/arm-none-eabi/12.2.0/thumb/v7e-m+fp/hard/crtbegin.o
                0x0000000008004020                PROVIDE (__fini_array_end = .)
                0x0000000008004020                _sidata = LOADADDR (.data)

.data           0x0000000020000000       0xe8 load address 0x0000000008004020
                0x0000000020000000                . = ALIGN (0x4)
                0x0000000020000000                _sdata = .
 *(.data)
 .data          0x0000000020000000       0xa8 startup/rcc.o
 .data          0x00000000200000a8        0x4 startup/system_stm32f4xx.o
                0x00000000200000a8                SystemCoreClock
 .data          0x00000000200000ac       0x1c src/main.o
                0x00000000200000ac                ball_x
                0x00000000200000b0                ball_y
                0x00000000200000b4                ball_r
                0x00000000200000b8                ball_xVel
                0x00000000200000bc                ball_yVel
                0x00000000200000c0                ball_ratio
                0x00000000200000c4                game_yPlayer1
                0x00000000200000c5                game_yPlayer2
                0x00000000200000c6                game_border
                0x00000000200000c7                game_barHeight
 .data          0x00000000200000c8        0x8 lib/stm32f411.a(lcd_128x32.o)
 .data          0x00000000200000d0       0x11 lib/stm32f411.a(util.o)
 *(.data*)
 *fill*         0x00000000200000e1        0x3 
 .data.__atexit_recursive_mutex
                0x00000000200000e4        0x4 /usr/lib/gcc/arm-none-eabi/12.2.0/../../../../arm-none-eabi/lib/thumb/v7e-m+fp/hard/libc.a(libc_a-__call_atexit.o)
                0x00000000200000e4                __atexit_recursive_mutex
                0x00000000200000e8                . = ALIGN (0x4)
                0x00000000200000e8                _edata = .

.igot.plt       0x00000000200000e8        0x0 load address 0x0000000008004108
 .igot.plt      0x00000000200000e8        0x0 /usr/lib/gcc/arm-none-eabi/12.2.0/thumb/v7e-m+fp/hard/crtbegin.o
                0x00000000200000e8                . = ALIGN (0x4)

.bss            0x00000000200000e8      0x45c load address 0x0000000008004108
                0x00000000200000e8                _sbss = .
                0x00000000200000e8                __bss_start__ = _sbss
 *(.bss)
 .bss           0x00000000200000e8       0x14 startup/system_stm32f4xx.o
                0x00000000200000e8                sysclks
 .bss           0x00000000200000fc       0x1c lib/adc.o
 .bss           0x0000000020000118        0x6 src/main.o
                0x0000000020000118                bounce
                0x000000002000011c                game_scorePlayer1
                0x000000002000011d                game_scorePlayer2
 *fill*         0x000000002000011e        0x2 
 .bss           0x0000000020000120       0x40 lib/stm32f411.a(io.o)
 .bss           0x0000000020000160      0x210 lib/stm32f411.a(lcd_128x32.o)
 .bss           0x0000000020000370       0x1c lib/stm32f411.a(spi.o)
                0x0000000020000380                cpt
                0x0000000020000384                cpt1
                0x0000000020000388                cpt2
 *(.bss*)
 .bss.completed.1
                0x000000002000038c        0x1 /usr/lib/gcc/arm-none-eabi/12.2.0/thumb/v7e-m+fp/hard/crtbegin.o
 *fill*         0x000000002000038d        0x3 
 .bss.object.0  0x0000000020000390       0x18 /usr/lib/gcc/arm-none-eabi/12.2.0/thumb/v7e-m+fp/hard/crtbegin.o
 .bss.__lock___atexit_recursive_mutex
                0x00000000200003a8        0x1 /usr/lib/gcc/arm-none-eabi/12.2.0/../../../../arm-none-eabi/lib/thumb/v7e-m+fp/hard/libc.a(libc_a-lock.o)
                0x00000000200003a8                __lock___atexit_recursive_mutex
 *fill*         0x00000000200003a9        0x3 
 .bss.__atexit0
                0x00000000200003ac      0x190 /usr/lib/gcc/arm-none-eabi/12.2.0/../../../../arm-none-eabi/lib/thumb/v7e-m+fp/hard/libc.a(libc_a-__atexit.o)
                0x00000000200003ac                __atexit0
 .bss.__atexit  0x000000002000053c        0x4 /usr/lib/gcc/arm-none-eabi/12.2.0/../../../../arm-none-eabi/lib/thumb/v7e-m+fp/hard/libc.a(libc_a-__call_atexit.o)
                0x000000002000053c                __atexit
 *(COMMON)
 COMMON         0x0000000020000540        0x4 lib/stm32f411.a(spi.o)
                0x0000000020000540                sr
                0x0000000020000544                . = ALIGN (0x4)
                0x0000000020000544                _ebss = .
                0x0000000020000544                __bss_end__ = _ebss

._user_heap_stack
                0x0000000020000544      0x600 load address 0x0000000008004108
                0x0000000020000544                . = ALIGN (0x4)
                [!provide]                        PROVIDE (end = .)
                [!provide]                        PROVIDE (_end = .)
                0x0000000020000744                . = (. + _Min_Heap_Size)
 *fill*         0x0000000020000544      0x200 
                0x0000000020000b44                . = (. + _Min_Stack_Size)
 *fill*         0x0000000020000744      0x400 
                0x0000000020000b44                . = ALIGN (0x4)

/DISCARD/
 libc.a(*)
 libm.a(*)
 libgcc.a(*)

.ARM.attributes
                0x0000000000000000       0x30
 *(.ARM.attributes)
 .ARM.attributes
                0x0000000000000000       0x22 /usr/lib/gcc/arm-none-eabi/12.2.0/thumb/v7e-m+fp/hard/crti.o
 .ARM.attributes
                0x0000000000000022       0x34 /usr/lib/gcc/arm-none-eabi/12.2.0/thumb/v7e-m+fp/hard/crtbegin.o
 .ARM.attributes
                0x0000000000000056       0x34 startup/stm32f411_periph.o
 .ARM.attributes
                0x000000000000008a       0x34 startup/sys_handlers.o
 .ARM.attributes
                0x00000000000000be       0x34 startup/rcc.o
 .ARM.attributes
                0x00000000000000f2       0x34 startup/system_stm32f4xx.o
 .ARM.attributes
                0x0000000000000126       0x34 lib/timer.o
 .ARM.attributes
                0x000000000000015a       0x34 lib/adc.o
 .ARM.attributes
                0x000000000000018e       0x34 src/main.o
 .ARM.attributes
                0x00000000000001c2       0x21 startup/startup_stm32f411xe.o
 .ARM.attributes
                0x00000000000001e3       0x34 /usr/lib/gcc/arm-none-eabi/12.2.0/../../../../arm-none-eabi/lib/thumb/v7e-m+fp/hard/libc.a(libc_a-atexit.o)
 .ARM.attributes
                0x0000000000000217       0x34 /usr/lib/gcc/arm-none-eabi/12.2.0/../../../../arm-none-eabi/lib/thumb/v7e-m+fp/hard/libc.a(libc_a-memset.o)
 .ARM.attributes
                0x000000000000024b       0x34 /usr/lib/gcc/arm-none-eabi/12.2.0/../../../../arm-none-eabi/lib/thumb/v7e-m+fp/hard/libc.a(libc_a-init.o)
 .ARM.attributes
                0x000000000000027f       0x34 /usr/lib/gcc/arm-none-eabi/12.2.0/../../../../arm-none-eabi/lib/thumb/v7e-m+fp/hard/libc.a(libc_a-fini.o)
 .ARM.attributes
                0x00000000000002b3       0x34 /usr/lib/gcc/arm-none-eabi/12.2.0/../../../../arm-none-eabi/lib/thumb/v7e-m+fp/hard/libc.a(libc_a-lock.o)
 .ARM.attributes
                0x00000000000002e7       0x34 /usr/lib/gcc/arm-none-eabi/12.2.0/../../../../arm-none-eabi/lib/thumb/v7e-m+fp/hard/libc.a(libc_a-__atexit.o)
 .ARM.attributes
                0x000000000000031b       0x34 /usr/lib/gcc/arm-none-eabi/12.2.0/../../../../arm-none-eabi/lib/thumb/v7e-m+fp/hard/libc.a(libc_a-__call_atexit.o)
 .ARM.attributes
                0x000000000000034f       0x22 /usr/lib/gcc/arm-none-eabi/12.2.0/thumb/v7e-m+fp/hard/libgcc.a(_arm_addsubdf3.o)
 .ARM.attributes
                0x0000000000000371       0x39 lib/stm32f411.a(io.o)
 .ARM.attributes
                0x00000000000003aa       0x39 lib/stm32f411.a(leds.o)
 .ARM.attributes
                0x00000000000003e3       0x39 lib/stm32f411.a(lcd_128x32.o)
 .ARM.attributes
                0x000000000000041c       0x39 lib/stm32f411.a(spi.o)
 .ARM.attributes
                0x0000000000000455       0x39 lib/stm32f411.a(util.o)
 .ARM.attributes
                0x000000000000048e       0x34 /usr/lib/gcc/arm-none-eabi/12.2.0/thumb/v7e-m+fp/hard/crtend.o
 .ARM.attributes
                0x00000000000004c2       0x22 /usr/lib/gcc/arm-none-eabi/12.2.0/thumb/v7e-m+fp/hard/crtn.o
OUTPUT(main.elf elf32-littlearm)
LOAD linker stubs
LOAD /usr/lib/gcc/arm-none-eabi/12.2.0/../../../../arm-none-eabi/lib/thumb/v7e-m+fp/hard/libc.a
LOAD /usr/lib/gcc/arm-none-eabi/12.2.0/../../../../arm-none-eabi/lib/thumb/v7e-m+fp/hard/libm.a
LOAD /usr/lib/gcc/arm-none-eabi/12.2.0/thumb/v7e-m+fp/hard/libgcc.a

.debug_info     0x0000000000000000    0x1041e
 .debug_info    0x0000000000000000     0x2241 startup/stm32f411_periph.o
 .debug_info    0x0000000000002241      0x104 startup/sys_handlers.o
 .debug_info    0x0000000000002345      0x56e startup/rcc.o
 .debug_info    0x00000000000028b3      0x5d2 startup/system_stm32f4xx.o
 .debug_info    0x0000000000002e85      0x629 lib/timer.o
 .debug_info    0x00000000000034ae      0xf6f lib/adc.o
 .debug_info    0x000000000000441d      0x6a0 src/main.o
 .debug_info    0x0000000000004abd       0x30 startup/startup_stm32f411xe.o
 .debug_info    0x0000000000004aed      0x118 /usr/lib/gcc/arm-none-eabi/12.2.0/../../../../arm-none-eabi/lib/thumb/v7e-m+fp/hard/libc.a(libc_a-atexit.o)
 .debug_info    0x0000000000004c05      0x135 /usr/lib/gcc/arm-none-eabi/12.2.0/../../../../arm-none-eabi/lib/thumb/v7e-m+fp/hard/libc.a(libc_a-memset.o)
 .debug_info    0x0000000000004d3a      0x10b /usr/lib/gcc/arm-none-eabi/12.2.0/../../../../arm-none-eabi/lib/thumb/v7e-m+fp/hard/libc.a(libc_a-init.o)
 .debug_info    0x0000000000004e45       0xf7 /usr/lib/gcc/arm-none-eabi/12.2.0/../../../../arm-none-eabi/lib/thumb/v7e-m+fp/hard/libc.a(libc_a-fini.o)
 .debug_info    0x0000000000004f3c      0x20a /usr/lib/gcc/arm-none-eabi/12.2.0/../../../../arm-none-eabi/lib/thumb/v7e-m+fp/hard/libc.a(libc_a-lock.o)
 .debug_info    0x0000000000005146      0x25f /usr/lib/gcc/arm-none-eabi/12.2.0/../../../../arm-none-eabi/lib/thumb/v7e-m+fp/hard/libc.a(libc_a-__atexit.o)
 .debug_info    0x00000000000053a5      0x2dd /usr/lib/gcc/arm-none-eabi/12.2.0/../../../../arm-none-eabi/lib/thumb/v7e-m+fp/hard/libc.a(libc_a-__call_atexit.o)
 .debug_info    0x0000000000005682       0xc0 /usr/lib/gcc/arm-none-eabi/12.2.0/thumb/v7e-m+fp/hard/libgcc.a(_arm_addsubdf3.o)
 .debug_info    0x0000000000005742     0x2b7f lib/stm32f411.a(io.o)
 .debug_info    0x00000000000082c1     0x26dd lib/stm32f411.a(leds.o)
 .debug_info    0x000000000000a99e     0x2f2f lib/stm32f411.a(lcd_128x32.o)
 .debug_info    0x000000000000d8cd     0x2a1d lib/stm32f411.a(spi.o)
 .debug_info    0x00000000000102ea      0x134 lib/stm32f411.a(util.o)

.debug_abbrev   0x0000000000000000     0x1fdf
 .debug_abbrev  0x0000000000000000      0x16b startup/stm32f411_periph.o
 .debug_abbrev  0x000000000000016b       0x45 startup/sys_handlers.o
 .debug_abbrev  0x00000000000001b0      0x18b startup/rcc.o
 .debug_abbrev  0x000000000000033b      0x190 startup/system_stm32f4xx.o
 .debug_abbrev  0x00000000000004cb      0x17f lib/timer.o
 .debug_abbrev  0x000000000000064a      0x2f0 lib/adc.o
 .debug_abbrev  0x000000000000093a      0x24d src/main.o
 .debug_abbrev  0x0000000000000b87       0x1d startup/startup_stm32f411xe.o
 .debug_abbrev  0x0000000000000ba4       0xc1 /usr/lib/gcc/arm-none-eabi/12.2.0/../../../../arm-none-eabi/lib/thumb/v7e-m+fp/hard/libc.a(libc_a-atexit.o)
 .debug_abbrev  0x0000000000000c65       0xb7 /usr/lib/gcc/arm-none-eabi/12.2.0/../../../../arm-none-eabi/lib/thumb/v7e-m+fp/hard/libc.a(libc_a-memset.o)
 .debug_abbrev  0x0000000000000d1c       0xc9 /usr/lib/gcc/arm-none-eabi/12.2.0/../../../../arm-none-eabi/lib/thumb/v7e-m+fp/hard/libc.a(libc_a-init.o)
 .debug_abbrev  0x0000000000000de5       0xcc /usr/lib/gcc/arm-none-eabi/12.2.0/../../../../arm-none-eabi/lib/thumb/v7e-m+fp/hard/libc.a(libc_a-fini.o)
 .debug_abbrev  0x0000000000000eb1      0x115 /usr/lib/gcc/arm-none-eabi/12.2.0/../../../../arm-none-eabi/lib/thumb/v7e-m+fp/hard/libc.a(libc_a-lock.o)
 .debug_abbrev  0x0000000000000fc6      0x189 /usr/lib/gcc/arm-none-eabi/12.2.0/../../../../arm-none-eabi/lib/thumb/v7e-m+fp/hard/libc.a(libc_a-__atexit.o)
 .debug_abbrev  0x000000000000114f      0x20c /usr/lib/gcc/arm-none-eabi/12.2.0/../../../../arm-none-eabi/lib/thumb/v7e-m+fp/hard/libc.a(libc_a-__call_atexit.o)
 .debug_abbrev  0x000000000000135b       0x21 /usr/lib/gcc/arm-none-eabi/12.2.0/thumb/v7e-m+fp/hard/libgcc.a(_arm_addsubdf3.o)
 .debug_abbrev  0x000000000000137c      0x322 lib/stm32f411.a(io.o)
 .debug_abbrev  0x000000000000169e      0x21a lib/stm32f411.a(leds.o)
 .debug_abbrev  0x00000000000018b8      0x399 lib/stm32f411.a(lcd_128x32.o)
 .debug_abbrev  0x0000000000001c51      0x2d7 lib/stm32f411.a(spi.o)
 .debug_abbrev  0x0000000000001f28       0xb7 lib/stm32f411.a(util.o)

.debug_aranges  0x0000000000000000      0x2f0
 .debug_aranges
                0x0000000000000000       0x18 startup/stm32f411_periph.o
 .debug_aranges
                0x0000000000000018       0x20 startup/sys_handlers.o
 .debug_aranges
                0x0000000000000038       0x20 startup/rcc.o
 .debug_aranges
                0x0000000000000058       0x20 startup/system_stm32f4xx.o
 .debug_aranges
                0x0000000000000078       0x20 lib/timer.o
 .debug_aranges
                0x0000000000000098       0x20 lib/adc.o
 .debug_aranges
                0x00000000000000b8       0x20 src/main.o
 .debug_aranges
                0x00000000000000d8       0x28 startup/startup_stm32f411xe.o
 .debug_aranges
                0x0000000000000100       0x20 /usr/lib/gcc/arm-none-eabi/12.2.0/../../../../arm-none-eabi/lib/thumb/v7e-m+fp/hard/libc.a(libc_a-atexit.o)
 .debug_aranges
                0x0000000000000120       0x20 /usr/lib/gcc/arm-none-eabi/12.2.0/../../../../arm-none-eabi/lib/thumb/v7e-m+fp/hard/libc.a(libc_a-memset.o)
 .debug_aranges
                0x0000000000000140       0x20 /usr/lib/gcc/arm-none-eabi/12.2.0/../../../../arm-none-eabi/lib/thumb/v7e-m+fp/hard/libc.a(libc_a-init.o)
 .debug_aranges
                0x0000000000000160       0x20 /usr/lib/gcc/arm-none-eabi/12.2.0/../../../../arm-none-eabi/lib/thumb/v7e-m+fp/hard/libc.a(libc_a-fini.o)
 .debug_aranges
                0x0000000000000180       0x68 /usr/lib/gcc/arm-none-eabi/12.2.0/../../../../arm-none-eabi/lib/thumb/v7e-m+fp/hard/libc.a(libc_a-lock.o)
 .debug_aranges
                0x00000000000001e8       0x20 /usr/lib/gcc/arm-none-eabi/12.2.0/../../../../arm-none-eabi/lib/thumb/v7e-m+fp/hard/libc.a(libc_a-__atexit.o)
 .debug_aranges
                0x0000000000000208       0x28 /usr/lib/gcc/arm-none-eabi/12.2.0/../../../../arm-none-eabi/lib/thumb/v7e-m+fp/hard/libc.a(libc_a-__call_atexit.o)
 .debug_aranges
                0x0000000000000230       0x20 /usr/lib/gcc/arm-none-eabi/12.2.0/thumb/v7e-m+fp/hard/libgcc.a(_arm_addsubdf3.o)
 .debug_aranges
                0x0000000000000250       0x20 lib/stm32f411.a(io.o)
 .debug_aranges
                0x0000000000000270       0x20 lib/stm32f411.a(leds.o)
 .debug_aranges
                0x0000000000000290       0x20 lib/stm32f411.a(lcd_128x32.o)
 .debug_aranges
                0x00000000000002b0       0x20 lib/stm32f411.a(spi.o)
 .debug_aranges
                0x00000000000002d0       0x20 lib/stm32f411.a(util.o)

.debug_line     0x0000000000000000     0x2bcf
 .debug_line    0x0000000000000000       0xe2 startup/stm32f411_periph.o
 .debug_line    0x00000000000000e2       0x81 startup/sys_handlers.o
 .debug_line    0x0000000000000163      0x39d startup/rcc.o
 .debug_line    0x0000000000000500      0x1be startup/system_stm32f4xx.o
 .debug_line    0x00000000000006be      0x1b9 lib/timer.o
 .debug_line    0x0000000000000877      0x461 lib/adc.o
 .debug_line    0x0000000000000cd8      0x32f src/main.o
 .debug_line    0x0000000000001007       0x79 startup/startup_stm32f411xe.o
 .debug_line    0x0000000000001080       0xe4 /usr/lib/gcc/arm-none-eabi/12.2.0/../../../../arm-none-eabi/lib/thumb/v7e-m+fp/hard/libc.a(libc_a-atexit.o)
 .debug_line    0x0000000000001164      0x1da /usr/lib/gcc/arm-none-eabi/12.2.0/../../../../arm-none-eabi/lib/thumb/v7e-m+fp/hard/libc.a(libc_a-memset.o)
 .debug_line    0x000000000000133e      0x13c /usr/lib/gcc/arm-none-eabi/12.2.0/../../../../arm-none-eabi/lib/thumb/v7e-m+fp/hard/libc.a(libc_a-init.o)
 .debug_line    0x000000000000147a       0xec /usr/lib/gcc/arm-none-eabi/12.2.0/../../../../arm-none-eabi/lib/thumb/v7e-m+fp/hard/libc.a(libc_a-fini.o)
 .debug_line    0x0000000000001566      0x17d /usr/lib/gcc/arm-none-eabi/12.2.0/../../../../arm-none-eabi/lib/thumb/v7e-m+fp/hard/libc.a(libc_a-lock.o)
 .debug_line    0x00000000000016e3      0x196 /usr/lib/gcc/arm-none-eabi/12.2.0/../../../../arm-none-eabi/lib/thumb/v7e-m+fp/hard/libc.a(libc_a-__atexit.o)
 .debug_line    0x0000000000001879      0x26e /usr/lib/gcc/arm-none-eabi/12.2.0/../../../../arm-none-eabi/lib/thumb/v7e-m+fp/hard/libc.a(libc_a-__call_atexit.o)
 .debug_line    0x0000000000001ae7      0x16f /usr/lib/gcc/arm-none-eabi/12.2.0/thumb/v7e-m+fp/hard/libgcc.a(_arm_addsubdf3.o)
 .debug_line    0x0000000000001c56      0x465 lib/stm32f411.a(io.o)
 .debug_line    0x00000000000020bb      0x283 lib/stm32f411.a(leds.o)
 .debug_line    0x000000000000233e      0x510 lib/stm32f411.a(lcd_128x32.o)
 .debug_line    0x000000000000284e      0x2ec lib/stm32f411.a(spi.o)
 .debug_line    0x0000000000002b3a       0x95 lib/stm32f411.a(util.o)

.debug_str      0x0000000000000000     0x26a4
 .debug_str     0x0000000000000000      0xbd8 startup/stm32f411_periph.o
                                        0xc56 (size before relaxing)
 .debug_str     0x0000000000000bd8       0xa7 startup/sys_handlers.o
                                        0x1cc (size before relaxing)
 .debug_str     0x0000000000000c7f      0x1f9 startup/rcc.o
                                        0x4ae (size before relaxing)
 .debug_str     0x0000000000000e78       0x6b startup/system_stm32f4xx.o
                                        0x451 (size before relaxing)
 .debug_str     0x0000000000000ee3       0x9a lib/timer.o
                                        0x370 (size before relaxing)
 .debug_str     0x0000000000000f7d      0x584 lib/adc.o
                                        0x9a4 (size before relaxing)
 .debug_str     0x0000000000001501      0x142 src/main.o
                                        0x39f (size before relaxing)
 .debug_str     0x0000000000001643       0x56 startup/startup_stm32f411xe.o
 .debug_str     0x0000000000001699      0x16e /usr/lib/gcc/arm-none-eabi/12.2.0/../../../../arm-none-eabi/lib/thumb/v7e-m+fp/hard/libc.a(libc_a-atexit.o)
                                        0x1fe (size before relaxing)
 .debug_str     0x0000000000001807       0x66 /usr/lib/gcc/arm-none-eabi/12.2.0/../../../../arm-none-eabi/lib/thumb/v7e-m+fp/hard/libc.a(libc_a-memset.o)
                                        0x1d5 (size before relaxing)
 .debug_str     0x000000000000186d       0xa0 /usr/lib/gcc/arm-none-eabi/12.2.0/../../../../arm-none-eabi/lib/thumb/v7e-m+fp/hard/libc.a(libc_a-init.o)
                                        0x222 (size before relaxing)
 .debug_str     0x000000000000190d       0x76 /usr/lib/gcc/arm-none-eabi/12.2.0/../../../../arm-none-eabi/lib/thumb/v7e-m+fp/hard/libc.a(libc_a-fini.o)
                                        0x1f8 (size before relaxing)
 .debug_str     0x0000000000001983      0x249 /usr/lib/gcc/arm-none-eabi/12.2.0/../../../../arm-none-eabi/lib/thumb/v7e-m+fp/hard/libc.a(libc_a-lock.o)
                                        0x334 (size before relaxing)
 .debug_str     0x0000000000001bcc       0x9e /usr/lib/gcc/arm-none-eabi/12.2.0/../../../../arm-none-eabi/lib/thumb/v7e-m+fp/hard/libc.a(libc_a-__atexit.o)
                                        0x2d5 (size before relaxing)
 .debug_str     0x0000000000001c6a       0x89 /usr/lib/gcc/arm-none-eabi/12.2.0/../../../../arm-none-eabi/lib/thumb/v7e-m+fp/hard/libc.a(libc_a-__call_atexit.o)
                                        0x2fe (size before relaxing)
 .debug_str     0x0000000000001cf3      0x151 /usr/lib/gcc/arm-none-eabi/12.2.0/thumb/v7e-m+fp/hard/libgcc.a(_arm_addsubdf3.o)
                                        0x15d (size before relaxing)
 .debug_str     0x0000000000001e44      0x55f lib/stm32f411.a(io.o)
                                       0x15f9 (size before relaxing)
 .debug_str     0x00000000000023a3       0x2c lib/stm32f411.a(leds.o)
                                       0x112e (size before relaxing)
 .debug_str     0x00000000000023cf      0x1f2 lib/stm32f411.a(lcd_128x32.o)
                                       0x1361 (size before relaxing)
 .debug_str     0x00000000000025c1       0xbf lib/stm32f411.a(spi.o)
                                       0x15a5 (size before relaxing)
 .debug_str     0x0000000000002680       0x24 lib/stm32f411.a(util.o)
                                        0x135 (size before relaxing)

.comment        0x0000000000000000       0x9d
 .comment       0x0000000000000000       0x1e startup/stm32f411_periph.o
                                         0x1f (size before relaxing)
 .comment       0x000000000000001e       0x1f startup/sys_handlers.o
 .comment       0x000000000000001e       0x1f startup/rcc.o
 .comment       0x000000000000001e       0x1f startup/system_stm32f4xx.o
 .comment       0x000000000000001e       0x1f lib/timer.o
 .comment       0x000000000000001e       0x1f lib/adc.o
 .comment       0x000000000000001e       0x1f src/main.o
 .comment       0x000000000000001e       0x1f /usr/lib/gcc/arm-none-eabi/12.2.0/../../../../arm-none-eabi/lib/thumb/v7e-m+fp/hard/libc.a(libc_a-atexit.o)
 .comment       0x000000000000001e       0x1f /usr/lib/gcc/arm-none-eabi/12.2.0/../../../../arm-none-eabi/lib/thumb/v7e-m+fp/hard/libc.a(libc_a-memset.o)
 .comment       0x000000000000001e       0x1f /usr/lib/gcc/arm-none-eabi/12.2.0/../../../../arm-none-eabi/lib/thumb/v7e-m+fp/hard/libc.a(libc_a-init.o)
 .comment       0x000000000000001e       0x1f /usr/lib/gcc/arm-none-eabi/12.2.0/../../../../arm-none-eabi/lib/thumb/v7e-m+fp/hard/libc.a(libc_a-fini.o)
 .comment       0x000000000000001e       0x1f /usr/lib/gcc/arm-none-eabi/12.2.0/../../../../arm-none-eabi/lib/thumb/v7e-m+fp/hard/libc.a(libc_a-lock.o)
 .comment       0x000000000000001e       0x1f /usr/lib/gcc/arm-none-eabi/12.2.0/../../../../arm-none-eabi/lib/thumb/v7e-m+fp/hard/libc.a(libc_a-__atexit.o)
 .comment       0x000000000000001e       0x1f /usr/lib/gcc/arm-none-eabi/12.2.0/../../../../arm-none-eabi/lib/thumb/v7e-m+fp/hard/libc.a(libc_a-__call_atexit.o)
 .comment       0x000000000000001e       0x7f lib/stm32f411.a(io.o)
                                         0x80 (size before relaxing)
 .comment       0x000000000000009d       0x80 lib/stm32f411.a(leds.o)
 .comment       0x000000000000009d       0x80 lib/stm32f411.a(lcd_128x32.o)
 .comment       0x000000000000009d       0x80 lib/stm32f411.a(spi.o)
 .comment       0x000000000000009d       0x80 lib/stm32f411.a(util.o)

.debug_frame    0x0000000000000000      0xc44
 .debug_frame   0x0000000000000000       0xa0 startup/sys_handlers.o
 .debug_frame   0x00000000000000a0       0x74 startup/rcc.o
 .debug_frame   0x0000000000000114       0x40 startup/system_stm32f4xx.o
 .debug_frame   0x0000000000000154       0xa4 lib/timer.o
 .debug_frame   0x00000000000001f8      0x108 lib/adc.o
 .debug_frame   0x0000000000000300       0xac src/main.o
 .debug_frame   0x00000000000003ac       0x20 /usr/lib/gcc/arm-none-eabi/12.2.0/../../../../arm-none-eabi/lib/thumb/v7e-m+fp/hard/libc.a(libc_a-atexit.o)
 .debug_frame   0x00000000000003cc       0x2c /usr/lib/gcc/arm-none-eabi/12.2.0/../../../../arm-none-eabi/lib/thumb/v7e-m+fp/hard/libc.a(libc_a-memset.o)
 .debug_frame   0x00000000000003f8       0x2c /usr/lib/gcc/arm-none-eabi/12.2.0/../../../../arm-none-eabi/lib/thumb/v7e-m+fp/hard/libc.a(libc_a-init.o)
 .debug_frame   0x0000000000000424       0x34 /usr/lib/gcc/arm-none-eabi/12.2.0/../../../../arm-none-eabi/lib/thumb/v7e-m+fp/hard/libc.a(libc_a-fini.o)
 .debug_frame   0x0000000000000458       0xb0 /usr/lib/gcc/arm-none-eabi/12.2.0/../../../../arm-none-eabi/lib/thumb/v7e-m+fp/hard/libc.a(libc_a-lock.o)
 .debug_frame   0x0000000000000508       0x34 /usr/lib/gcc/arm-none-eabi/12.2.0/../../../../arm-none-eabi/lib/thumb/v7e-m+fp/hard/libc.a(libc_a-__atexit.o)
 .debug_frame   0x000000000000053c       0x5c /usr/lib/gcc/arm-none-eabi/12.2.0/../../../../arm-none-eabi/lib/thumb/v7e-m+fp/hard/libc.a(libc_a-__call_atexit.o)
 .debug_frame   0x0000000000000598       0xac /usr/lib/gcc/arm-none-eabi/12.2.0/thumb/v7e-m+fp/hard/libgcc.a(_arm_addsubdf3.o)
 .debug_frame   0x0000000000000644      0x180 lib/stm32f411.a(io.o)
 .debug_frame   0x00000000000007c4       0x98 lib/stm32f411.a(leds.o)
 .debug_frame   0x000000000000085c      0x2c0 lib/stm32f411.a(lcd_128x32.o)
 .debug_frame   0x0000000000000b1c       0xe8 lib/stm32f411.a(spi.o)
 .debug_frame   0x0000000000000c04       0x40 lib/stm32f411.a(util.o)

.debug_rnglists
                0x0000000000000000       0xfc
 .debug_rnglists
                0x0000000000000000       0x22 lib/adc.o
 .debug_rnglists
                0x0000000000000022       0x13 /usr/lib/gcc/arm-none-eabi/12.2.0/../../../../arm-none-eabi/lib/thumb/v7e-m+fp/hard/libc.a(libc_a-atexit.o)
 .debug_rnglists
                0x0000000000000035       0x14 /usr/lib/gcc/arm-none-eabi/12.2.0/../../../../arm-none-eabi/lib/thumb/v7e-m+fp/hard/libc.a(libc_a-memset.o)
 .debug_rnglists
                0x0000000000000049       0x13 /usr/lib/gcc/arm-none-eabi/12.2.0/../../../../arm-none-eabi/lib/thumb/v7e-m+fp/hard/libc.a(libc_a-init.o)
 .debug_rnglists
                0x000000000000005c       0x13 /usr/lib/gcc/arm-none-eabi/12.2.0/../../../../arm-none-eabi/lib/thumb/v7e-m+fp/hard/libc.a(libc_a-fini.o)
 .debug_rnglists
                0x000000000000006f       0x49 /usr/lib/gcc/arm-none-eabi/12.2.0/../../../../arm-none-eabi/lib/thumb/v7e-m+fp/hard/libc.a(libc_a-lock.o)
 .debug_rnglists
                0x00000000000000b8       0x14 /usr/lib/gcc/arm-none-eabi/12.2.0/../../../../arm-none-eabi/lib/thumb/v7e-m+fp/hard/libc.a(libc_a-__atexit.o)
 .debug_rnglists
                0x00000000000000cc       0x30 /usr/lib/gcc/arm-none-eabi/12.2.0/../../../../arm-none-eabi/lib/thumb/v7e-m+fp/hard/libc.a(libc_a-__call_atexit.o)

.debug_ranges   0x0000000000000000       0x38
 .debug_ranges  0x0000000000000000       0x20 startup/startup_stm32f411xe.o
 .debug_ranges  0x0000000000000020       0x18 lib/stm32f411.a(spi.o)

.debug_loclists
                0x0000000000000000      0x47c
 .debug_loclists
                0x0000000000000000       0x2a /usr/lib/gcc/arm-none-eabi/12.2.0/../../../../arm-none-eabi/lib/thumb/v7e-m+fp/hard/libc.a(libc_a-atexit.o)
 .debug_loclists
                0x000000000000002a      0x1cf /usr/lib/gcc/arm-none-eabi/12.2.0/../../../../arm-none-eabi/lib/thumb/v7e-m+fp/hard/libc.a(libc_a-memset.o)
 .debug_loclists
                0x00000000000001f9       0x6f /usr/lib/gcc/arm-none-eabi/12.2.0/../../../../arm-none-eabi/lib/thumb/v7e-m+fp/hard/libc.a(libc_a-init.o)
 .debug_loclists
                0x0000000000000268       0x4c /usr/lib/gcc/arm-none-eabi/12.2.0/../../../../arm-none-eabi/lib/thumb/v7e-m+fp/hard/libc.a(libc_a-fini.o)
 .debug_loclists
                0x00000000000002b4       0x23 /usr/lib/gcc/arm-none-eabi/12.2.0/../../../../arm-none-eabi/lib/thumb/v7e-m+fp/hard/libc.a(libc_a-lock.o)
 .debug_loclists
                0x00000000000002d7       0x8e /usr/lib/gcc/arm-none-eabi/12.2.0/../../../../arm-none-eabi/lib/thumb/v7e-m+fp/hard/libc.a(libc_a-__atexit.o)
 .debug_loclists
                0x0000000000000365      0x117 /usr/lib/gcc/arm-none-eabi/12.2.0/../../../../arm-none-eabi/lib/thumb/v7e-m+fp/hard/libc.a(libc_a-__call_atexit.o)

.debug_line_str
                0x0000000000000000       0x97
 .debug_line_str
                0x0000000000000000       0x97 /usr/lib/gcc/arm-none-eabi/12.2.0/thumb/v7e-m+fp/hard/libgcc.a(_arm_addsubdf3.o)
