Archive member included to satisfy reference by file (symbol)

/usr/lib/gcc/arm-none-eabi/12.2.0/../../../../arm-none-eabi/lib/thumb/v7e-m+fp/hard/libc.a(libc_a-atexit.o)
                              /usr/lib/gcc/arm-none-eabi/12.2.0/../../../../arm-none-eabi/lib/thumb/v7e-m+fp/hard/crt0.o (atexit)
/usr/lib/gcc/arm-none-eabi/12.2.0/../../../../arm-none-eabi/lib/thumb/v7e-m+fp/hard/libc.a(libc_a-exit.o)
                              /usr/lib/gcc/arm-none-eabi/12.2.0/../../../../arm-none-eabi/lib/thumb/v7e-m+fp/hard/crt0.o (exit)
/usr/lib/gcc/arm-none-eabi/12.2.0/../../../../arm-none-eabi/lib/thumb/v7e-m+fp/hard/libc.a(libc_a-findfp.o)
                              /usr/lib/gcc/arm-none-eabi/12.2.0/../../../../arm-none-eabi/lib/thumb/v7e-m+fp/hard/libc.a(libc_a-exit.o) (__stdio_exit_handler)
/usr/lib/gcc/arm-none-eabi/12.2.0/../../../../arm-none-eabi/lib/thumb/v7e-m+fp/hard/libc.a(libc_a-fwalk.o)
                              /usr/lib/gcc/arm-none-eabi/12.2.0/../../../../arm-none-eabi/lib/thumb/v7e-m+fp/hard/libc.a(libc_a-findfp.o) (_fwalk_sglue)
/usr/lib/gcc/arm-none-eabi/12.2.0/../../../../arm-none-eabi/lib/thumb/v7e-m+fp/hard/libc.a(libc_a-stdio.o)
                              /usr/lib/gcc/arm-none-eabi/12.2.0/../../../../arm-none-eabi/lib/thumb/v7e-m+fp/hard/libc.a(libc_a-findfp.o) (__sread)
/usr/lib/gcc/arm-none-eabi/12.2.0/../../../../arm-none-eabi/lib/thumb/v7e-m+fp/hard/libc.a(libc_a-memset.o)
                              /usr/lib/gcc/arm-none-eabi/12.2.0/../../../../arm-none-eabi/lib/thumb/v7e-m+fp/hard/crt0.o (memset)
/usr/lib/gcc/arm-none-eabi/12.2.0/../../../../arm-none-eabi/lib/thumb/v7e-m+fp/hard/libc.a(libc_a-closer.o)
                              /usr/lib/gcc/arm-none-eabi/12.2.0/../../../../arm-none-eabi/lib/thumb/v7e-m+fp/hard/libc.a(libc_a-stdio.o) (_close_r)
/usr/lib/gcc/arm-none-eabi/12.2.0/../../../../arm-none-eabi/lib/thumb/v7e-m+fp/hard/libc.a(libc_a-reent.o)
                              /usr/lib/gcc/arm-none-eabi/12.2.0/../../../../arm-none-eabi/lib/thumb/v7e-m+fp/hard/libc.a(libc_a-closer.o) (errno)
/usr/lib/gcc/arm-none-eabi/12.2.0/../../../../arm-none-eabi/lib/thumb/v7e-m+fp/hard/libc.a(libc_a-impure.o)
                              /usr/lib/gcc/arm-none-eabi/12.2.0/../../../../arm-none-eabi/lib/thumb/v7e-m+fp/hard/libc.a(libc_a-reent.o) (_impure_ptr)
/usr/lib/gcc/arm-none-eabi/12.2.0/../../../../arm-none-eabi/lib/thumb/v7e-m+fp/hard/libc.a(libc_a-lseekr.o)
                              /usr/lib/gcc/arm-none-eabi/12.2.0/../../../../arm-none-eabi/lib/thumb/v7e-m+fp/hard/libc.a(libc_a-stdio.o) (_lseek_r)
/usr/lib/gcc/arm-none-eabi/12.2.0/../../../../arm-none-eabi/lib/thumb/v7e-m+fp/hard/libc.a(libc_a-readr.o)
                              /usr/lib/gcc/arm-none-eabi/12.2.0/../../../../arm-none-eabi/lib/thumb/v7e-m+fp/hard/libc.a(libc_a-stdio.o) (_read_r)
/usr/lib/gcc/arm-none-eabi/12.2.0/../../../../arm-none-eabi/lib/thumb/v7e-m+fp/hard/libc.a(libc_a-writer.o)
                              /usr/lib/gcc/arm-none-eabi/12.2.0/../../../../arm-none-eabi/lib/thumb/v7e-m+fp/hard/libc.a(libc_a-stdio.o) (_write_r)
/usr/lib/gcc/arm-none-eabi/12.2.0/../../../../arm-none-eabi/lib/thumb/v7e-m+fp/hard/libc.a(libc_a-init.o)
                              /usr/lib/gcc/arm-none-eabi/12.2.0/../../../../arm-none-eabi/lib/thumb/v7e-m+fp/hard/crt0.o (__libc_init_array)
/usr/lib/gcc/arm-none-eabi/12.2.0/../../../../arm-none-eabi/lib/thumb/v7e-m+fp/hard/libc.a(libc_a-fini.o)
                              /usr/lib/gcc/arm-none-eabi/12.2.0/../../../../arm-none-eabi/lib/thumb/v7e-m+fp/hard/crt0.o (__libc_fini_array)
/usr/lib/gcc/arm-none-eabi/12.2.0/../../../../arm-none-eabi/lib/thumb/v7e-m+fp/hard/libc.a(libc_a-lock.o)
                              /usr/lib/gcc/arm-none-eabi/12.2.0/../../../../arm-none-eabi/lib/thumb/v7e-m+fp/hard/libc.a(libc_a-findfp.o) (__retarget_lock_init_recursive)
/usr/lib/gcc/arm-none-eabi/12.2.0/../../../../arm-none-eabi/lib/thumb/v7e-m+fp/hard/libc.a(libc_a-__atexit.o)
                              /usr/lib/gcc/arm-none-eabi/12.2.0/../../../../arm-none-eabi/lib/thumb/v7e-m+fp/hard/libc.a(libc_a-atexit.o) (__register_exitproc)
/usr/lib/gcc/arm-none-eabi/12.2.0/../../../../arm-none-eabi/lib/thumb/v7e-m+fp/hard/libc.a(libc_a-__call_atexit.o)
                              /usr/lib/gcc/arm-none-eabi/12.2.0/../../../../arm-none-eabi/lib/thumb/v7e-m+fp/hard/libc.a(libc_a-exit.o) (__call_exitprocs)
/usr/lib/gcc/arm-none-eabi/12.2.0/../../../../arm-none-eabi/lib/thumb/v7e-m+fp/hard/libc.a(libc_a-freer.o)
                              /usr/lib/gcc/arm-none-eabi/12.2.0/../../../../arm-none-eabi/lib/thumb/v7e-m+fp/hard/libc.a(libc_a-reent.o) (_free_r)
/usr/lib/gcc/arm-none-eabi/12.2.0/../../../../arm-none-eabi/lib/thumb/v7e-m+fp/hard/libc.a(libc_a-mallocr.o)
                              /usr/lib/gcc/arm-none-eabi/12.2.0/../../../../arm-none-eabi/lib/thumb/v7e-m+fp/hard/libc.a(libc_a-findfp.o) (_malloc_r)
[...]
Memory Configuration

Name             Origin             Length             Attributes
FLASH            0x0000000008000000 0x0000000000080000 xr
RAM              0x0000000020000000 0x0000000000020000 xrw
*default*        0x0000000000000000 0xffffffffffffffff

Linker script and memory map

LOAD /usr/lib/gcc/arm-none-eabi/12.2.0/thumb/v7e-m+fp/hard/crti.o
LOAD /usr/lib/gcc/arm-none-eabi/12.2.0/thumb/v7e-m+fp/hard/crtbegin.o
LOAD /usr/lib/gcc/arm-none-eabi/12.2.0/../../../../arm-none-eabi/lib/thumb/v7e-m+fp/hard/crt0.o
LOAD startup/stm32f411_periph.o
LOAD startup/sys_handlers.o
LOAD startup/rcc.o
LOAD startup/system_stm32f4xx.o
LOAD lib/timer.o
LOAD src/main.o
LOAD startup/startup_stm32f411xe.o
LOAD /usr/lib/gcc/arm-none-eabi/12.2.0/../../../../arm-none-eabi/lib/thumb/v7e-m+fp/hard/libc.a
LOAD /usr/lib/gcc/arm-none-eabi/12.2.0/thumb/v7e-m+fp/hard/libgcc.a
LOAD /usr/lib/gcc/arm-none-eabi/12.2.0/thumb/v7e-m+fp/hard/libgcov.a
LOAD /usr/lib/gcc/arm-none-eabi/12.2.0/../../../../arm-none-eabi/lib/thumb/v7e-m+fp/hard/libm.a
LOAD lib/stm32f411.a
START GROUP
LOAD /usr/lib/gcc/arm-none-eabi/12.2.0/thumb/v7e-m+fp/hard/libgcc.a
LOAD /usr/lib/gcc/arm-none-eabi/12.2.0/../../../../arm-none-eabi/lib/thumb/v7e-m+fp/hard/libc.a
END GROUP
LOAD /usr/lib/gcc/arm-none-eabi/12.2.0/thumb/v7e-m+fp/hard/crtend.o
LOAD /usr/lib/gcc/arm-none-eabi/12.2.0/thumb/v7e-m+fp/hard/crtn.o
                0x0000000020020000                _estack = 0x20020000
                0x0000000000000200                _Min_Heap_Size = 0x200
                0x0000000000000400                _Min_Stack_Size = 0x400

.isr_vector     0x0000000008000000      0x198
                0x0000000008000000                . = ALIGN (0x4)
 *(.isr_vector)
 .isr_vector    0x0000000008000000      0x198 startup/startup_stm32f411xe.o
                0x0000000008000000                g_pfnVectors
                0x0000000008000198                . = ALIGN (0x4)

.text           0x0000000008000198     0x29ac
                0x0000000008000198                . = ALIGN (0x4)
 *(.text)
 .text          0x0000000008000198       0x24 startup/sys_handlers.o
                0x0000000008000198                NMI_Handler
                0x000000000800019c                HardFault_Handler
                0x00000000080001a0                MemManage_Handler
                0x00000000080001a4                BusFault_Handler
                0x00000000080001a8                UsageFault_Handler
                0x00000000080001ac                SVC_Handler
                0x00000000080001b0                DebugMon_Handler
                0x00000000080001b4                PendSV_Handler
                0x00000000080001b8                SysTick_Handler
 .text          0x00000000080001bc      0x3ec startup/rcc.o
                0x00000000080003cc                rcc_config_clock
 .text          0x00000000080005a8      0x16c startup/system_stm32f4xx.o
                0x00000000080005a8                SystemInit
                0x000000000800061c                SystemCoreClockUpdate
 .text          0x0000000008000714      0x2a8 lib/timer.o
                0x0000000008000714                timer_wait_ms
                0x00000000080007e8                timer_wait_us
                0x00000000080008bc                timer_count_init
                0x000000000800097c                timer_start
                0x0000000008000998                timer_stop
                0x00000000080009ae                read_timer
 .text          0x00000000080009bc      0x1a4 src/main.o
                0x00000000080009bc                main
 .text          0x0000000008000b60      0x20c lib/stm32f411.a(sw.o)
                0x0000000008000b60                sw_init
                0x0000000008000ba0                sw_right
                0x0000000008000be8                sw_left
                0x0000000008000c30                sw_up
                0x0000000008000c78                sw_down
                0x0000000008000cc0                sw_center
                0x0000000008000d08                sw_input
 .text          0x0000000008000d6c      0x160 lib/stm32f411.a(leds.o)
                0x0000000008000d6c                leds_init
                0x0000000008000db0                leds
                0x0000000008000e20                red_led
                0x0000000008000e58                green_led
                0x0000000008000e90                blue_led
 .text          0x0000000008000ecc      0xce4 lib/stm32f411.a(lcd_128x32.o)
                0x0000000008001014                lcd_reset
                0x000000000800110c                lcd_set_contrast
                0x000000000800113c                lcd_get_contrast
                0x0000000008001148                lcd_width
                0x000000000800114e                lcd_height
                0x0000000008001154                lcd_invert
                0x0000000008001176                lcd_setmode
                0x000000000800118c                lcd_get_autoup
                0x0000000008001198                lcd_set_autoup
                0x00000000080012c4                locate
                0x00000000080012e4                cls
                0x0000000008001308                line
                0x000000000800144c                rect
                0x0000000008001518                fillrect
                0x0000000008001598                circle
                0x0000000008001748                fillcircle
                0x00000000080017a0                bitmap
                0x00000000080019ac                lcd_putc
                0x0000000008001a28                lcd_puts
                0x0000000008001a78                lcd_printf
 .text          0x0000000008001bb0      0x8e8 lib/stm32f411.a(io.o)
                0x0000000008001c2c                EXTI0_IRQHandler
                0x0000000008001c50                EXTI1_IRQHandler
                0x0000000008001c74                EXTI2_IRQHandler
                0x0000000008001c98                EXTI3_IRQHandler
                0x0000000008001cbc                EXTI4_IRQHandler
                0x0000000008001ce0                EXTI9_5_IRQHandler
                0x0000000008001db0                EXTI15_10_IRQHandler
                0x0000000008001eac                io_configure
                0x00000000080023dc                io_read
                0x00000000080023f6                io_write
                0x0000000008002430                io_write_n
                0x0000000008002466                io_set
                0x000000000800247e                io_clear
 .text          0x0000000008002498      0x308 lib/stm32f411.a(spi.o)
                0x0000000008002514                SPI1_IRQHandler
                0x00000000080025c0                SPI2_IRQHandler
                0x00000000080025c4                SPI3_IRQHandler
                0x00000000080025c8                SPI4_IRQHandler
                0x00000000080025cc                SPI5_IRQHandler
                0x00000000080025d0                spi_master_init
                0x00000000080026f8                spi_write
                0x0000000008002768                spi_write_byte
 .text          0x00000000080027a0      0x138 lib/stm32f411.a(util.o)
                0x00000000080027a0                num2str
                0x000000000800283c                str2num
 *(.text*)
 .text.__do_global_dtors_aux
                0x00000000080028d8       0x24 /usr/lib/gcc/arm-none-eabi/12.2.0/thumb/v7e-m+fp/hard/crtbegin.o
 .text.frame_dummy
                0x00000000080028fc       0x1c /usr/lib/gcc/arm-none-eabi/12.2.0/thumb/v7e-m+fp/hard/crtbegin.o
 .text.Reset_Handler
                0x0000000008002918       0x4c startup/startup_stm32f411xe.o
                0x0000000008002918                Reset_Handler
                0x000000000800294a                _exit
 .text.Default_Handler
                0x0000000008002964        0x2 startup/startup_stm32f411xe.o
                0x0000000008002964                RTC_Alarm_IRQHandler
                0x0000000008002964                TIM1_CC_IRQHandler
                0x0000000008002964                DMA2_Stream5_IRQHandler
                0x0000000008002964                DMA1_Stream5_IRQHandler
                0x0000000008002964                PVD_IRQHandler
                0x0000000008002964                SDIO_IRQHandler
                0x0000000008002964                TAMP_STAMP_IRQHandler
                0x0000000008002964                TIM1_UP_TIM10_IRQHandler
                0x0000000008002964                I2C3_ER_IRQHandler
                0x0000000008002964                I2C2_EV_IRQHandler
                0x0000000008002964                DMA1_Stream2_IRQHandler
                0x0000000008002964                FPU_IRQHandler
                0x0000000008002964                DMA2_Stream2_IRQHandler
                0x0000000008002964                TIM1_BRK_TIM9_IRQHandler
                0x0000000008002964                DMA2_Stream3_IRQHandler
                0x0000000008002964                USART6_IRQHandler
                0x0000000008002964                DMA2_Stream0_IRQHandler
                0x0000000008002964                TIM4_IRQHandler
                0x0000000008002964                I2C1_EV_IRQHandler
                0x0000000008002964                DMA1_Stream6_IRQHandler
                0x0000000008002964                DMA1_Stream1_IRQHandler
                0x0000000008002964                TIM3_IRQHandler
                0x0000000008002964                RCC_IRQHandler
                0x0000000008002964                Default_Handler
                0x0000000008002964                ADC_IRQHandler
                0x0000000008002964                DMA1_Stream7_IRQHandler
                0x0000000008002964                TIM5_IRQHandler
                0x0000000008002964                DMA2_Stream7_IRQHandler
                0x0000000008002964                I2C3_EV_IRQHandler
                0x0000000008002964                RTC_WKUP_IRQHandler
                0x0000000008002964                DMA1_Stream0_IRQHandler
                0x0000000008002964                WWDG_IRQHandler
                0x0000000008002964                TIM2_IRQHandler
                0x0000000008002964                OTG_FS_WKUP_IRQHandler
                0x0000000008002964                TIM1_TRG_COM_TIM11_IRQHandler
                0x0000000008002964                USART2_IRQHandler
                0x0000000008002964                I2C2_ER_IRQHandler
                0x0000000008002964                DMA2_Stream1_IRQHandler
                0x0000000008002964                FLASH_IRQHandler
                0x0000000008002964                DMA2_Stream4_IRQHandler
                0x0000000008002964                USART1_IRQHandler
                0x0000000008002964                OTG_FS_IRQHandler
                0x0000000008002964                DMA1_Stream4_IRQHandler
                0x0000000008002964                I2C1_ER_IRQHandler
                0x0000000008002964                DMA2_Stream6_IRQHandler
                0x0000000008002964                DMA1_Stream3_IRQHandler
 *fill*         0x0000000008002966        0x2 
 .text.atexit   0x0000000008002968        0xc /usr/lib/gcc/arm-none-eabi/12.2.0/../../../../arm-none-eabi/lib/thumb/v7e-m+fp/hard/libc.a(libc_a-atexit.o)
                0x0000000008002968                atexit
 .text.memset   0x0000000008002974       0xa4 /usr/lib/gcc/arm-none-eabi/12.2.0/../../../../arm-none-eabi/lib/thumb/v7e-m+fp/hard/libc.a(libc_a-memset.o)
                0x0000000008002974                memset
 .text.__libc_init_array
                0x0000000008002a18       0x50 /usr/lib/gcc/arm-none-eabi/12.2.0/../../../../arm-none-eabi/lib/thumb/v7e-m+fp/hard/libc.a(libc_a-init.o)
                0x0000000008002a18                __libc_init_array
 .text.__libc_fini_array
                0x0000000008002a68       0x28 /usr/lib/gcc/arm-none-eabi/12.2.0/../../../../arm-none-eabi/lib/thumb/v7e-m+fp/hard/libc.a(libc_a-fini.o)
                0x0000000008002a68                __libc_fini_array
 .text.__retarget_lock_acquire_recursive
                0x0000000008002a90        0x4 /usr/lib/gcc/arm-none-eabi/12.2.0/../../../../arm-none-eabi/lib/thumb/v7e-m+fp/hard/libc.a(libc_a-lock.o)
                0x0000000008002a90                __retarget_lock_acquire_recursive
 .text.__retarget_lock_release_recursive
                0x0000000008002a94        0x4 /usr/lib/gcc/arm-none-eabi/12.2.0/../../../../arm-none-eabi/lib/thumb/v7e-m+fp/hard/libc.a(libc_a-lock.o)
                0x0000000008002a94                __retarget_lock_release_recursive
 .text.__register_exitproc
                0x0000000008002a98       0x80 /usr/lib/gcc/arm-none-eabi/12.2.0/../../../../arm-none-eabi/lib/thumb/v7e-m+fp/hard/libc.a(libc_a-__atexit.o)
                0x0000000008002a98                __register_exitproc
 .text.startup.register_fini
                0x0000000008002b18       0x14 /usr/lib/gcc/arm-none-eabi/12.2.0/../../../../arm-none-eabi/lib/thumb/v7e-m+fp/hard/libc.a(libc_a-__call_atexit.o)
 *(.glue_7)
 .glue_7        0x0000000008002b2c        0x0 linker stubs
 *(.glue_7t)
 .glue_7t       0x0000000008002b2c        0x0 linker stubs
 *(.eh_frame)
 .eh_frame      0x0000000008002b2c        0x0 /usr/lib/gcc/arm-none-eabi/12.2.0/thumb/v7e-m+fp/hard/crtbegin.o
 *(.init)
 .init          0x0000000008002b2c        0x4 /usr/lib/gcc/arm-none-eabi/12.2.0/thumb/v7e-m+fp/hard/crti.o
                0x0000000008002b2c                _init
 .init          0x0000000008002b30        0x8 /usr/lib/gcc/arm-none-eabi/12.2.0/thumb/v7e-m+fp/hard/crtn.o
 *(.fini)
 .fini          0x0000000008002b38        0x4 /usr/lib/gcc/arm-none-eabi/12.2.0/thumb/v7e-m+fp/hard/crti.o
                0x0000000008002b38                _fini
 .fini          0x0000000008002b3c        0x8 /usr/lib/gcc/arm-none-eabi/12.2.0/thumb/v7e-m+fp/hard/crtn.o
                0x0000000008002b44                . = ALIGN (0x4)
                0x0000000008002b44                _etext = .

.vfp11_veneer   0x0000000008002b44        0x0
 .vfp11_veneer  0x0000000008002b44        0x0 linker stubs

.v4_bx          0x0000000008002b44        0x0
 .v4_bx         0x0000000008002b44        0x0 linker stubs

.iplt           0x0000000008002b44        0x0
 .iplt          0x0000000008002b44        0x0 /usr/lib/gcc/arm-none-eabi/12.2.0/thumb/v7e-m+fp/hard/crtbegin.o

.rodata         0x0000000008002b44      0x8b8
                0x0000000008002b44                . = ALIGN (0x4)
 *(.rodata)
 .rodata        0x0000000008002b44      0x114 startup/stm32f411_periph.o
                0x0000000008002b44                _SCnSCB
                0x0000000008002b48                _SCB
                0x0000000008002b4c                _SysTick
                0x0000000008002b50                _NVIC
                0x0000000008002b54                _ITM
                0x0000000008002b58                _DWT
                0x0000000008002b5c                _TPI
                0x0000000008002b60                _CoreDebug
                0x0000000008002b64                _MPU
                0x0000000008002b68                _FPU
                0x0000000008002b6c                _TIM2
                0x0000000008002b70                _TIM3
                0x0000000008002b74                _TIM4
                0x0000000008002b78                _TIM5
                0x0000000008002b7c                _RTC
                0x0000000008002b80                _WWDG
                0x0000000008002b84                _IWDG
                0x0000000008002b88                _I2S2ext
                0x0000000008002b8c                _SPI2
                0x0000000008002b90                _SPI3
                0x0000000008002b94                _I2S3ext
                0x0000000008002b98                _USART2
                0x0000000008002b9c                _I2C1
                0x0000000008002ba0                _I2C2
                0x0000000008002ba4                _I2C3
                0x0000000008002ba8                _PWR
                0x0000000008002bac                _TIM1
                0x0000000008002bb0                _USART1
                0x0000000008002bb4                _USART6
                0x0000000008002bb8                _ADC1
                0x0000000008002bbc                _ADC
                0x0000000008002bc0                _SDIO
                0x0000000008002bc4                _SPI1
                0x0000000008002bc8                _SPI4
                0x0000000008002bcc                _SYSCFG
                0x0000000008002bd0                _EXTI
                0x0000000008002bd4                _TIM9
                0x0000000008002bd8                _TIM10
                0x0000000008002bdc                _TIM11
                0x0000000008002be0                _SPI5
                0x0000000008002be4                _GPIOA
                0x0000000008002be8                _GPIOB
                0x0000000008002bec                _GPIOC
                0x0000000008002bf0                _GPIOD
                0x0000000008002bf4                _GPIOE
                0x0000000008002bf8                _GPIOH
                0x0000000008002bfc                _CRC
                0x0000000008002c00                _RCC
                0x0000000008002c04                _FLASH
                0x0000000008002c08                _DMA1
                0x0000000008002c0c                _DMA1_Stream0
                0x0000000008002c10                _DMA1_Stream1
                0x0000000008002c14                _DMA1_Stream2
                0x0000000008002c18                _DMA1_Stream3
                0x0000000008002c1c                _DMA1_Stream4
                0x0000000008002c20                _DMA1_Stream5
                0x0000000008002c24                _DMA1_Stream6
                0x0000000008002c28                _DMA1_Stream7
                0x0000000008002c2c                _DMA2
                0x0000000008002c30                _DMA2_Stream0
                0x0000000008002c34                _DMA2_Stream1
                0x0000000008002c38                _DMA2_Stream2
                0x0000000008002c3c                _DMA2_Stream3
                0x0000000008002c40                _DMA2_Stream4
                0x0000000008002c44                _DMA2_Stream5
                0x0000000008002c48                _DMA2_Stream6
                0x0000000008002c4c                _DMA2_Stream7
                0x0000000008002c50                _DBGMCU
                0x0000000008002c54                _USB_OTG_FS
 .rodata        0x0000000008002c58       0x10 startup/system_stm32f4xx.o
                0x0000000008002c58                AHBPrescTable
 .rodata        0x0000000008002c68       0x27 src/main.o
 *fill*         0x0000000008002c8f        0x1 
 .rodata        0x0000000008002c90      0x724 lib/stm32f411.a(lcd_128x32.o)
 *(.rodata*)
 .rodata.all_implied_fbits
                0x00000000080033b4       0x24 /usr/lib/gcc/arm-none-eabi/12.2.0/thumb/v7e-m+fp/hard/crtbegin.o
 .rodata.all_implied_fbits
                0x00000000080033d8       0x24 /usr/lib/gcc/arm-none-eabi/12.2.0/thumb/v7e-m+fp/hard/crtend.o
                0x00000000080033fc                . = ALIGN (0x4)

.rel.dyn        0x00000000080033fc        0x0
 .rel.iplt      0x00000000080033fc        0x0 /usr/lib/gcc/arm-none-eabi/12.2.0/thumb/v7e-m+fp/hard/crtbegin.o

.ARM.extab
 *(.ARM.extab* .gnu.linkonce.armextab.*)

.ARM            0x00000000080033fc        0x0
                0x00000000080033fc                __exidx_start = .
 *(.ARM.exidx*)
                0x00000000080033fc                __exidx_end = .

.preinit_array  0x00000000080033fc        0x0
                0x00000000080033fc                PROVIDE (__preinit_array_start = .)
 *(.preinit_array*)
                0x00000000080033fc                PROVIDE (__preinit_array_end = .)

.init_array     0x00000000080033fc        0x8
                0x00000000080033fc                PROVIDE (__init_array_start = .)
 *(SORT_BY_NAME(.init_array.*))
 .init_array.00000
                0x00000000080033fc        0x4 /usr/lib/gcc/arm-none-eabi/12.2.0/../../../../arm-none-eabi/lib/thumb/v7e-m+fp/hard/libc.a(libc_a-__call_atexit.o)
 *(.init_array*)
 .init_array    0x0000000008003400        0x4 /usr/lib/gcc/arm-none-eabi/12.2.0/thumb/v7e-m+fp/hard/crtbegin.o
                0x0000000008003404                PROVIDE (__init_array_end = .)

.fini_array     0x0000000008003404        0x4
                0x0000000008003404                PROVIDE (__fini_array_start = .)
 *(SORT_BY_NAME(.fini_array.*))
 *(.fini_array*)
 .fini_array    0x0000000008003404        0x4 /usr/lib/gcc/arm-none-eabi/12.2.0/thumb/v7e-m+fp/hard/crtbegin.o
                0x0000000008003408                PROVIDE (__fini_array_end = .)
                0x0000000008003408                _sidata = LOADADDR (.data)

.data           0x0000000020000000       0xcc load address 0x0000000008003408
                0x0000000020000000                . = ALIGN (0x4)
                0x0000000020000000                _sdata = .
 *(.data)
 .data          0x0000000020000000       0xa8 startup/rcc.o
 .data          0x00000000200000a8        0x4 startup/system_stm32f4xx.o
                0x00000000200000a8                SystemCoreClock
 .data          0x00000000200000ac        0x8 lib/stm32f411.a(lcd_128x32.o)
 .data          0x00000000200000b4       0x11 lib/stm32f411.a(util.o)
 *(.data*)
 *fill*         0x00000000200000c5        0x3 
 .data.__atexit_recursive_mutex
                0x00000000200000c8        0x4 /usr/lib/gcc/arm-none-eabi/12.2.0/../../../../arm-none-eabi/lib/thumb/v7e-m+fp/hard/libc.a(libc_a-__call_atexit.o)
                0x00000000200000c8                __atexit_recursive_mutex
                0x00000000200000cc                . = ALIGN (0x4)
                0x00000000200000cc                _edata = .

.igot.plt       0x00000000200000cc        0x0 load address 0x00000000080034d4
 .igot.plt      0x00000000200000cc        0x0 /usr/lib/gcc/arm-none-eabi/12.2.0/thumb/v7e-m+fp/hard/crtbegin.o
                0x00000000200000cc                . = ALIGN (0x4)

.bss            0x00000000200000cc      0x444 load address 0x00000000080034d4
                0x00000000200000cc                _sbss = .
                0x00000000200000cc                __bss_start__ = _sbss
 *(.bss)
 .bss           0x00000000200000cc       0x14 startup/system_stm32f4xx.o
                0x00000000200000cc                sysclks
 .bss           0x00000000200000e0        0xa lib/stm32f411.a(sw.o)
 *fill*         0x00000000200000ea        0x2 
 .bss           0x00000000200000ec      0x210 lib/stm32f411.a(lcd_128x32.o)
 .bss           0x00000000200002fc       0x40 lib/stm32f411.a(io.o)
 .bss           0x000000002000033c       0x1c lib/stm32f411.a(spi.o)
                0x000000002000034c                cpt
                0x0000000020000350                cpt1
                0x0000000020000354                cpt2
 *(.bss*)
 .bss.completed.1
                0x0000000020000358        0x1 /usr/lib/gcc/arm-none-eabi/12.2.0/thumb/v7e-m+fp/hard/crtbegin.o
 *fill*         0x0000000020000359        0x3 
 .bss.object.0  0x000000002000035c       0x18 /usr/lib/gcc/arm-none-eabi/12.2.0/thumb/v7e-m+fp/hard/crtbegin.o
 .bss.__lock___atexit_recursive_mutex
                0x0000000020000374        0x1 /usr/lib/gcc/arm-none-eabi/12.2.0/../../../../arm-none-eabi/lib/thumb/v7e-m+fp/hard/libc.a(libc_a-lock.o)
                0x0000000020000374                __lock___atexit_recursive_mutex
 *fill*         0x0000000020000375        0x3 
 .bss.__atexit0
                0x0000000020000378      0x190 /usr/lib/gcc/arm-none-eabi/12.2.0/../../../../arm-none-eabi/lib/thumb/v7e-m+fp/hard/libc.a(libc_a-__atexit.o)
                0x0000000020000378                __atexit0
 .bss.__atexit  0x0000000020000508        0x4 /usr/lib/gcc/arm-none-eabi/12.2.0/../../../../arm-none-eabi/lib/thumb/v7e-m+fp/hard/libc.a(libc_a-__call_atexit.o)
                0x0000000020000508                __atexit
 *(COMMON)
 COMMON         0x000000002000050c        0x4 lib/stm32f411.a(spi.o)
                0x000000002000050c                sr
                0x0000000020000510                . = ALIGN (0x4)
                0x0000000020000510                _ebss = .
                0x0000000020000510                __bss_end__ = _ebss

._user_heap_stack
                0x0000000020000510      0x600 load address 0x00000000080034d4
                0x0000000020000510                . = ALIGN (0x4)
                [!provide]                        PROVIDE (end = .)
                [!provide]                        PROVIDE (_end = .)
                0x0000000020000710                . = (. + _Min_Heap_Size)
 *fill*         0x0000000020000510      0x200 
                0x0000000020000b10                . = (. + _Min_Stack_Size)
 *fill*         0x0000000020000710      0x400 
                0x0000000020000b10                . = ALIGN (0x4)

/DISCARD/
 libc.a(*)
 libm.a(*)
 libgcc.a(*)

.ARM.attributes
                0x0000000000000000       0x30
 *(.ARM.attributes)
 .ARM.attributes
                0x0000000000000000       0x22 /usr/lib/gcc/arm-none-eabi/12.2.0/thumb/v7e-m+fp/hard/crti.o
 .ARM.attributes
                0x0000000000000022       0x34 /usr/lib/gcc/arm-none-eabi/12.2.0/thumb/v7e-m+fp/hard/crtbegin.o
 .ARM.attributes
                0x0000000000000056       0x34 startup/stm32f411_periph.o
 .ARM.attributes
                0x000000000000008a       0x34 startup/sys_handlers.o
 .ARM.attributes
                0x00000000000000be       0x34 startup/rcc.o
 .ARM.attributes
                0x00000000000000f2       0x34 startup/system_stm32f4xx.o
 .ARM.attributes
                0x0000000000000126       0x34 lib/timer.o
 .ARM.attributes
                0x000000000000015a       0x34 src/main.o
 .ARM.attributes
                0x000000000000018e       0x21 startup/startup_stm32f411xe.o
 .ARM.attributes
                0x00000000000001af       0x34 /usr/lib/gcc/arm-none-eabi/12.2.0/../../../../arm-none-eabi/lib/thumb/v7e-m+fp/hard/libc.a(libc_a-atexit.o)
 .ARM.attributes
                0x00000000000001e3       0x34 /usr/lib/gcc/arm-none-eabi/12.2.0/../../../../arm-none-eabi/lib/thumb/v7e-m+fp/hard/libc.a(libc_a-memset.o)
 .ARM.attributes
                0x0000000000000217       0x34 /usr/lib/gcc/arm-none-eabi/12.2.0/../../../../arm-none-eabi/lib/thumb/v7e-m+fp/hard/libc.a(libc_a-init.o)
 .ARM.attributes
                0x000000000000024b       0x34 /usr/lib/gcc/arm-none-eabi/12.2.0/../../../../arm-none-eabi/lib/thumb/v7e-m+fp/hard/libc.a(libc_a-fini.o)
 .ARM.attributes
                0x000000000000027f       0x34 /usr/lib/gcc/arm-none-eabi/12.2.0/../../../../arm-none-eabi/lib/thumb/v7e-m+fp/hard/libc.a(libc_a-lock.o)
 .ARM.attributes
                0x00000000000002b3       0x34 /usr/lib/gcc/arm-none-eabi/12.2.0/../../../../arm-none-eabi/lib/thumb/v7e-m+fp/hard/libc.a(libc_a-__atexit.o)
 .ARM.attributes
                0x00000000000002e7       0x34 /usr/lib/gcc/arm-none-eabi/12.2.0/../../../../arm-none-eabi/lib/thumb/v7e-m+fp/hard/libc.a(libc_a-__call_atexit.o)
 .ARM.attributes
                0x000000000000031b       0x39 lib/stm32f411.a(sw.o)
 .ARM.attributes
                0x0000000000000354       0x39 lib/stm32f411.a(leds.o)
 .ARM.attributes
                0x000000000000038d       0x39 lib/stm32f411.a(lcd_128x32.o)
 .ARM.attributes
                0x00000000000003c6       0x39 lib/stm32f411.a(io.o)
 .ARM.attributes
                0x00000000000003ff       0x39 lib/stm32f411.a(spi.o)
 .ARM.attributes
                0x0000000000000438       0x39 lib/stm32f411.a(util.o)
 .ARM.attributes
                0x0000000000000471       0x34 /usr/lib/gcc/arm-none-eabi/12.2.0/thumb/v7e-m+fp/hard/crtend.o
 .ARM.attributes
                0x00000000000004a5       0x22 /usr/lib/gcc/arm-none-eabi/12.2.0/thumb/v7e-m+fp/hard/crtn.o
OUTPUT(main.elf elf32-littlearm)
LOAD linker stubs
LOAD /usr/lib/gcc/arm-none-eabi/12.2.0/../../../../arm-none-eabi/lib/thumb/v7e-m+fp/hard/libc.a
LOAD /usr/lib/gcc/arm-none-eabi/12.2.0/../../../../arm-none-eabi/lib/thumb/v7e-m+fp/hard/libm.a
LOAD /usr/lib/gcc/arm-none-eabi/12.2.0/thumb/v7e-m+fp/hard/libgcc.a

.debug_info     0x0000000000000000    0x1183b
 .debug_info    0x0000000000000000     0x2241 startup/stm32f411_periph.o
 .debug_info    0x0000000000002241      0x104 startup/sys_handlers.o
 .debug_info    0x0000000000002345      0x56e startup/rcc.o
 .debug_info    0x00000000000028b3      0x5d2 startup/system_stm32f4xx.o
 .debug_info    0x0000000000002e85      0x641 lib/timer.o
 .debug_info    0x00000000000034c6      0x377 src/main.o
 .debug_info    0x000000000000383d       0x30 startup/startup_stm32f411xe.o
 .debug_info    0x000000000000386d      0x118 /usr/lib/gcc/arm-none-eabi/12.2.0/../../../../arm-none-eabi/lib/thumb/v7e-m+fp/hard/libc.a(libc_a-atexit.o)
 .debug_info    0x0000000000003985      0x135 /usr/lib/gcc/arm-none-eabi/12.2.0/../../../../arm-none-eabi/lib/thumb/v7e-m+fp/hard/libc.a(libc_a-memset.o)
 .debug_info    0x0000000000003aba      0x10b /usr/lib/gcc/arm-none-eabi/12.2.0/../../../../arm-none-eabi/lib/thumb/v7e-m+fp/hard/libc.a(libc_a-init.o)
 .debug_info    0x0000000000003bc5       0xf7 /usr/lib/gcc/arm-none-eabi/12.2.0/../../../../arm-none-eabi/lib/thumb/v7e-m+fp/hard/libc.a(libc_a-fini.o)
 .debug_info    0x0000000000003cbc      0x20a /usr/lib/gcc/arm-none-eabi/12.2.0/../../../../arm-none-eabi/lib/thumb/v7e-m+fp/hard/libc.a(libc_a-lock.o)
 .debug_info    0x0000000000003ec6      0x25f /usr/lib/gcc/arm-none-eabi/12.2.0/../../../../arm-none-eabi/lib/thumb/v7e-m+fp/hard/libc.a(libc_a-__atexit.o)
 .debug_info    0x0000000000004125      0x2dd /usr/lib/gcc/arm-none-eabi/12.2.0/../../../../arm-none-eabi/lib/thumb/v7e-m+fp/hard/libc.a(libc_a-__call_atexit.o)
 .debug_info    0x0000000000004402     0x275d lib/stm32f411.a(sw.o)
 .debug_info    0x0000000000006b5f     0x26dd lib/stm32f411.a(leds.o)
 .debug_info    0x000000000000923c     0x2f2f lib/stm32f411.a(lcd_128x32.o)
 .debug_info    0x000000000000c16b     0x2b7f lib/stm32f411.a(io.o)
 .debug_info    0x000000000000ecea     0x2a1d lib/stm32f411.a(spi.o)
 .debug_info    0x0000000000011707      0x134 lib/stm32f411.a(util.o)

.debug_abbrev   0x0000000000000000     0x1e2b
 .debug_abbrev  0x0000000000000000      0x16b startup/stm32f411_periph.o
 .debug_abbrev  0x000000000000016b       0x45 startup/sys_handlers.o
 .debug_abbrev  0x00000000000001b0      0x18b startup/rcc.o
 .debug_abbrev  0x000000000000033b      0x190 startup/system_stm32f4xx.o
 .debug_abbrev  0x00000000000004cb      0x181 lib/timer.o
 .debug_abbrev  0x000000000000064c      0x18c src/main.o
 .debug_abbrev  0x00000000000007d8       0x1d startup/startup_stm32f411xe.o
 .debug_abbrev  0x00000000000007f5       0xc1 /usr/lib/gcc/arm-none-eabi/12.2.0/../../../../arm-none-eabi/lib/thumb/v7e-m+fp/hard/libc.a(libc_a-atexit.o)
 .debug_abbrev  0x00000000000008b6       0xb7 /usr/lib/gcc/arm-none-eabi/12.2.0/../../../../arm-none-eabi/lib/thumb/v7e-m+fp/hard/libc.a(libc_a-memset.o)
 .debug_abbrev  0x000000000000096d       0xc9 /usr/lib/gcc/arm-none-eabi/12.2.0/../../../../arm-none-eabi/lib/thumb/v7e-m+fp/hard/libc.a(libc_a-init.o)
 .debug_abbrev  0x0000000000000a36       0xcc /usr/lib/gcc/arm-none-eabi/12.2.0/../../../../arm-none-eabi/lib/thumb/v7e-m+fp/hard/libc.a(libc_a-fini.o)
 .debug_abbrev  0x0000000000000b02      0x115 /usr/lib/gcc/arm-none-eabi/12.2.0/../../../../arm-none-eabi/lib/thumb/v7e-m+fp/hard/libc.a(libc_a-lock.o)
 .debug_abbrev  0x0000000000000c17      0x189 /usr/lib/gcc/arm-none-eabi/12.2.0/../../../../arm-none-eabi/lib/thumb/v7e-m+fp/hard/libc.a(libc_a-__atexit.o)
 .debug_abbrev  0x0000000000000da0      0x20c /usr/lib/gcc/arm-none-eabi/12.2.0/../../../../arm-none-eabi/lib/thumb/v7e-m+fp/hard/libc.a(libc_a-__call_atexit.o)
 .debug_abbrev  0x0000000000000fac      0x21c lib/stm32f411.a(sw.o)
 .debug_abbrev  0x00000000000011c8      0x21a lib/stm32f411.a(leds.o)
 .debug_abbrev  0x00000000000013e2      0x399 lib/stm32f411.a(lcd_128x32.o)
 .debug_abbrev  0x000000000000177b      0x322 lib/stm32f411.a(io.o)
 .debug_abbrev  0x0000000000001a9d      0x2d7 lib/stm32f411.a(spi.o)
 .debug_abbrev  0x0000000000001d74       0xb7 lib/stm32f411.a(util.o)

.debug_aranges  0x0000000000000000      0x2d0
 .debug_aranges
                0x0000000000000000       0x18 startup/stm32f411_periph.o
 .debug_aranges
                0x0000000000000018       0x20 startup/sys_handlers.o
 .debug_aranges
                0x0000000000000038       0x20 startup/rcc.o
 .debug_aranges
                0x0000000000000058       0x20 startup/system_stm32f4xx.o
 .debug_aranges
                0x0000000000000078       0x20 lib/timer.o
 .debug_aranges
                0x0000000000000098       0x20 src/main.o
 .debug_aranges
                0x00000000000000b8       0x28 startup/startup_stm32f411xe.o
 .debug_aranges
                0x00000000000000e0       0x20 /usr/lib/gcc/arm-none-eabi/12.2.0/../../../../arm-none-eabi/lib/thumb/v7e-m+fp/hard/libc.a(libc_a-atexit.o)
 .debug_aranges
                0x0000000000000100       0x20 /usr/lib/gcc/arm-none-eabi/12.2.0/../../../../arm-none-eabi/lib/thumb/v7e-m+fp/hard/libc.a(libc_a-memset.o)
 .debug_aranges
                0x0000000000000120       0x20 /usr/lib/gcc/arm-none-eabi/12.2.0/../../../../arm-none-eabi/lib/thumb/v7e-m+fp/hard/libc.a(libc_a-init.o)
 .debug_aranges
                0x0000000000000140       0x20 /usr/lib/gcc/arm-none-eabi/12.2.0/../../../../arm-none-eabi/lib/thumb/v7e-m+fp/hard/libc.a(libc_a-fini.o)
 .debug_aranges
                0x0000000000000160       0x68 /usr/lib/gcc/arm-none-eabi/12.2.0/../../../../arm-none-eabi/lib/thumb/v7e-m+fp/hard/libc.a(libc_a-lock.o)
 .debug_aranges
                0x00000000000001c8       0x20 /usr/lib/gcc/arm-none-eabi/12.2.0/../../../../arm-none-eabi/lib/thumb/v7e-m+fp/hard/libc.a(libc_a-__atexit.o)
 .debug_aranges
                0x00000000000001e8       0x28 /usr/lib/gcc/arm-none-eabi/12.2.0/../../../../arm-none-eabi/lib/thumb/v7e-m+fp/hard/libc.a(libc_a-__call_atexit.o)
 .debug_aranges
                0x0000000000000210       0x20 lib/stm32f411.a(sw.o)
 .debug_aranges
                0x0000000000000230       0x20 lib/stm32f411.a(leds.o)
 .debug_aranges
                0x0000000000000250       0x20 lib/stm32f411.a(lcd_128x32.o)
 .debug_aranges
                0x0000000000000270       0x20 lib/stm32f411.a(io.o)
 .debug_aranges
                0x0000000000000290       0x20 lib/stm32f411.a(spi.o)
 .debug_aranges
                0x00000000000002b0       0x20 lib/stm32f411.a(util.o)

.debug_line     0x0000000000000000     0x2782
 .debug_line    0x0000000000000000       0xe2 startup/stm32f411_periph.o
 .debug_line    0x00000000000000e2       0x81 startup/sys_handlers.o
 .debug_line    0x0000000000000163      0x39d startup/rcc.o
 .debug_line    0x0000000000000500      0x1be startup/system_stm32f4xx.o
 .debug_line    0x00000000000006be      0x21b lib/timer.o
 .debug_line    0x00000000000008d9      0x19a src/main.o
 .debug_line    0x0000000000000a73       0x79 startup/startup_stm32f411xe.o
 .debug_line    0x0000000000000aec       0xe4 /usr/lib/gcc/arm-none-eabi/12.2.0/../../../../arm-none-eabi/lib/thumb/v7e-m+fp/hard/libc.a(libc_a-atexit.o)
 .debug_line    0x0000000000000bd0      0x1da /usr/lib/gcc/arm-none-eabi/12.2.0/../../../../arm-none-eabi/lib/thumb/v7e-m+fp/hard/libc.a(libc_a-memset.o)
 .debug_line    0x0000000000000daa      0x13c /usr/lib/gcc/arm-none-eabi/12.2.0/../../../../arm-none-eabi/lib/thumb/v7e-m+fp/hard/libc.a(libc_a-init.o)
 .debug_line    0x0000000000000ee6       0xec /usr/lib/gcc/arm-none-eabi/12.2.0/../../../../arm-none-eabi/lib/thumb/v7e-m+fp/hard/libc.a(libc_a-fini.o)
 .debug_line    0x0000000000000fd2      0x17d /usr/lib/gcc/arm-none-eabi/12.2.0/../../../../arm-none-eabi/lib/thumb/v7e-m+fp/hard/libc.a(libc_a-lock.o)
 .debug_line    0x000000000000114f      0x196 /usr/lib/gcc/arm-none-eabi/12.2.0/../../../../arm-none-eabi/lib/thumb/v7e-m+fp/hard/libc.a(libc_a-__atexit.o)
 .debug_line    0x00000000000012e5      0x26e /usr/lib/gcc/arm-none-eabi/12.2.0/../../../../arm-none-eabi/lib/thumb/v7e-m+fp/hard/libc.a(libc_a-__call_atexit.o)
 .debug_line    0x0000000000001553      0x2b6 lib/stm32f411.a(sw.o)
 .debug_line    0x0000000000001809      0x283 lib/stm32f411.a(leds.o)
 .debug_line    0x0000000000001a8c      0x510 lib/stm32f411.a(lcd_128x32.o)
 .debug_line    0x0000000000001f9c      0x465 lib/stm32f411.a(io.o)
 .debug_line    0x0000000000002401      0x2ec lib/stm32f411.a(spi.o)
 .debug_line    0x00000000000026ed       0x95 lib/stm32f411.a(util.o)

.debug_str      0x0000000000000000     0x2313
 .debug_str     0x0000000000000000      0xbdc startup/stm32f411_periph.o
                                        0xc5a (size before relaxing)
 .debug_str     0x0000000000000bdc       0xa7 startup/sys_handlers.o
                                        0x1d0 (size before relaxing)
 .debug_str     0x0000000000000c83      0x1f9 startup/rcc.o
                                        0x4b2 (size before relaxing)
 .debug_str     0x0000000000000e7c       0x6b startup/system_stm32f4xx.o
                                        0x455 (size before relaxing)
 .debug_str     0x0000000000000ee7       0x9a lib/timer.o
                                        0x374 (size before relaxing)
 .debug_str     0x0000000000000f81       0x66 src/main.o
                                        0x257 (size before relaxing)
 .debug_str     0x0000000000000fe7       0x38 startup/startup_stm32f411xe.o
                                         0x56 (size before relaxing)
 .debug_str     0x000000000000101f      0x16e /usr/lib/gcc/arm-none-eabi/12.2.0/../../../../arm-none-eabi/lib/thumb/v7e-m+fp/hard/libc.a(libc_a-atexit.o)
                                        0x1fe (size before relaxing)
 .debug_str     0x000000000000118d       0x66 /usr/lib/gcc/arm-none-eabi/12.2.0/../../../../arm-none-eabi/lib/thumb/v7e-m+fp/hard/libc.a(libc_a-memset.o)
                                        0x1d5 (size before relaxing)
 .debug_str     0x00000000000011f3       0xa0 /usr/lib/gcc/arm-none-eabi/12.2.0/../../../../arm-none-eabi/lib/thumb/v7e-m+fp/hard/libc.a(libc_a-init.o)
                                        0x222 (size before relaxing)
 .debug_str     0x0000000000001293       0x76 /usr/lib/gcc/arm-none-eabi/12.2.0/../../../../arm-none-eabi/lib/thumb/v7e-m+fp/hard/libc.a(libc_a-fini.o)
                                        0x1f8 (size before relaxing)
 .debug_str     0x0000000000001309      0x249 /usr/lib/gcc/arm-none-eabi/12.2.0/../../../../arm-none-eabi/lib/thumb/v7e-m+fp/hard/libc.a(libc_a-lock.o)
                                        0x334 (size before relaxing)
 .debug_str     0x0000000000001552       0x9e /usr/lib/gcc/arm-none-eabi/12.2.0/../../../../arm-none-eabi/lib/thumb/v7e-m+fp/hard/libc.a(libc_a-__atexit.o)
                                        0x2d5 (size before relaxing)
 .debug_str     0x00000000000015f0       0x89 /usr/lib/gcc/arm-none-eabi/12.2.0/../../../../arm-none-eabi/lib/thumb/v7e-m+fp/hard/libc.a(libc_a-__call_atexit.o)
                                        0x2fe (size before relaxing)
 .debug_str     0x0000000000001679      0x48a lib/stm32f411.a(sw.o)
                                       0x1150 (size before relaxing)
 .debug_str     0x0000000000001b03       0x2c lib/stm32f411.a(leds.o)
                                       0x112e (size before relaxing)
 .debug_str     0x0000000000001b2f      0x1f3 lib/stm32f411.a(lcd_128x32.o)
                                       0x1361 (size before relaxing)
 .debug_str     0x0000000000001d22      0x4f3 lib/stm32f411.a(io.o)
                                       0x15f9 (size before relaxing)
 .debug_str     0x0000000000002215       0xd3 lib/stm32f411.a(spi.o)
                                       0x15a5 (size before relaxing)
 .debug_str     0x00000000000022e8       0x2b lib/stm32f411.a(util.o)
                                        0x135 (size before relaxing)

.comment        0x0000000000000000       0x9d
 .comment       0x0000000000000000       0x1e startup/stm32f411_periph.o
                                         0x1f (size before relaxing)
 .comment       0x000000000000001e       0x1f startup/sys_handlers.o
 .comment       0x000000000000001e       0x1f startup/rcc.o
 .comment       0x000000000000001e       0x1f startup/system_stm32f4xx.o
 .comment       0x000000000000001e       0x1f lib/timer.o
 .comment       0x000000000000001e       0x1f src/main.o
 .comment       0x000000000000001e       0x1f /usr/lib/gcc/arm-none-eabi/12.2.0/../../../../arm-none-eabi/lib/thumb/v7e-m+fp/hard/libc.a(libc_a-atexit.o)
 .comment       0x000000000000001e       0x1f /usr/lib/gcc/arm-none-eabi/12.2.0/../../../../arm-none-eabi/lib/thumb/v7e-m+fp/hard/libc.a(libc_a-memset.o)
 .comment       0x000000000000001e       0x1f /usr/lib/gcc/arm-none-eabi/12.2.0/../../../../arm-none-eabi/lib/thumb/v7e-m+fp/hard/libc.a(libc_a-init.o)
 .comment       0x000000000000001e       0x1f /usr/lib/gcc/arm-none-eabi/12.2.0/../../../../arm-none-eabi/lib/thumb/v7e-m+fp/hard/libc.a(libc_a-fini.o)
 .comment       0x000000000000001e       0x1f /usr/lib/gcc/arm-none-eabi/12.2.0/../../../../arm-none-eabi/lib/thumb/v7e-m+fp/hard/libc.a(libc_a-lock.o)
 .comment       0x000000000000001e       0x1f /usr/lib/gcc/arm-none-eabi/12.2.0/../../../../arm-none-eabi/lib/thumb/v7e-m+fp/hard/libc.a(libc_a-__atexit.o)
 .comment       0x000000000000001e       0x1f /usr/lib/gcc/arm-none-eabi/12.2.0/../../../../arm-none-eabi/lib/thumb/v7e-m+fp/hard/libc.a(libc_a-__call_atexit.o)
 .comment       0x000000000000001e       0x7f lib/stm32f411.a(sw.o)
                                         0x80 (size before relaxing)
 .comment       0x000000000000009d       0x80 lib/stm32f411.a(leds.o)
 .comment       0x000000000000009d       0x80 lib/stm32f411.a(lcd_128x32.o)
 .comment       0x000000000000009d       0x80 lib/stm32f411.a(io.o)
 .comment       0x000000000000009d       0x80 lib/stm32f411.a(spi.o)
 .comment       0x000000000000009d       0x80 lib/stm32f411.a(util.o)

.debug_frame    0x0000000000000000      0xac8
 .debug_frame   0x0000000000000000       0xa0 startup/sys_handlers.o
 .debug_frame   0x00000000000000a0       0x74 startup/rcc.o
 .debug_frame   0x0000000000000114       0x40 startup/system_stm32f4xx.o
 .debug_frame   0x0000000000000154       0xa0 lib/timer.o
 .debug_frame   0x00000000000001f4       0x28 src/main.o
 .debug_frame   0x000000000000021c       0x20 /usr/lib/gcc/arm-none-eabi/12.2.0/../../../../arm-none-eabi/lib/thumb/v7e-m+fp/hard/libc.a(libc_a-atexit.o)
 .debug_frame   0x000000000000023c       0x2c /usr/lib/gcc/arm-none-eabi/12.2.0/../../../../arm-none-eabi/lib/thumb/v7e-m+fp/hard/libc.a(libc_a-memset.o)
 .debug_frame   0x0000000000000268       0x2c /usr/lib/gcc/arm-none-eabi/12.2.0/../../../../arm-none-eabi/lib/thumb/v7e-m+fp/hard/libc.a(libc_a-init.o)
 .debug_frame   0x0000000000000294       0x34 /usr/lib/gcc/arm-none-eabi/12.2.0/../../../../arm-none-eabi/lib/thumb/v7e-m+fp/hard/libc.a(libc_a-fini.o)
 .debug_frame   0x00000000000002c8       0xb0 /usr/lib/gcc/arm-none-eabi/12.2.0/../../../../arm-none-eabi/lib/thumb/v7e-m+fp/hard/libc.a(libc_a-lock.o)
 .debug_frame   0x0000000000000378       0x34 /usr/lib/gcc/arm-none-eabi/12.2.0/../../../../arm-none-eabi/lib/thumb/v7e-m+fp/hard/libc.a(libc_a-__atexit.o)
 .debug_frame   0x00000000000003ac       0x5c /usr/lib/gcc/arm-none-eabi/12.2.0/../../../../arm-none-eabi/lib/thumb/v7e-m+fp/hard/libc.a(libc_a-__call_atexit.o)
 .debug_frame   0x0000000000000408       0xc0 lib/stm32f411.a(sw.o)
 .debug_frame   0x00000000000004c8       0x98 lib/stm32f411.a(leds.o)
 .debug_frame   0x0000000000000560      0x2c0 lib/stm32f411.a(lcd_128x32.o)
 .debug_frame   0x0000000000000820      0x180 lib/stm32f411.a(io.o)
 .debug_frame   0x00000000000009a0       0xe8 lib/stm32f411.a(spi.o)
 .debug_frame   0x0000000000000a88       0x40 lib/stm32f411.a(util.o)

.debug_ranges   0x0000000000000000       0x38
 .debug_ranges  0x0000000000000000       0x20 startup/startup_stm32f411xe.o
 .debug_ranges  0x0000000000000020       0x18 lib/stm32f411.a(spi.o)

.debug_loclists
                0x0000000000000000      0x47c
 .debug_loclists
                0x0000000000000000       0x2a /usr/lib/gcc/arm-none-eabi/12.2.0/../../../../arm-none-eabi/lib/thumb/v7e-m+fp/hard/libc.a(libc_a-atexit.o)
 .debug_loclists
                0x000000000000002a      0x1cf /usr/lib/gcc/arm-none-eabi/12.2.0/../../../../arm-none-eabi/lib/thumb/v7e-m+fp/hard/libc.a(libc_a-memset.o)
 .debug_loclists
                0x00000000000001f9       0x6f /usr/lib/gcc/arm-none-eabi/12.2.0/../../../../arm-none-eabi/lib/thumb/v7e-m+fp/hard/libc.a(libc_a-init.o)
 .debug_loclists
                0x0000000000000268       0x4c /usr/lib/gcc/arm-none-eabi/12.2.0/../../../../arm-none-eabi/lib/thumb/v7e-m+fp/hard/libc.a(libc_a-fini.o)
 .debug_loclists
                0x00000000000002b4       0x23 /usr/lib/gcc/arm-none-eabi/12.2.0/../../../../arm-none-eabi/lib/thumb/v7e-m+fp/hard/libc.a(libc_a-lock.o)
 .debug_loclists
                0x00000000000002d7       0x8e /usr/lib/gcc/arm-none-eabi/12.2.0/../../../../arm-none-eabi/lib/thumb/v7e-m+fp/hard/libc.a(libc_a-__atexit.o)
 .debug_loclists
                0x0000000000000365      0x117 /usr/lib/gcc/arm-none-eabi/12.2.0/../../../../arm-none-eabi/lib/thumb/v7e-m+fp/hard/libc.a(libc_a-__call_atexit.o)

.debug_rnglists
                0x0000000000000000       0xda
 .debug_rnglists
                0x0000000000000000       0x13 /usr/lib/gcc/arm-none-eabi/12.2.0/../../../../arm-none-eabi/lib/thumb/v7e-m+fp/hard/libc.a(libc_a-atexit.o)
 .debug_rnglists
                0x0000000000000013       0x14 /usr/lib/gcc/arm-none-eabi/12.2.0/../../../../arm-none-eabi/lib/thumb/v7e-m+fp/hard/libc.a(libc_a-memset.o)
 .debug_rnglists
                0x0000000000000027       0x13 /usr/lib/gcc/arm-none-eabi/12.2.0/../../../../arm-none-eabi/lib/thumb/v7e-m+fp/hard/libc.a(libc_a-init.o)
 .debug_rnglists
                0x000000000000003a       0x13 /usr/lib/gcc/arm-none-eabi/12.2.0/../../../../arm-none-eabi/lib/thumb/v7e-m+fp/hard/libc.a(libc_a-fini.o)
 .debug_rnglists
                0x000000000000004d       0x49 /usr/lib/gcc/arm-none-eabi/12.2.0/../../../../arm-none-eabi/lib/thumb/v7e-m+fp/hard/libc.a(libc_a-lock.o)
 .debug_rnglists
                0x0000000000000096       0x14 /usr/lib/gcc/arm-none-eabi/12.2.0/../../../../arm-none-eabi/lib/thumb/v7e-m+fp/hard/libc.a(libc_a-__atexit.o)
 .debug_rnglists
                0x00000000000000aa       0x30 /usr/lib/gcc/arm-none-eabi/12.2.0/../../../../arm-none-eabi/lib/thumb/v7e-m+fp/hard/libc.a(libc_a-__call_atexit.o)
