Archive member included to satisfy reference by file (symbol)

/usr/lib/gcc/arm-none-eabi/12.2.0/../../../../arm-none-eabi/lib/thumb/v7e-m+fp/hard/libc.a(libc_a-atexit.o)
                              /usr/lib/gcc/arm-none-eabi/12.2.0/../../../../arm-none-eabi/lib/thumb/v7e-m+fp/hard/crt0.o (atexit)
/usr/lib/gcc/arm-none-eabi/12.2.0/../../../../arm-none-eabi/lib/thumb/v7e-m+fp/hard/libc.a(libc_a-exit.o)
                              /usr/lib/gcc/arm-none-eabi/12.2.0/../../../../arm-none-eabi/lib/thumb/v7e-m+fp/hard/crt0.o (exit)
/usr/lib/gcc/arm-none-eabi/12.2.0/../../../../arm-none-eabi/lib/thumb/v7e-m+fp/hard/libc.a(libc_a-findfp.o)
                              /usr/lib/gcc/arm-none-eabi/12.2.0/../../../../arm-none-eabi/lib/thumb/v7e-m+fp/hard/libc.a(libc_a-exit.o) (__stdio_exit_handler)
/usr/lib/gcc/arm-none-eabi/12.2.0/../../../../arm-none-eabi/lib/thumb/v7e-m+fp/hard/libc.a(libc_a-fwalk.o)
                              /usr/lib/gcc/arm-none-eabi/12.2.0/../../../../arm-none-eabi/lib/thumb/v7e-m+fp/hard/libc.a(libc_a-findfp.o) (_fwalk_sglue)
/usr/lib/gcc/arm-none-eabi/12.2.0/../../../../arm-none-eabi/lib/thumb/v7e-m+fp/hard/libc.a(libc_a-stdio.o)
                              /usr/lib/gcc/arm-none-eabi/12.2.0/../../../../arm-none-eabi/lib/thumb/v7e-m+fp/hard/libc.a(libc_a-findfp.o) (__sread)
/usr/lib/gcc/arm-none-eabi/12.2.0/../../../../arm-none-eabi/lib/thumb/v7e-m+fp/hard/libc.a(libc_a-memset.o)
                              /usr/lib/gcc/arm-none-eabi/12.2.0/../../../../arm-none-eabi/lib/thumb/v7e-m+fp/hard/crt0.o (memset)
/usr/lib/gcc/arm-none-eabi/12.2.0/../../../../arm-none-eabi/lib/thumb/v7e-m+fp/hard/libc.a(libc_a-closer.o)
                              /usr/lib/gcc/arm-none-eabi/12.2.0/../../../../arm-none-eabi/lib/thumb/v7e-m+fp/hard/libc.a(libc_a-stdio.o) (_close_r)
/usr/lib/gcc/arm-none-eabi/12.2.0/../../../../arm-none-eabi/lib/thumb/v7e-m+fp/hard/libc.a(libc_a-reent.o)
                              /usr/lib/gcc/arm-none-eabi/12.2.0/../../../../arm-none-eabi/lib/thumb/v7e-m+fp/hard/libc.a(libc_a-closer.o) (errno)
/usr/lib/gcc/arm-none-eabi/12.2.0/../../../../arm-none-eabi/lib/thumb/v7e-m+fp/hard/libc.a(libc_a-impure.o)
                              /usr/lib/gcc/arm-none-eabi/12.2.0/../../../../arm-none-eabi/lib/thumb/v7e-m+fp/hard/libc.a(libc_a-reent.o) (_impure_ptr)
/usr/lib/gcc/arm-none-eabi/12.2.0/../../../../arm-none-eabi/lib/thumb/v7e-m+fp/hard/libc.a(libc_a-lseekr.o)
                              /usr/lib/gcc/arm-none-eabi/12.2.0/../../../../arm-none-eabi/lib/thumb/v7e-m+fp/hard/libc.a(libc_a-stdio.o) (_lseek_r)
/usr/lib/gcc/arm-none-eabi/12.2.0/../../../../arm-none-eabi/lib/thumb/v7e-m+fp/hard/libc.a(libc_a-readr.o)
                              /usr/lib/gcc/arm-none-eabi/12.2.0/../../../../arm-none-eabi/lib/thumb/v7e-m+fp/hard/libc.a(libc_a-stdio.o) (_read_r)
/usr/lib/gcc/arm-none-eabi/12.2.0/../../../../arm-none-eabi/lib/thumb/v7e-m+fp/hard/libc.a(libc_a-writer.o)
                              /usr/lib/gcc/arm-none-eabi/12.2.0/../../../../arm-none-eabi/lib/thumb/v7e-m+fp/hard/libc.a(libc_a-stdio.o) (_write_r)
/usr/lib/gcc/arm-none-eabi/12.2.0/../../../../arm-none-eabi/lib/thumb/v7e-m+fp/hard/libc.a(libc_a-init.o)
                              /usr/lib/gcc/arm-none-eabi/12.2.0/../../../../arm-none-eabi/lib/thumb/v7e-m+fp/hard/crt0.o (__libc_init_array)
/usr/lib/gcc/arm-none-eabi/12.2.0/../../../../arm-none-eabi/lib/thumb/v7e-m+fp/hard/libc.a(libc_a-fini.o)
                              /usr/lib/gcc/arm-none-eabi/12.2.0/../../../../arm-none-eabi/lib/thumb/v7e-m+fp/hard/crt0.o (__libc_fini_array)
/usr/lib/gcc/arm-none-eabi/12.2.0/../../../../arm-none-eabi/lib/thumb/v7e-m+fp/hard/libc.a(libc_a-lock.o)
                              /usr/lib/gcc/arm-none-eabi/12.2.0/../../../../arm-none-eabi/lib/thumb/v7e-m+fp/hard/libc.a(libc_a-findfp.o) (__retarget_lock_init_recursive)
/usr/lib/gcc/arm-none-eabi/12.2.0/../../../../arm-none-eabi/lib/thumb/v7e-m+fp/hard/libc.a(libc_a-__atexit.o)
                              /usr/lib/gcc/arm-none-eabi/12.2.0/../../../../arm-none-eabi/lib/thumb/v7e-m+fp/hard/libc.a(libc_a-atexit.o) (__register_exitproc)
/usr/lib/gcc/arm-none-eabi/12.2.0/../../../../arm-none-eabi/lib/thumb/v7e-m+fp/hard/libc.a(libc_a-__call_atexit.o)
                              /usr/lib/gcc/arm-none-eabi/12.2.0/../../../../arm-none-eabi/lib/thumb/v7e-m+fp/hard/libc.a(libc_a-exit.o) (__call_exitprocs)
/usr/lib/gcc/arm-none-eabi/12.2.0/../../../../arm-none-eabi/lib/thumb/v7e-m+fp/hard/libc.a(libc_a-freer.o)
                              /usr/lib/gcc/arm-none-eabi/12.2.0/../../../../arm-none-eabi/lib/thumb/v7e-m+fp/hard/libc.a(libc_a-reent.o) (_free_r)
/usr/lib/gcc/arm-none-eabi/12.2.0/../../../../arm-none-eabi/lib/thumb/v7e-m+fp/hard/libc.a(libc_a-mallocr.o)
                              /usr/lib/gcc/arm-none-eabi/12.2.0/../../../../arm-none-eabi/lib/thumb/v7e-m+fp/hard/libc.a(libc_a-findfp.o) (_malloc_r)
[...]
Memory Configuration

Name             Origin             Length             Attributes
FLASH            0x0000000008000000 0x0000000000080000 xr
RAM              0x0000000020000000 0x0000000000020000 xrw
*default*        0x0000000000000000 0xffffffffffffffff

Linker script and memory map

LOAD /usr/lib/gcc/arm-none-eabi/12.2.0/thumb/v7e-m+fp/hard/crti.o
LOAD /usr/lib/gcc/arm-none-eabi/12.2.0/thumb/v7e-m+fp/hard/crtbegin.o
LOAD /usr/lib/gcc/arm-none-eabi/12.2.0/../../../../arm-none-eabi/lib/thumb/v7e-m+fp/hard/crt0.o
LOAD startup/stm32f411_periph.o
LOAD startup/sys_handlers.o
LOAD startup/rcc.o
LOAD startup/system_stm32f4xx.o
LOAD lib/timer.o
LOAD src/main.o
LOAD startup/startup_stm32f411xe.o
LOAD /usr/lib/gcc/arm-none-eabi/12.2.0/../../../../arm-none-eabi/lib/thumb/v7e-m+fp/hard/libc.a
LOAD /usr/lib/gcc/arm-none-eabi/12.2.0/thumb/v7e-m+fp/hard/libgcc.a
LOAD /usr/lib/gcc/arm-none-eabi/12.2.0/thumb/v7e-m+fp/hard/libgcov.a
LOAD /usr/lib/gcc/arm-none-eabi/12.2.0/../../../../arm-none-eabi/lib/thumb/v7e-m+fp/hard/libm.a
LOAD lib/stm32f411.a
START GROUP
LOAD /usr/lib/gcc/arm-none-eabi/12.2.0/thumb/v7e-m+fp/hard/libgcc.a
LOAD /usr/lib/gcc/arm-none-eabi/12.2.0/../../../../arm-none-eabi/lib/thumb/v7e-m+fp/hard/libc.a
END GROUP
LOAD /usr/lib/gcc/arm-none-eabi/12.2.0/thumb/v7e-m+fp/hard/crtend.o
LOAD /usr/lib/gcc/arm-none-eabi/12.2.0/thumb/v7e-m+fp/hard/crtn.o
                0x0000000020020000                _estack = 0x20020000
                0x0000000000000200                _Min_Heap_Size = 0x200
                0x0000000000000400                _Min_Stack_Size = 0x400

.isr_vector     0x0000000008000000      0x198
                0x0000000008000000                . = ALIGN (0x4)
 *(.isr_vector)
 .isr_vector    0x0000000008000000      0x198 startup/startup_stm32f411xe.o
                0x0000000008000000                g_pfnVectors
                0x0000000008000198                . = ALIGN (0x4)

.text           0x0000000008000198     0x2598
                0x0000000008000198                . = ALIGN (0x4)
 *(.text)
 .text          0x0000000008000198       0x24 startup/sys_handlers.o
                0x0000000008000198                NMI_Handler
                0x000000000800019c                HardFault_Handler
                0x00000000080001a0                MemManage_Handler
                0x00000000080001a4                BusFault_Handler
                0x00000000080001a8                UsageFault_Handler
                0x00000000080001ac                SVC_Handler
                0x00000000080001b0                DebugMon_Handler
                0x00000000080001b4                PendSV_Handler
                0x00000000080001b8                SysTick_Handler
 .text          0x00000000080001bc      0x3ec startup/rcc.o
                0x00000000080003cc                rcc_config_clock
 .text          0x00000000080005a8      0x16c startup/system_stm32f4xx.o
                0x00000000080005a8                SystemInit
                0x000000000800061c                SystemCoreClockUpdate
 .text          0x0000000008000714      0x1fc lib/timer.o
                0x0000000008000714                timer_wait_ms
                0x000000000800073c                timer_wait_us
                0x0000000008000810                timer_count_init
                0x00000000080008d0                timer_start
                0x00000000080008ec                timer_stop
                0x0000000008000902                read_timer
 .text          0x0000000008000910       0x48 src/main.o
                0x0000000008000910                main
 .text          0x0000000008000958      0x160 lib/stm32f411.a(leds.o)
                0x0000000008000958                leds_init
                0x000000000800099c                leds
                0x0000000008000a0c                red_led
                0x0000000008000a44                green_led
                0x0000000008000a7c                blue_led
 .text          0x0000000008000ab8      0xce4 lib/stm32f411.a(lcd_128x32.o)
                0x0000000008000c00                lcd_reset
                0x0000000008000cf8                lcd_set_contrast
                0x0000000008000d28                lcd_get_contrast
                0x0000000008000d34                lcd_width
                0x0000000008000d3a                lcd_height
                0x0000000008000d40                lcd_invert
                0x0000000008000d62                lcd_setmode
                0x0000000008000d78                lcd_get_autoup
                0x0000000008000d84                lcd_set_autoup
                0x0000000008000eb0                locate
                0x0000000008000ed0                cls
                0x0000000008000ef4                line
                0x0000000008001038                rect
                0x0000000008001104                fillrect
                0x0000000008001184                circle
                0x0000000008001334                fillcircle
                0x000000000800138c                bitmap
                0x0000000008001598                lcd_putc
                0x0000000008001614                lcd_puts
                0x0000000008001664                lcd_printf
 .text          0x000000000800179c      0x8e8 lib/stm32f411.a(io.o)
                0x0000000008001818                EXTI0_IRQHandler
                0x000000000800183c                EXTI1_IRQHandler
                0x0000000008001860                EXTI2_IRQHandler
                0x0000000008001884                EXTI3_IRQHandler
                0x00000000080018a8                EXTI4_IRQHandler
                0x00000000080018cc                EXTI9_5_IRQHandler
                0x000000000800199c                EXTI15_10_IRQHandler
                0x0000000008001a98                io_configure
                0x0000000008001fc8                io_read
                0x0000000008001fe2                io_write
                0x000000000800201c                io_write_n
                0x0000000008002052                io_set
                0x000000000800206a                io_clear
 .text          0x0000000008002084      0x308 lib/stm32f411.a(spi.o)
                0x0000000008002100                SPI1_IRQHandler
                0x00000000080021ac                SPI2_IRQHandler
                0x00000000080021b0                SPI3_IRQHandler
                0x00000000080021b4                SPI4_IRQHandler
                0x00000000080021b8                SPI5_IRQHandler
                0x00000000080021bc                spi_master_init
                0x00000000080022e4                spi_write
                0x0000000008002354                spi_write_byte
 .text          0x000000000800238c      0x138 lib/stm32f411.a(util.o)
                0x000000000800238c                num2str
                0x0000000008002428                str2num
 *(.text*)
 .text.__do_global_dtors_aux
                0x00000000080024c4       0x24 /usr/lib/gcc/arm-none-eabi/12.2.0/thumb/v7e-m+fp/hard/crtbegin.o
 .text.frame_dummy
                0x00000000080024e8       0x1c /usr/lib/gcc/arm-none-eabi/12.2.0/thumb/v7e-m+fp/hard/crtbegin.o
 .text.Reset_Handler
                0x0000000008002504       0x4c startup/startup_stm32f411xe.o
                0x0000000008002504                Reset_Handler
                0x0000000008002536                _exit
 .text.Default_Handler
                0x0000000008002550        0x2 startup/startup_stm32f411xe.o
                0x0000000008002550                RTC_Alarm_IRQHandler
                0x0000000008002550                TIM1_CC_IRQHandler
                0x0000000008002550                DMA2_Stream5_IRQHandler
                0x0000000008002550                DMA1_Stream5_IRQHandler
                0x0000000008002550                PVD_IRQHandler
                0x0000000008002550                SDIO_IRQHandler
                0x0000000008002550                TAMP_STAMP_IRQHandler
                0x0000000008002550                TIM1_UP_TIM10_IRQHandler
                0x0000000008002550                I2C3_ER_IRQHandler
                0x0000000008002550                I2C2_EV_IRQHandler
                0x0000000008002550                DMA1_Stream2_IRQHandler
                0x0000000008002550                FPU_IRQHandler
                0x0000000008002550                DMA2_Stream2_IRQHandler
                0x0000000008002550                TIM1_BRK_TIM9_IRQHandler
                0x0000000008002550                DMA2_Stream3_IRQHandler
                0x0000000008002550                USART6_IRQHandler
                0x0000000008002550                DMA2_Stream0_IRQHandler
                0x0000000008002550                TIM4_IRQHandler
                0x0000000008002550                I2C1_EV_IRQHandler
                0x0000000008002550                DMA1_Stream6_IRQHandler
                0x0000000008002550                DMA1_Stream1_IRQHandler
                0x0000000008002550                TIM3_IRQHandler
                0x0000000008002550                RCC_IRQHandler
                0x0000000008002550                Default_Handler
                0x0000000008002550                ADC_IRQHandler
                0x0000000008002550                DMA1_Stream7_IRQHandler
                0x0000000008002550                TIM5_IRQHandler
                0x0000000008002550                DMA2_Stream7_IRQHandler
                0x0000000008002550                I2C3_EV_IRQHandler
                0x0000000008002550                RTC_WKUP_IRQHandler
                0x0000000008002550                DMA1_Stream0_IRQHandler
                0x0000000008002550                WWDG_IRQHandler
                0x0000000008002550                TIM2_IRQHandler
                0x0000000008002550                OTG_FS_WKUP_IRQHandler
                0x0000000008002550                TIM1_TRG_COM_TIM11_IRQHandler
                0x0000000008002550                USART2_IRQHandler
                0x0000000008002550                I2C2_ER_IRQHandler
                0x0000000008002550                DMA2_Stream1_IRQHandler
                0x0000000008002550                FLASH_IRQHandler
                0x0000000008002550                DMA2_Stream4_IRQHandler
                0x0000000008002550                USART1_IRQHandler
                0x0000000008002550                OTG_FS_IRQHandler
                0x0000000008002550                DMA1_Stream4_IRQHandler
                0x0000000008002550                I2C1_ER_IRQHandler
                0x0000000008002550                DMA2_Stream6_IRQHandler
                0x0000000008002550                DMA1_Stream3_IRQHandler
 *fill*         0x0000000008002552        0x2 
 .text.atexit   0x0000000008002554        0xc /usr/lib/gcc/arm-none-eabi/12.2.0/../../../../arm-none-eabi/lib/thumb/v7e-m+fp/hard/libc.a(libc_a-atexit.o)
                0x0000000008002554                atexit
 .text.memset   0x0000000008002560       0xa4 /usr/lib/gcc/arm-none-eabi/12.2.0/../../../../arm-none-eabi/lib/thumb/v7e-m+fp/hard/libc.a(libc_a-memset.o)
                0x0000000008002560                memset
 .text.__libc_init_array
                0x0000000008002604       0x50 /usr/lib/gcc/arm-none-eabi/12.2.0/../../../../arm-none-eabi/lib/thumb/v7e-m+fp/hard/libc.a(libc_a-init.o)
                0x0000000008002604                __libc_init_array
 .text.__libc_fini_array
                0x0000000008002654       0x28 /usr/lib/gcc/arm-none-eabi/12.2.0/../../../../arm-none-eabi/lib/thumb/v7e-m+fp/hard/libc.a(libc_a-fini.o)
                0x0000000008002654                __libc_fini_array
 .text.__retarget_lock_acquire_recursive
                0x000000000800267c        0x4 /usr/lib/gcc/arm-none-eabi/12.2.0/../../../../arm-none-eabi/lib/thumb/v7e-m+fp/hard/libc.a(libc_a-lock.o)
                0x000000000800267c                __retarget_lock_acquire_recursive
 .text.__retarget_lock_release_recursive
                0x0000000008002680        0x4 /usr/lib/gcc/arm-none-eabi/12.2.0/../../../../arm-none-eabi/lib/thumb/v7e-m+fp/hard/libc.a(libc_a-lock.o)
                0x0000000008002680                __retarget_lock_release_recursive
 .text.__register_exitproc
                0x0000000008002684       0x80 /usr/lib/gcc/arm-none-eabi/12.2.0/../../../../arm-none-eabi/lib/thumb/v7e-m+fp/hard/libc.a(libc_a-__atexit.o)
                0x0000000008002684                __register_exitproc
 .text.startup.register_fini
                0x0000000008002704       0x14 /usr/lib/gcc/arm-none-eabi/12.2.0/../../../../arm-none-eabi/lib/thumb/v7e-m+fp/hard/libc.a(libc_a-__call_atexit.o)
 *(.glue_7)
 .glue_7        0x0000000008002718        0x0 linker stubs
 *(.glue_7t)
 .glue_7t       0x0000000008002718        0x0 linker stubs
 *(.eh_frame)
 .eh_frame      0x0000000008002718        0x0 /usr/lib/gcc/arm-none-eabi/12.2.0/thumb/v7e-m+fp/hard/crtbegin.o
 *(.init)
 .init          0x0000000008002718        0x4 /usr/lib/gcc/arm-none-eabi/12.2.0/thumb/v7e-m+fp/hard/crti.o
                0x0000000008002718                _init
 .init          0x000000000800271c        0x8 /usr/lib/gcc/arm-none-eabi/12.2.0/thumb/v7e-m+fp/hard/crtn.o
 *(.fini)
 .fini          0x0000000008002724        0x4 /usr/lib/gcc/arm-none-eabi/12.2.0/thumb/v7e-m+fp/hard/crti.o
                0x0000000008002724                _fini
 .fini          0x0000000008002728        0x8 /usr/lib/gcc/arm-none-eabi/12.2.0/thumb/v7e-m+fp/hard/crtn.o
                0x0000000008002730                . = ALIGN (0x4)
                0x0000000008002730                _etext = .

.vfp11_veneer   0x0000000008002730        0x0
 .vfp11_veneer  0x0000000008002730        0x0 linker stubs

.v4_bx          0x0000000008002730        0x0
 .v4_bx         0x0000000008002730        0x0 linker stubs

.iplt           0x0000000008002730        0x0
 .iplt          0x0000000008002730        0x0 /usr/lib/gcc/arm-none-eabi/12.2.0/thumb/v7e-m+fp/hard/crtbegin.o

.rodata         0x0000000008002730      0x890
                0x0000000008002730                . = ALIGN (0x4)
 *(.rodata)
 .rodata        0x0000000008002730      0x114 startup/stm32f411_periph.o
                0x0000000008002730                _SCnSCB
                0x0000000008002734                _SCB
                0x0000000008002738                _SysTick
                0x000000000800273c                _NVIC
                0x0000000008002740                _ITM
                0x0000000008002744                _DWT
                0x0000000008002748                _TPI
                0x000000000800274c                _CoreDebug
                0x0000000008002750                _MPU
                0x0000000008002754                _FPU
                0x0000000008002758                _TIM2
                0x000000000800275c                _TIM3
                0x0000000008002760                _TIM4
                0x0000000008002764                _TIM5
                0x0000000008002768                _RTC
                0x000000000800276c                _WWDG
                0x0000000008002770                _IWDG
                0x0000000008002774                _I2S2ext
                0x0000000008002778                _SPI2
                0x000000000800277c                _SPI3
                0x0000000008002780                _I2S3ext
                0x0000000008002784                _USART2
                0x0000000008002788                _I2C1
                0x000000000800278c                _I2C2
                0x0000000008002790                _I2C3
                0x0000000008002794                _PWR
                0x0000000008002798                _TIM1
                0x000000000800279c                _USART1
                0x00000000080027a0                _USART6
                0x00000000080027a4                _ADC1
                0x00000000080027a8                _ADC
                0x00000000080027ac                _SDIO
                0x00000000080027b0                _SPI1
                0x00000000080027b4                _SPI4
                0x00000000080027b8                _SYSCFG
                0x00000000080027bc                _EXTI
                0x00000000080027c0                _TIM9
                0x00000000080027c4                _TIM10
                0x00000000080027c8                _TIM11
                0x00000000080027cc                _SPI5
                0x00000000080027d0                _GPIOA
                0x00000000080027d4                _GPIOB
                0x00000000080027d8                _GPIOC
                0x00000000080027dc                _GPIOD
                0x00000000080027e0                _GPIOE
                0x00000000080027e4                _GPIOH
                0x00000000080027e8                _CRC
                0x00000000080027ec                _RCC
                0x00000000080027f0                _FLASH
                0x00000000080027f4                _DMA1
                0x00000000080027f8                _DMA1_Stream0
                0x00000000080027fc                _DMA1_Stream1
                0x0000000008002800                _DMA1_Stream2
                0x0000000008002804                _DMA1_Stream3
                0x0000000008002808                _DMA1_Stream4
                0x000000000800280c                _DMA1_Stream5
                0x0000000008002810                _DMA1_Stream6
                0x0000000008002814                _DMA1_Stream7
                0x0000000008002818                _DMA2
                0x000000000800281c                _DMA2_Stream0
                0x0000000008002820                _DMA2_Stream1
                0x0000000008002824                _DMA2_Stream2
                0x0000000008002828                _DMA2_Stream3
                0x000000000800282c                _DMA2_Stream4
                0x0000000008002830                _DMA2_Stream5
                0x0000000008002834                _DMA2_Stream6
                0x0000000008002838                _DMA2_Stream7
                0x000000000800283c                _DBGMCU
                0x0000000008002840                _USB_OTG_FS
 .rodata        0x0000000008002844       0x10 startup/system_stm32f4xx.o
                0x0000000008002844                AHBPrescTable
 .rodata        0x0000000008002854      0x724 lib/stm32f411.a(lcd_128x32.o)
 *(.rodata*)
 .rodata.all_implied_fbits
                0x0000000008002f78       0x24 /usr/lib/gcc/arm-none-eabi/12.2.0/thumb/v7e-m+fp/hard/crtbegin.o
 .rodata.all_implied_fbits
                0x0000000008002f9c       0x24 /usr/lib/gcc/arm-none-eabi/12.2.0/thumb/v7e-m+fp/hard/crtend.o
                0x0000000008002fc0                . = ALIGN (0x4)

.rel.dyn        0x0000000008002fc0        0x0
 .rel.iplt      0x0000000008002fc0        0x0 /usr/lib/gcc/arm-none-eabi/12.2.0/thumb/v7e-m+fp/hard/crtbegin.o

.ARM.extab
 *(.ARM.extab* .gnu.linkonce.armextab.*)

.ARM            0x0000000008002fc0        0x0
                0x0000000008002fc0                __exidx_start = .
 *(.ARM.exidx*)
                0x0000000008002fc0                __exidx_end = .

.preinit_array  0x0000000008002fc0        0x0
                0x0000000008002fc0                PROVIDE (__preinit_array_start = .)
 *(.preinit_array*)
                0x0000000008002fc0                PROVIDE (__preinit_array_end = .)

.init_array     0x0000000008002fc0        0x8
                0x0000000008002fc0                PROVIDE (__init_array_start = .)
 *(SORT_BY_NAME(.init_array.*))
 .init_array.00000
                0x0000000008002fc0        0x4 /usr/lib/gcc/arm-none-eabi/12.2.0/../../../../arm-none-eabi/lib/thumb/v7e-m+fp/hard/libc.a(libc_a-__call_atexit.o)
 *(.init_array*)
 .init_array    0x0000000008002fc4        0x4 /usr/lib/gcc/arm-none-eabi/12.2.0/thumb/v7e-m+fp/hard/crtbegin.o
                0x0000000008002fc8                PROVIDE (__init_array_end = .)

.fini_array     0x0000000008002fc8        0x4
                0x0000000008002fc8                PROVIDE (__fini_array_start = .)
 *(SORT_BY_NAME(.fini_array.*))
 *(.fini_array*)
 .fini_array    0x0000000008002fc8        0x4 /usr/lib/gcc/arm-none-eabi/12.2.0/thumb/v7e-m+fp/hard/crtbegin.o
                0x0000000008002fcc                PROVIDE (__fini_array_end = .)
                0x0000000008002fcc                _sidata = LOADADDR (.data)

.data           0x0000000020000000       0xcc load address 0x0000000008002fcc
                0x0000000020000000                . = ALIGN (0x4)
                0x0000000020000000                _sdata = .
 *(.data)
 .data          0x0000000020000000       0xa8 startup/rcc.o
 .data          0x00000000200000a8        0x4 startup/system_stm32f4xx.o
                0x00000000200000a8                SystemCoreClock
 .data          0x00000000200000ac        0x8 lib/stm32f411.a(lcd_128x32.o)
 .data          0x00000000200000b4       0x11 lib/stm32f411.a(util.o)
 *(.data*)
 *fill*         0x00000000200000c5        0x3 
 .data.__atexit_recursive_mutex
                0x00000000200000c8        0x4 /usr/lib/gcc/arm-none-eabi/12.2.0/../../../../arm-none-eabi/lib/thumb/v7e-m+fp/hard/libc.a(libc_a-__call_atexit.o)
                0x00000000200000c8                __atexit_recursive_mutex
                0x00000000200000cc                . = ALIGN (0x4)
                0x00000000200000cc                _edata = .

.igot.plt       0x00000000200000cc        0x0 load address 0x0000000008003098
 .igot.plt      0x00000000200000cc        0x0 /usr/lib/gcc/arm-none-eabi/12.2.0/thumb/v7e-m+fp/hard/crtbegin.o
                0x00000000200000cc                . = ALIGN (0x4)

.bss            0x00000000200000cc      0x438 load address 0x0000000008003098
                0x00000000200000cc                _sbss = .
                0x00000000200000cc                __bss_start__ = _sbss
 *(.bss)
 .bss           0x00000000200000cc       0x14 startup/system_stm32f4xx.o
                0x00000000200000cc                sysclks
 .bss           0x00000000200000e0      0x210 lib/stm32f411.a(lcd_128x32.o)
 .bss           0x00000000200002f0       0x40 lib/stm32f411.a(io.o)
 .bss           0x0000000020000330       0x1c lib/stm32f411.a(spi.o)
                0x0000000020000340                cpt
                0x0000000020000344                cpt1
                0x0000000020000348                cpt2
 *(.bss*)
 .bss.completed.1
                0x000000002000034c        0x1 /usr/lib/gcc/arm-none-eabi/12.2.0/thumb/v7e-m+fp/hard/crtbegin.o
 *fill*         0x000000002000034d        0x3 
 .bss.object.0  0x0000000020000350       0x18 /usr/lib/gcc/arm-none-eabi/12.2.0/thumb/v7e-m+fp/hard/crtbegin.o
 .bss.__lock___atexit_recursive_mutex
                0x0000000020000368        0x1 /usr/lib/gcc/arm-none-eabi/12.2.0/../../../../arm-none-eabi/lib/thumb/v7e-m+fp/hard/libc.a(libc_a-lock.o)
                0x0000000020000368                __lock___atexit_recursive_mutex
 *fill*         0x0000000020000369        0x3 
 .bss.__atexit0
                0x000000002000036c      0x190 /usr/lib/gcc/arm-none-eabi/12.2.0/../../../../arm-none-eabi/lib/thumb/v7e-m+fp/hard/libc.a(libc_a-__atexit.o)
                0x000000002000036c                __atexit0
 .bss.__atexit  0x00000000200004fc        0x4 /usr/lib/gcc/arm-none-eabi/12.2.0/../../../../arm-none-eabi/lib/thumb/v7e-m+fp/hard/libc.a(libc_a-__call_atexit.o)
                0x00000000200004fc                __atexit
 *(COMMON)
 COMMON         0x0000000020000500        0x4 lib/stm32f411.a(spi.o)
                0x0000000020000500                sr
                0x0000000020000504                . = ALIGN (0x4)
                0x0000000020000504                _ebss = .
                0x0000000020000504                __bss_end__ = _ebss

._user_heap_stack
                0x0000000020000504      0x600 load address 0x0000000008003098
                0x0000000020000504                . = ALIGN (0x4)
                [!provide]                        PROVIDE (end = .)
                [!provide]                        PROVIDE (_end = .)
                0x0000000020000704                . = (. + _Min_Heap_Size)
 *fill*         0x0000000020000504      0x200 
                0x0000000020000b04                . = (. + _Min_Stack_Size)
 *fill*         0x0000000020000704      0x400 
                0x0000000020000b04                . = ALIGN (0x4)

/DISCARD/
 libc.a(*)
 libm.a(*)
 libgcc.a(*)

.ARM.attributes
                0x0000000000000000       0x30
 *(.ARM.attributes)
 .ARM.attributes
                0x0000000000000000       0x22 /usr/lib/gcc/arm-none-eabi/12.2.0/thumb/v7e-m+fp/hard/crti.o
 .ARM.attributes
                0x0000000000000022       0x34 /usr/lib/gcc/arm-none-eabi/12.2.0/thumb/v7e-m+fp/hard/crtbegin.o
 .ARM.attributes
                0x0000000000000056       0x34 startup/stm32f411_periph.o
 .ARM.attributes
                0x000000000000008a       0x34 startup/sys_handlers.o
 .ARM.attributes
                0x00000000000000be       0x34 startup/rcc.o
 .ARM.attributes
                0x00000000000000f2       0x34 startup/system_stm32f4xx.o
 .ARM.attributes
                0x0000000000000126       0x34 lib/timer.o
 .ARM.attributes
                0x000000000000015a       0x34 src/main.o
 .ARM.attributes
                0x000000000000018e       0x21 startup/startup_stm32f411xe.o
 .ARM.attributes
                0x00000000000001af       0x34 /usr/lib/gcc/arm-none-eabi/12.2.0/../../../../arm-none-eabi/lib/thumb/v7e-m+fp/hard/libc.a(libc_a-atexit.o)
 .ARM.attributes
                0x00000000000001e3       0x34 /usr/lib/gcc/arm-none-eabi/12.2.0/../../../../arm-none-eabi/lib/thumb/v7e-m+fp/hard/libc.a(libc_a-memset.o)
 .ARM.attributes
                0x0000000000000217       0x34 /usr/lib/gcc/arm-none-eabi/12.2.0/../../../../arm-none-eabi/lib/thumb/v7e-m+fp/hard/libc.a(libc_a-init.o)
 .ARM.attributes
                0x000000000000024b       0x34 /usr/lib/gcc/arm-none-eabi/12.2.0/../../../../arm-none-eabi/lib/thumb/v7e-m+fp/hard/libc.a(libc_a-fini.o)
 .ARM.attributes
                0x000000000000027f       0x34 /usr/lib/gcc/arm-none-eabi/12.2.0/../../../../arm-none-eabi/lib/thumb/v7e-m+fp/hard/libc.a(libc_a-lock.o)
 .ARM.attributes
                0x00000000000002b3       0x34 /usr/lib/gcc/arm-none-eabi/12.2.0/../../../../arm-none-eabi/lib/thumb/v7e-m+fp/hard/libc.a(libc_a-__atexit.o)
 .ARM.attributes
                0x00000000000002e7       0x34 /usr/lib/gcc/arm-none-eabi/12.2.0/../../../../arm-none-eabi/lib/thumb/v7e-m+fp/hard/libc.a(libc_a-__call_atexit.o)
 .ARM.attributes
                0x000000000000031b       0x39 lib/stm32f411.a(leds.o)
 .ARM.attributes
                0x0000000000000354       0x39 lib/stm32f411.a(lcd_128x32.o)
 .ARM.attributes
                0x000000000000038d       0x39 lib/stm32f411.a(io.o)
 .ARM.attributes
                0x00000000000003c6       0x39 lib/stm32f411.a(spi.o)
 .ARM.attributes
                0x00000000000003ff       0x39 lib/stm32f411.a(util.o)
 .ARM.attributes
                0x0000000000000438       0x34 /usr/lib/gcc/arm-none-eabi/12.2.0/thumb/v7e-m+fp/hard/crtend.o
 .ARM.attributes
                0x000000000000046c       0x22 /usr/lib/gcc/arm-none-eabi/12.2.0/thumb/v7e-m+fp/hard/crtn.o
OUTPUT(main.elf elf32-littlearm)
LOAD linker stubs
LOAD /usr/lib/gcc/arm-none-eabi/12.2.0/../../../../arm-none-eabi/lib/thumb/v7e-m+fp/hard/libc.a
LOAD /usr/lib/gcc/arm-none-eabi/12.2.0/../../../../arm-none-eabi/lib/thumb/v7e-m+fp/hard/libm.a
LOAD /usr/lib/gcc/arm-none-eabi/12.2.0/thumb/v7e-m+fp/hard/libgcc.a

.debug_info     0x0000000000000000     0xefc8
 .debug_info    0x0000000000000000     0x2241 startup/stm32f411_periph.o
 .debug_info    0x0000000000002241      0x104 startup/sys_handlers.o
 .debug_info    0x0000000000002345      0x56e startup/rcc.o
 .debug_info    0x00000000000028b3      0x5d2 startup/system_stm32f4xx.o
 .debug_info    0x0000000000002e85      0x629 lib/timer.o
 .debug_info    0x00000000000034ae      0x279 src/main.o
 .debug_info    0x0000000000003727       0x30 startup/startup_stm32f411xe.o
 .debug_info    0x0000000000003757      0x118 /usr/lib/gcc/arm-none-eabi/12.2.0/../../../../arm-none-eabi/lib/thumb/v7e-m+fp/hard/libc.a(libc_a-atexit.o)
 .debug_info    0x000000000000386f      0x135 /usr/lib/gcc/arm-none-eabi/12.2.0/../../../../arm-none-eabi/lib/thumb/v7e-m+fp/hard/libc.a(libc_a-memset.o)
 .debug_info    0x00000000000039a4      0x10b /usr/lib/gcc/arm-none-eabi/12.2.0/../../../../arm-none-eabi/lib/thumb/v7e-m+fp/hard/libc.a(libc_a-init.o)
 .debug_info    0x0000000000003aaf       0xf7 /usr/lib/gcc/arm-none-eabi/12.2.0/../../../../arm-none-eabi/lib/thumb/v7e-m+fp/hard/libc.a(libc_a-fini.o)
 .debug_info    0x0000000000003ba6      0x20a /usr/lib/gcc/arm-none-eabi/12.2.0/../../../../arm-none-eabi/lib/thumb/v7e-m+fp/hard/libc.a(libc_a-lock.o)
 .debug_info    0x0000000000003db0      0x25f /usr/lib/gcc/arm-none-eabi/12.2.0/../../../../arm-none-eabi/lib/thumb/v7e-m+fp/hard/libc.a(libc_a-__atexit.o)
 .debug_info    0x000000000000400f      0x2dd /usr/lib/gcc/arm-none-eabi/12.2.0/../../../../arm-none-eabi/lib/thumb/v7e-m+fp/hard/libc.a(libc_a-__call_atexit.o)
 .debug_info    0x00000000000042ec     0x26dd lib/stm32f411.a(leds.o)
 .debug_info    0x00000000000069c9     0x2f2f lib/stm32f411.a(lcd_128x32.o)
 .debug_info    0x00000000000098f8     0x2b7f lib/stm32f411.a(io.o)
 .debug_info    0x000000000000c477     0x2a1d lib/stm32f411.a(spi.o)
 .debug_info    0x000000000000ee94      0x134 lib/stm32f411.a(util.o)

.debug_abbrev   0x0000000000000000     0x1bc1
 .debug_abbrev  0x0000000000000000      0x16b startup/stm32f411_periph.o
 .debug_abbrev  0x000000000000016b       0x45 startup/sys_handlers.o
 .debug_abbrev  0x00000000000001b0      0x18b startup/rcc.o
 .debug_abbrev  0x000000000000033b      0x190 startup/system_stm32f4xx.o
 .debug_abbrev  0x00000000000004cb      0x17f lib/timer.o
 .debug_abbrev  0x000000000000064a      0x140 src/main.o
 .debug_abbrev  0x000000000000078a       0x1d startup/startup_stm32f411xe.o
 .debug_abbrev  0x00000000000007a7       0xc1 /usr/lib/gcc/arm-none-eabi/12.2.0/../../../../arm-none-eabi/lib/thumb/v7e-m+fp/hard/libc.a(libc_a-atexit.o)
 .debug_abbrev  0x0000000000000868       0xb7 /usr/lib/gcc/arm-none-eabi/12.2.0/../../../../arm-none-eabi/lib/thumb/v7e-m+fp/hard/libc.a(libc_a-memset.o)
 .debug_abbrev  0x000000000000091f       0xc9 /usr/lib/gcc/arm-none-eabi/12.2.0/../../../../arm-none-eabi/lib/thumb/v7e-m+fp/hard/libc.a(libc_a-init.o)
 .debug_abbrev  0x00000000000009e8       0xcc /usr/lib/gcc/arm-none-eabi/12.2.0/../../../../arm-none-eabi/lib/thumb/v7e-m+fp/hard/libc.a(libc_a-fini.o)
 .debug_abbrev  0x0000000000000ab4      0x115 /usr/lib/gcc/arm-none-eabi/12.2.0/../../../../arm-none-eabi/lib/thumb/v7e-m+fp/hard/libc.a(libc_a-lock.o)
 .debug_abbrev  0x0000000000000bc9      0x189 /usr/lib/gcc/arm-none-eabi/12.2.0/../../../../arm-none-eabi/lib/thumb/v7e-m+fp/hard/libc.a(libc_a-__atexit.o)
 .debug_abbrev  0x0000000000000d52      0x20c /usr/lib/gcc/arm-none-eabi/12.2.0/../../../../arm-none-eabi/lib/thumb/v7e-m+fp/hard/libc.a(libc_a-__call_atexit.o)
 .debug_abbrev  0x0000000000000f5e      0x21a lib/stm32f411.a(leds.o)
 .debug_abbrev  0x0000000000001178      0x399 lib/stm32f411.a(lcd_128x32.o)
 .debug_abbrev  0x0000000000001511      0x322 lib/stm32f411.a(io.o)
 .debug_abbrev  0x0000000000001833      0x2d7 lib/stm32f411.a(spi.o)
 .debug_abbrev  0x0000000000001b0a       0xb7 lib/stm32f411.a(util.o)

.debug_aranges  0x0000000000000000      0x2b0
 .debug_aranges
                0x0000000000000000       0x18 startup/stm32f411_periph.o
 .debug_aranges
                0x0000000000000018       0x20 startup/sys_handlers.o
 .debug_aranges
                0x0000000000000038       0x20 startup/rcc.o
 .debug_aranges
                0x0000000000000058       0x20 startup/system_stm32f4xx.o
 .debug_aranges
                0x0000000000000078       0x20 lib/timer.o
 .debug_aranges
                0x0000000000000098       0x20 src/main.o
 .debug_aranges
                0x00000000000000b8       0x28 startup/startup_stm32f411xe.o
 .debug_aranges
                0x00000000000000e0       0x20 /usr/lib/gcc/arm-none-eabi/12.2.0/../../../../arm-none-eabi/lib/thumb/v7e-m+fp/hard/libc.a(libc_a-atexit.o)
 .debug_aranges
                0x0000000000000100       0x20 /usr/lib/gcc/arm-none-eabi/12.2.0/../../../../arm-none-eabi/lib/thumb/v7e-m+fp/hard/libc.a(libc_a-memset.o)
 .debug_aranges
                0x0000000000000120       0x20 /usr/lib/gcc/arm-none-eabi/12.2.0/../../../../arm-none-eabi/lib/thumb/v7e-m+fp/hard/libc.a(libc_a-init.o)
 .debug_aranges
                0x0000000000000140       0x20 /usr/lib/gcc/arm-none-eabi/12.2.0/../../../../arm-none-eabi/lib/thumb/v7e-m+fp/hard/libc.a(libc_a-fini.o)
 .debug_aranges
                0x0000000000000160       0x68 /usr/lib/gcc/arm-none-eabi/12.2.0/../../../../arm-none-eabi/lib/thumb/v7e-m+fp/hard/libc.a(libc_a-lock.o)
 .debug_aranges
                0x00000000000001c8       0x20 /usr/lib/gcc/arm-none-eabi/12.2.0/../../../../arm-none-eabi/lib/thumb/v7e-m+fp/hard/libc.a(libc_a-__atexit.o)
 .debug_aranges
                0x00000000000001e8       0x28 /usr/lib/gcc/arm-none-eabi/12.2.0/../../../../arm-none-eabi/lib/thumb/v7e-m+fp/hard/libc.a(libc_a-__call_atexit.o)
 .debug_aranges
                0x0000000000000210       0x20 lib/stm32f411.a(leds.o)
 .debug_aranges
                0x0000000000000230       0x20 lib/stm32f411.a(lcd_128x32.o)
 .debug_aranges
                0x0000000000000250       0x20 lib/stm32f411.a(io.o)
 .debug_aranges
                0x0000000000000270       0x20 lib/stm32f411.a(spi.o)
 .debug_aranges
                0x0000000000000290       0x20 lib/stm32f411.a(util.o)

.debug_line     0x0000000000000000     0x23ee
 .debug_line    0x0000000000000000       0xe2 startup/stm32f411_periph.o
 .debug_line    0x00000000000000e2       0x81 startup/sys_handlers.o
 .debug_line    0x0000000000000163      0x39d startup/rcc.o
 .debug_line    0x0000000000000500      0x1be startup/system_stm32f4xx.o
 .debug_line    0x00000000000006be      0x1b9 lib/timer.o
 .debug_line    0x0000000000000877      0x11e src/main.o
 .debug_line    0x0000000000000995       0x79 startup/startup_stm32f411xe.o
 .debug_line    0x0000000000000a0e       0xe4 /usr/lib/gcc/arm-none-eabi/12.2.0/../../../../arm-none-eabi/lib/thumb/v7e-m+fp/hard/libc.a(libc_a-atexit.o)
 .debug_line    0x0000000000000af2      0x1da /usr/lib/gcc/arm-none-eabi/12.2.0/../../../../arm-none-eabi/lib/thumb/v7e-m+fp/hard/libc.a(libc_a-memset.o)
 .debug_line    0x0000000000000ccc      0x13c /usr/lib/gcc/arm-none-eabi/12.2.0/../../../../arm-none-eabi/lib/thumb/v7e-m+fp/hard/libc.a(libc_a-init.o)
 .debug_line    0x0000000000000e08       0xec /usr/lib/gcc/arm-none-eabi/12.2.0/../../../../arm-none-eabi/lib/thumb/v7e-m+fp/hard/libc.a(libc_a-fini.o)
 .debug_line    0x0000000000000ef4      0x17d /usr/lib/gcc/arm-none-eabi/12.2.0/../../../../arm-none-eabi/lib/thumb/v7e-m+fp/hard/libc.a(libc_a-lock.o)
 .debug_line    0x0000000000001071      0x196 /usr/lib/gcc/arm-none-eabi/12.2.0/../../../../arm-none-eabi/lib/thumb/v7e-m+fp/hard/libc.a(libc_a-__atexit.o)
 .debug_line    0x0000000000001207      0x26e /usr/lib/gcc/arm-none-eabi/12.2.0/../../../../arm-none-eabi/lib/thumb/v7e-m+fp/hard/libc.a(libc_a-__call_atexit.o)
 .debug_line    0x0000000000001475      0x283 lib/stm32f411.a(leds.o)
 .debug_line    0x00000000000016f8      0x510 lib/stm32f411.a(lcd_128x32.o)
 .debug_line    0x0000000000001c08      0x465 lib/stm32f411.a(io.o)
 .debug_line    0x000000000000206d      0x2ec lib/stm32f411.a(spi.o)
 .debug_line    0x0000000000002359       0x95 lib/stm32f411.a(util.o)

.debug_str      0x0000000000000000     0x22a5
 .debug_str     0x0000000000000000      0xbdc startup/stm32f411_periph.o
                                        0xc5a (size before relaxing)
 .debug_str     0x0000000000000bdc       0xa7 startup/sys_handlers.o
                                        0x1d0 (size before relaxing)
 .debug_str     0x0000000000000c83      0x1f9 startup/rcc.o
                                        0x4b2 (size before relaxing)
 .debug_str     0x0000000000000e7c       0x6b startup/system_stm32f4xx.o
                                        0x455 (size before relaxing)
 .debug_str     0x0000000000000ee7       0x9a lib/timer.o
                                        0x374 (size before relaxing)
 .debug_str     0x0000000000000f81       0x31 src/main.o
                                        0x1df (size before relaxing)
 .debug_str     0x0000000000000fb2       0x38 startup/startup_stm32f411xe.o
                                         0x56 (size before relaxing)
 .debug_str     0x0000000000000fea      0x16e /usr/lib/gcc/arm-none-eabi/12.2.0/../../../../arm-none-eabi/lib/thumb/v7e-m+fp/hard/libc.a(libc_a-atexit.o)
                                        0x1fe (size before relaxing)
 .debug_str     0x0000000000001158       0x66 /usr/lib/gcc/arm-none-eabi/12.2.0/../../../../arm-none-eabi/lib/thumb/v7e-m+fp/hard/libc.a(libc_a-memset.o)
                                        0x1d5 (size before relaxing)
 .debug_str     0x00000000000011be       0xa0 /usr/lib/gcc/arm-none-eabi/12.2.0/../../../../arm-none-eabi/lib/thumb/v7e-m+fp/hard/libc.a(libc_a-init.o)
                                        0x222 (size before relaxing)
 .debug_str     0x000000000000125e       0x76 /usr/lib/gcc/arm-none-eabi/12.2.0/../../../../arm-none-eabi/lib/thumb/v7e-m+fp/hard/libc.a(libc_a-fini.o)
                                        0x1f8 (size before relaxing)
 .debug_str     0x00000000000012d4      0x249 /usr/lib/gcc/arm-none-eabi/12.2.0/../../../../arm-none-eabi/lib/thumb/v7e-m+fp/hard/libc.a(libc_a-lock.o)
                                        0x334 (size before relaxing)
 .debug_str     0x000000000000151d       0x9e /usr/lib/gcc/arm-none-eabi/12.2.0/../../../../arm-none-eabi/lib/thumb/v7e-m+fp/hard/libc.a(libc_a-__atexit.o)
                                        0x2d5 (size before relaxing)
 .debug_str     0x00000000000015bb       0x89 /usr/lib/gcc/arm-none-eabi/12.2.0/../../../../arm-none-eabi/lib/thumb/v7e-m+fp/hard/libc.a(libc_a-__call_atexit.o)
                                        0x2fe (size before relaxing)
 .debug_str     0x0000000000001644      0x46c lib/stm32f411.a(leds.o)
                                       0x112e (size before relaxing)
 .debug_str     0x0000000000001ab0      0x204 lib/stm32f411.a(lcd_128x32.o)
                                       0x1361 (size before relaxing)
 .debug_str     0x0000000000001cb4      0x4f3 lib/stm32f411.a(io.o)
                                       0x15f9 (size before relaxing)
 .debug_str     0x00000000000021a7       0xd3 lib/stm32f411.a(spi.o)
                                       0x15a5 (size before relaxing)
 .debug_str     0x000000000000227a       0x2b lib/stm32f411.a(util.o)
                                        0x135 (size before relaxing)

.comment        0x0000000000000000       0x9d
 .comment       0x0000000000000000       0x1e startup/stm32f411_periph.o
                                         0x1f (size before relaxing)
 .comment       0x000000000000001e       0x1f startup/sys_handlers.o
 .comment       0x000000000000001e       0x1f startup/rcc.o
 .comment       0x000000000000001e       0x1f startup/system_stm32f4xx.o
 .comment       0x000000000000001e       0x1f lib/timer.o
 .comment       0x000000000000001e       0x1f src/main.o
 .comment       0x000000000000001e       0x1f /usr/lib/gcc/arm-none-eabi/12.2.0/../../../../arm-none-eabi/lib/thumb/v7e-m+fp/hard/libc.a(libc_a-atexit.o)
 .comment       0x000000000000001e       0x1f /usr/lib/gcc/arm-none-eabi/12.2.0/../../../../arm-none-eabi/lib/thumb/v7e-m+fp/hard/libc.a(libc_a-memset.o)
 .comment       0x000000000000001e       0x1f /usr/lib/gcc/arm-none-eabi/12.2.0/../../../../arm-none-eabi/lib/thumb/v7e-m+fp/hard/libc.a(libc_a-init.o)
 .comment       0x000000000000001e       0x1f /usr/lib/gcc/arm-none-eabi/12.2.0/../../../../arm-none-eabi/lib/thumb/v7e-m+fp/hard/libc.a(libc_a-fini.o)
 .comment       0x000000000000001e       0x1f /usr/lib/gcc/arm-none-eabi/12.2.0/../../../../arm-none-eabi/lib/thumb/v7e-m+fp/hard/libc.a(libc_a-lock.o)
 .comment       0x000000000000001e       0x1f /usr/lib/gcc/arm-none-eabi/12.2.0/../../../../arm-none-eabi/lib/thumb/v7e-m+fp/hard/libc.a(libc_a-__atexit.o)
 .comment       0x000000000000001e       0x1f /usr/lib/gcc/arm-none-eabi/12.2.0/../../../../arm-none-eabi/lib/thumb/v7e-m+fp/hard/libc.a(libc_a-__call_atexit.o)
 .comment       0x000000000000001e       0x7f lib/stm32f411.a(leds.o)
                                         0x80 (size before relaxing)
 .comment       0x000000000000009d       0x80 lib/stm32f411.a(lcd_128x32.o)
 .comment       0x000000000000009d       0x80 lib/stm32f411.a(io.o)
 .comment       0x000000000000009d       0x80 lib/stm32f411.a(spi.o)
 .comment       0x000000000000009d       0x80 lib/stm32f411.a(util.o)

.debug_frame    0x0000000000000000      0xa0c
 .debug_frame   0x0000000000000000       0xa0 startup/sys_handlers.o
 .debug_frame   0x00000000000000a0       0x74 startup/rcc.o
 .debug_frame   0x0000000000000114       0x40 startup/system_stm32f4xx.o
 .debug_frame   0x0000000000000154       0xa4 lib/timer.o
 .debug_frame   0x00000000000001f8       0x28 src/main.o
 .debug_frame   0x0000000000000220       0x20 /usr/lib/gcc/arm-none-eabi/12.2.0/../../../../arm-none-eabi/lib/thumb/v7e-m+fp/hard/libc.a(libc_a-atexit.o)
 .debug_frame   0x0000000000000240       0x2c /usr/lib/gcc/arm-none-eabi/12.2.0/../../../../arm-none-eabi/lib/thumb/v7e-m+fp/hard/libc.a(libc_a-memset.o)
 .debug_frame   0x000000000000026c       0x2c /usr/lib/gcc/arm-none-eabi/12.2.0/../../../../arm-none-eabi/lib/thumb/v7e-m+fp/hard/libc.a(libc_a-init.o)
 .debug_frame   0x0000000000000298       0x34 /usr/lib/gcc/arm-none-eabi/12.2.0/../../../../arm-none-eabi/lib/thumb/v7e-m+fp/hard/libc.a(libc_a-fini.o)
 .debug_frame   0x00000000000002cc       0xb0 /usr/lib/gcc/arm-none-eabi/12.2.0/../../../../arm-none-eabi/lib/thumb/v7e-m+fp/hard/libc.a(libc_a-lock.o)
 .debug_frame   0x000000000000037c       0x34 /usr/lib/gcc/arm-none-eabi/12.2.0/../../../../arm-none-eabi/lib/thumb/v7e-m+fp/hard/libc.a(libc_a-__atexit.o)
 .debug_frame   0x00000000000003b0       0x5c /usr/lib/gcc/arm-none-eabi/12.2.0/../../../../arm-none-eabi/lib/thumb/v7e-m+fp/hard/libc.a(libc_a-__call_atexit.o)
 .debug_frame   0x000000000000040c       0x98 lib/stm32f411.a(leds.o)
 .debug_frame   0x00000000000004a4      0x2c0 lib/stm32f411.a(lcd_128x32.o)
 .debug_frame   0x0000000000000764      0x180 lib/stm32f411.a(io.o)
 .debug_frame   0x00000000000008e4       0xe8 lib/stm32f411.a(spi.o)
 .debug_frame   0x00000000000009cc       0x40 lib/stm32f411.a(util.o)

.debug_ranges   0x0000000000000000       0x38
 .debug_ranges  0x0000000000000000       0x20 startup/startup_stm32f411xe.o
 .debug_ranges  0x0000000000000020       0x18 lib/stm32f411.a(spi.o)

.debug_loclists
                0x0000000000000000      0x47c
 .debug_loclists
                0x0000000000000000       0x2a /usr/lib/gcc/arm-none-eabi/12.2.0/../../../../arm-none-eabi/lib/thumb/v7e-m+fp/hard/libc.a(libc_a-atexit.o)
 .debug_loclists
                0x000000000000002a      0x1cf /usr/lib/gcc/arm-none-eabi/12.2.0/../../../../arm-none-eabi/lib/thumb/v7e-m+fp/hard/libc.a(libc_a-memset.o)
 .debug_loclists
                0x00000000000001f9       0x6f /usr/lib/gcc/arm-none-eabi/12.2.0/../../../../arm-none-eabi/lib/thumb/v7e-m+fp/hard/libc.a(libc_a-init.o)
 .debug_loclists
                0x0000000000000268       0x4c /usr/lib/gcc/arm-none-eabi/12.2.0/../../../../arm-none-eabi/lib/thumb/v7e-m+fp/hard/libc.a(libc_a-fini.o)
 .debug_loclists
                0x00000000000002b4       0x23 /usr/lib/gcc/arm-none-eabi/12.2.0/../../../../arm-none-eabi/lib/thumb/v7e-m+fp/hard/libc.a(libc_a-lock.o)
 .debug_loclists
                0x00000000000002d7       0x8e /usr/lib/gcc/arm-none-eabi/12.2.0/../../../../arm-none-eabi/lib/thumb/v7e-m+fp/hard/libc.a(libc_a-__atexit.o)
 .debug_loclists
                0x0000000000000365      0x117 /usr/lib/gcc/arm-none-eabi/12.2.0/../../../../arm-none-eabi/lib/thumb/v7e-m+fp/hard/libc.a(libc_a-__call_atexit.o)

.debug_rnglists
                0x0000000000000000       0xda
 .debug_rnglists
                0x0000000000000000       0x13 /usr/lib/gcc/arm-none-eabi/12.2.0/../../../../arm-none-eabi/lib/thumb/v7e-m+fp/hard/libc.a(libc_a-atexit.o)
 .debug_rnglists
                0x0000000000000013       0x14 /usr/lib/gcc/arm-none-eabi/12.2.0/../../../../arm-none-eabi/lib/thumb/v7e-m+fp/hard/libc.a(libc_a-memset.o)
 .debug_rnglists
                0x0000000000000027       0x13 /usr/lib/gcc/arm-none-eabi/12.2.0/../../../../arm-none-eabi/lib/thumb/v7e-m+fp/hard/libc.a(libc_a-init.o)
 .debug_rnglists
                0x000000000000003a       0x13 /usr/lib/gcc/arm-none-eabi/12.2.0/../../../../arm-none-eabi/lib/thumb/v7e-m+fp/hard/libc.a(libc_a-fini.o)
 .debug_rnglists
                0x000000000000004d       0x49 /usr/lib/gcc/arm-none-eabi/12.2.0/../../../../arm-none-eabi/lib/thumb/v7e-m+fp/hard/libc.a(libc_a-lock.o)
 .debug_rnglists
                0x0000000000000096       0x14 /usr/lib/gcc/arm-none-eabi/12.2.0/../../../../arm-none-eabi/lib/thumb/v7e-m+fp/hard/libc.a(libc_a-__atexit.o)
 .debug_rnglists
                0x00000000000000aa       0x30 /usr/lib/gcc/arm-none-eabi/12.2.0/../../../../arm-none-eabi/lib/thumb/v7e-m+fp/hard/libc.a(libc_a-__call_atexit.o)
