Archive member included to satisfy reference by file (symbol)

/usr/lib/gcc/arm-none-eabi/12.2.0/../../../../arm-none-eabi/lib/thumb/v7e-m+fp/hard/libc.a(lib_a-atexit.o)
                              /usr/lib/gcc/arm-none-eabi/12.2.0/../../../../arm-none-eabi/lib/thumb/v7e-m+fp/hard/crt0.o (atexit)
/usr/lib/gcc/arm-none-eabi/12.2.0/../../../../arm-none-eabi/lib/thumb/v7e-m+fp/hard/libc.a(lib_a-exit.o)
                              /usr/lib/gcc/arm-none-eabi/12.2.0/../../../../arm-none-eabi/lib/thumb/v7e-m+fp/hard/crt0.o (exit)
/usr/lib/gcc/arm-none-eabi/12.2.0/../../../../arm-none-eabi/lib/thumb/v7e-m+fp/hard/libc.a(lib_a-fini.o)
                              /usr/lib/gcc/arm-none-eabi/12.2.0/../../../../arm-none-eabi/lib/thumb/v7e-m+fp/hard/crt0.o (__libc_fini_array)
/usr/lib/gcc/arm-none-eabi/12.2.0/../../../../arm-none-eabi/lib/thumb/v7e-m+fp/hard/libc.a(lib_a-impure.o)
                              /usr/lib/gcc/arm-none-eabi/12.2.0/../../../../arm-none-eabi/lib/thumb/v7e-m+fp/hard/libc.a(lib_a-exit.o) (_global_impure_ptr)
/usr/lib/gcc/arm-none-eabi/12.2.0/../../../../arm-none-eabi/lib/thumb/v7e-m+fp/hard/libc.a(lib_a-init.o)
                              /usr/lib/gcc/arm-none-eabi/12.2.0/../../../../arm-none-eabi/lib/thumb/v7e-m+fp/hard/crt0.o (__libc_init_array)
/usr/lib/gcc/arm-none-eabi/12.2.0/../../../../arm-none-eabi/lib/thumb/v7e-m+fp/hard/libc.a(lib_a-memset.o)
                              /usr/lib/gcc/arm-none-eabi/12.2.0/../../../../arm-none-eabi/lib/thumb/v7e-m+fp/hard/crt0.o (memset)
/usr/lib/gcc/arm-none-eabi/12.2.0/../../../../arm-none-eabi/lib/thumb/v7e-m+fp/hard/libc.a(lib_a-__atexit.o)
                              /usr/lib/gcc/arm-none-eabi/12.2.0/../../../../arm-none-eabi/lib/thumb/v7e-m+fp/hard/libc.a(lib_a-atexit.o) (__register_exitproc)
/usr/lib/gcc/arm-none-eabi/12.2.0/../../../../arm-none-eabi/lib/thumb/v7e-m+fp/hard/libc.a(lib_a-__call_atexit.o)
                              /usr/lib/gcc/arm-none-eabi/12.2.0/../../../../arm-none-eabi/lib/thumb/v7e-m+fp/hard/libc.a(lib_a-exit.o) (__call_exitprocs)
/usr/lib/gcc/arm-none-eabi/12.2.0/../../../../arm-none-eabi/lib/thumb/v7e-m+fp/hard/libc.a(lib_a-lock.o)
                              /usr/lib/gcc/arm-none-eabi/12.2.0/../../../../arm-none-eabi/lib/thumb/v7e-m+fp/hard/libc.a(lib_a-__atexit.o) (__retarget_lock_acquire_recursive)
lib/libstm32f411.a(timer.o)   src/main.o (timer_wait_us)
lib/libstm32f411.a(lcd_128x32.o)
                              src/main.o (lcd_reset)
lib/libstm32f411.a(util.o)    lib/libstm32f411.a(lcd_128x32.o) (num2str)
lib/libstm32f411.a(spi.o)     lib/libstm32f411.a(lcd_128x32.o) (spi_master_init)

Allocating common symbols
Common symbol       size              file

sr                  0x4               lib/libstm32f411.a(spi.o)

Discarded input sections

 .text          0x0000000000000000        0x0 /usr/lib/gcc/arm-none-eabi/12.2.0/thumb/v7e-m+fp/hard/crti.o
 .data          0x0000000000000000        0x0 /usr/lib/gcc/arm-none-eabi/12.2.0/thumb/v7e-m+fp/hard/crti.o
 .bss           0x0000000000000000        0x0 /usr/lib/gcc/arm-none-eabi/12.2.0/thumb/v7e-m+fp/hard/crti.o
 .text          0x0000000000000000        0x0 /usr/lib/gcc/arm-none-eabi/12.2.0/thumb/v7e-m+fp/hard/crtbegin.o
 .data          0x0000000000000000        0x0 /usr/lib/gcc/arm-none-eabi/12.2.0/thumb/v7e-m+fp/hard/crtbegin.o
 .bss           0x0000000000000000        0x0 /usr/lib/gcc/arm-none-eabi/12.2.0/thumb/v7e-m+fp/hard/crtbegin.o
 .data.__dso_handle
                0x0000000000000000        0x4 /usr/lib/gcc/arm-none-eabi/12.2.0/thumb/v7e-m+fp/hard/crtbegin.o
 .text          0x0000000000000000       0x70 /usr/lib/gcc/arm-none-eabi/12.2.0/../../../../arm-none-eabi/lib/thumb/v7e-m+fp/hard/crt0.o
 .data          0x0000000000000000        0x0 /usr/lib/gcc/arm-none-eabi/12.2.0/../../../../arm-none-eabi/lib/thumb/v7e-m+fp/hard/crt0.o
 .bss           0x0000000000000000        0x0 /usr/lib/gcc/arm-none-eabi/12.2.0/../../../../arm-none-eabi/lib/thumb/v7e-m+fp/hard/crt0.o
 .ARM.extab     0x0000000000000000        0x0 /usr/lib/gcc/arm-none-eabi/12.2.0/../../../../arm-none-eabi/lib/thumb/v7e-m+fp/hard/crt0.o
 .ARM.exidx     0x0000000000000000       0x10 /usr/lib/gcc/arm-none-eabi/12.2.0/../../../../arm-none-eabi/lib/thumb/v7e-m+fp/hard/crt0.o
 .debug_line_str
                0x0000000000000000       0x84 /usr/lib/gcc/arm-none-eabi/12.2.0/../../../../arm-none-eabi/lib/thumb/v7e-m+fp/hard/crt0.o
 .ARM.attributes
                0x0000000000000000       0x1c /usr/lib/gcc/arm-none-eabi/12.2.0/../../../../arm-none-eabi/lib/thumb/v7e-m+fp/hard/crt0.o
 .text          0x0000000000000000        0x0 startup/stm32f411_periph.o
 .data          0x0000000000000000        0x0 startup/stm32f411_periph.o
 .bss           0x0000000000000000        0x0 startup/stm32f411_periph.o
 .data          0x0000000000000000        0x0 startup/sys_handlers.o
 .bss           0x0000000000000000        0x0 startup/sys_handlers.o
 .bss           0x0000000000000000        0x0 startup/rcc.o
 .data          0x0000000000000000        0x0 lib/io.o
 .text          0x0000000000000000      0x148 libshield/leds.o
 .data          0x0000000000000000        0x0 libshield/leds.o
 .bss           0x0000000000000000        0x0 libshield/leds.o
 .debug_info    0x0000000000000000      0x296 libshield/leds.o
 .debug_abbrev  0x0000000000000000      0x158 libshield/leds.o
 .debug_aranges
                0x0000000000000000       0x20 libshield/leds.o
 .debug_line    0x0000000000000000      0x13a libshield/leds.o
 .debug_str     0x0000000000000000      0x212 libshield/leds.o
 .comment       0x0000000000000000       0x1f libshield/leds.o
 .debug_frame   0x0000000000000000       0x9c libshield/leds.o
 .ARM.attributes
                0x0000000000000000       0x34 libshield/leds.o
 .data          0x0000000000000000        0x0 libshield/sw.o
 .data          0x0000000000000000        0x0 src/main.o
 .bss           0x0000000000000000        0x0 src/main.o
 .text          0x0000000000000000        0x0 startup/startup_stm32f411xe.o
 .data          0x0000000000000000        0x0 startup/startup_stm32f411xe.o
 .bss           0x0000000000000000        0x0 startup/startup_stm32f411xe.o
 .text          0x0000000000000000        0x0 /usr/lib/gcc/arm-none-eabi/12.2.0/../../../../arm-none-eabi/lib/thumb/v7e-m+fp/hard/libc.a(lib_a-atexit.o)
 .data          0x0000000000000000        0x0 /usr/lib/gcc/arm-none-eabi/12.2.0/../../../../arm-none-eabi/lib/thumb/v7e-m+fp/hard/libc.a(lib_a-atexit.o)
 .bss           0x0000000000000000        0x0 /usr/lib/gcc/arm-none-eabi/12.2.0/../../../../arm-none-eabi/lib/thumb/v7e-m+fp/hard/libc.a(lib_a-atexit.o)
 .text          0x0000000000000000        0x0 /usr/lib/gcc/arm-none-eabi/12.2.0/../../../../arm-none-eabi/lib/thumb/v7e-m+fp/hard/libc.a(lib_a-exit.o)
 .data          0x0000000000000000        0x0 /usr/lib/gcc/arm-none-eabi/12.2.0/../../../../arm-none-eabi/lib/thumb/v7e-m+fp/hard/libc.a(lib_a-exit.o)
 .bss           0x0000000000000000        0x0 /usr/lib/gcc/arm-none-eabi/12.2.0/../../../../arm-none-eabi/lib/thumb/v7e-m+fp/hard/libc.a(lib_a-exit.o)
 .text.exit     0x0000000000000000       0x20 /usr/lib/gcc/arm-none-eabi/12.2.0/../../../../arm-none-eabi/lib/thumb/v7e-m+fp/hard/libc.a(lib_a-exit.o)
 .debug_info    0x0000000000000000      0x916 /usr/lib/gcc/arm-none-eabi/12.2.0/../../../../arm-none-eabi/lib/thumb/v7e-m+fp/hard/libc.a(lib_a-exit.o)
 .debug_abbrev  0x0000000000000000      0x22d /usr/lib/gcc/arm-none-eabi/12.2.0/../../../../arm-none-eabi/lib/thumb/v7e-m+fp/hard/libc.a(lib_a-exit.o)
 .debug_loclists
                0x0000000000000000       0x20 /usr/lib/gcc/arm-none-eabi/12.2.0/../../../../arm-none-eabi/lib/thumb/v7e-m+fp/hard/libc.a(lib_a-exit.o)
 .debug_aranges
                0x0000000000000000       0x20 /usr/lib/gcc/arm-none-eabi/12.2.0/../../../../arm-none-eabi/lib/thumb/v7e-m+fp/hard/libc.a(lib_a-exit.o)
 .debug_rnglists
                0x0000000000000000       0x13 /usr/lib/gcc/arm-none-eabi/12.2.0/../../../../arm-none-eabi/lib/thumb/v7e-m+fp/hard/libc.a(lib_a-exit.o)
 .debug_line    0x0000000000000000      0x1b7 /usr/lib/gcc/arm-none-eabi/12.2.0/../../../../arm-none-eabi/lib/thumb/v7e-m+fp/hard/libc.a(lib_a-exit.o)
 .debug_str     0x0000000000000000      0x5b4 /usr/lib/gcc/arm-none-eabi/12.2.0/../../../../arm-none-eabi/lib/thumb/v7e-m+fp/hard/libc.a(lib_a-exit.o)
 .comment       0x0000000000000000       0x1f /usr/lib/gcc/arm-none-eabi/12.2.0/../../../../arm-none-eabi/lib/thumb/v7e-m+fp/hard/libc.a(lib_a-exit.o)
 .debug_frame   0x0000000000000000       0x28 /usr/lib/gcc/arm-none-eabi/12.2.0/../../../../arm-none-eabi/lib/thumb/v7e-m+fp/hard/libc.a(lib_a-exit.o)
 .ARM.attributes
                0x0000000000000000       0x34 /usr/lib/gcc/arm-none-eabi/12.2.0/../../../../arm-none-eabi/lib/thumb/v7e-m+fp/hard/libc.a(lib_a-exit.o)
 .text          0x0000000000000000        0x0 /usr/lib/gcc/arm-none-eabi/12.2.0/../../../../arm-none-eabi/lib/thumb/v7e-m+fp/hard/libc.a(lib_a-fini.o)
 .data          0x0000000000000000        0x0 /usr/lib/gcc/arm-none-eabi/12.2.0/../../../../arm-none-eabi/lib/thumb/v7e-m+fp/hard/libc.a(lib_a-fini.o)
 .bss           0x0000000000000000        0x0 /usr/lib/gcc/arm-none-eabi/12.2.0/../../../../arm-none-eabi/lib/thumb/v7e-m+fp/hard/libc.a(lib_a-fini.o)
 .text          0x0000000000000000        0x0 /usr/lib/gcc/arm-none-eabi/12.2.0/../../../../arm-none-eabi/lib/thumb/v7e-m+fp/hard/libc.a(lib_a-impure.o)
 .data          0x0000000000000000        0x0 /usr/lib/gcc/arm-none-eabi/12.2.0/../../../../arm-none-eabi/lib/thumb/v7e-m+fp/hard/libc.a(lib_a-impure.o)
 .bss           0x0000000000000000        0x0 /usr/lib/gcc/arm-none-eabi/12.2.0/../../../../arm-none-eabi/lib/thumb/v7e-m+fp/hard/libc.a(lib_a-impure.o)
 .data._impure_ptr
                0x0000000000000000        0x4 /usr/lib/gcc/arm-none-eabi/12.2.0/../../../../arm-none-eabi/lib/thumb/v7e-m+fp/hard/libc.a(lib_a-impure.o)
 .text          0x0000000000000000        0x0 /usr/lib/gcc/arm-none-eabi/12.2.0/../../../../arm-none-eabi/lib/thumb/v7e-m+fp/hard/libc.a(lib_a-init.o)
 .data          0x0000000000000000        0x0 /usr/lib/gcc/arm-none-eabi/12.2.0/../../../../arm-none-eabi/lib/thumb/v7e-m+fp/hard/libc.a(lib_a-init.o)
 .bss           0x0000000000000000        0x0 /usr/lib/gcc/arm-none-eabi/12.2.0/../../../../arm-none-eabi/lib/thumb/v7e-m+fp/hard/libc.a(lib_a-init.o)
 .text          0x0000000000000000        0x0 /usr/lib/gcc/arm-none-eabi/12.2.0/../../../../arm-none-eabi/lib/thumb/v7e-m+fp/hard/libc.a(lib_a-memset.o)
 .data          0x0000000000000000        0x0 /usr/lib/gcc/arm-none-eabi/12.2.0/../../../../arm-none-eabi/lib/thumb/v7e-m+fp/hard/libc.a(lib_a-memset.o)
 .bss           0x0000000000000000        0x0 /usr/lib/gcc/arm-none-eabi/12.2.0/../../../../arm-none-eabi/lib/thumb/v7e-m+fp/hard/libc.a(lib_a-memset.o)
 .text          0x0000000000000000        0x0 /usr/lib/gcc/arm-none-eabi/12.2.0/../../../../arm-none-eabi/lib/thumb/v7e-m+fp/hard/libc.a(lib_a-__atexit.o)
 .data          0x0000000000000000        0x0 /usr/lib/gcc/arm-none-eabi/12.2.0/../../../../arm-none-eabi/lib/thumb/v7e-m+fp/hard/libc.a(lib_a-__atexit.o)
 .bss           0x0000000000000000        0x0 /usr/lib/gcc/arm-none-eabi/12.2.0/../../../../arm-none-eabi/lib/thumb/v7e-m+fp/hard/libc.a(lib_a-__atexit.o)
 .text          0x0000000000000000        0x0 /usr/lib/gcc/arm-none-eabi/12.2.0/../../../../arm-none-eabi/lib/thumb/v7e-m+fp/hard/libc.a(lib_a-__call_atexit.o)
 .data          0x0000000000000000        0x0 /usr/lib/gcc/arm-none-eabi/12.2.0/../../../../arm-none-eabi/lib/thumb/v7e-m+fp/hard/libc.a(lib_a-__call_atexit.o)
 .bss           0x0000000000000000        0x0 /usr/lib/gcc/arm-none-eabi/12.2.0/../../../../arm-none-eabi/lib/thumb/v7e-m+fp/hard/libc.a(lib_a-__call_atexit.o)
 .text.__call_exitprocs
                0x0000000000000000       0xc0 /usr/lib/gcc/arm-none-eabi/12.2.0/../../../../arm-none-eabi/lib/thumb/v7e-m+fp/hard/libc.a(lib_a-__call_atexit.o)
 .text          0x0000000000000000        0x0 /usr/lib/gcc/arm-none-eabi/12.2.0/../../../../arm-none-eabi/lib/thumb/v7e-m+fp/hard/libc.a(lib_a-lock.o)
 .data          0x0000000000000000        0x0 /usr/lib/gcc/arm-none-eabi/12.2.0/../../../../arm-none-eabi/lib/thumb/v7e-m+fp/hard/libc.a(lib_a-lock.o)
 .bss           0x0000000000000000        0x0 /usr/lib/gcc/arm-none-eabi/12.2.0/../../../../arm-none-eabi/lib/thumb/v7e-m+fp/hard/libc.a(lib_a-lock.o)
 .text.__retarget_lock_init
                0x0000000000000000        0x4 /usr/lib/gcc/arm-none-eabi/12.2.0/../../../../arm-none-eabi/lib/thumb/v7e-m+fp/hard/libc.a(lib_a-lock.o)
 .text.__retarget_lock_init_recursive
                0x0000000000000000        0x4 /usr/lib/gcc/arm-none-eabi/12.2.0/../../../../arm-none-eabi/lib/thumb/v7e-m+fp/hard/libc.a(lib_a-lock.o)
 .text.__retarget_lock_close
                0x0000000000000000        0x4 /usr/lib/gcc/arm-none-eabi/12.2.0/../../../../arm-none-eabi/lib/thumb/v7e-m+fp/hard/libc.a(lib_a-lock.o)
 .text.__retarget_lock_close_recursive
                0x0000000000000000        0x4 /usr/lib/gcc/arm-none-eabi/12.2.0/../../../../arm-none-eabi/lib/thumb/v7e-m+fp/hard/libc.a(lib_a-lock.o)
 .text.__retarget_lock_acquire
                0x0000000000000000        0x4 /usr/lib/gcc/arm-none-eabi/12.2.0/../../../../arm-none-eabi/lib/thumb/v7e-m+fp/hard/libc.a(lib_a-lock.o)
 .text.__retarget_lock_try_acquire
                0x0000000000000000        0x4 /usr/lib/gcc/arm-none-eabi/12.2.0/../../../../arm-none-eabi/lib/thumb/v7e-m+fp/hard/libc.a(lib_a-lock.o)
 .text.__retarget_lock_try_acquire_recursive
                0x0000000000000000        0x4 /usr/lib/gcc/arm-none-eabi/12.2.0/../../../../arm-none-eabi/lib/thumb/v7e-m+fp/hard/libc.a(lib_a-lock.o)
 .text.__retarget_lock_release
                0x0000000000000000        0x4 /usr/lib/gcc/arm-none-eabi/12.2.0/../../../../arm-none-eabi/lib/thumb/v7e-m+fp/hard/libc.a(lib_a-lock.o)
 .bss.__lock___arc4random_mutex
                0x0000000000000000        0x1 /usr/lib/gcc/arm-none-eabi/12.2.0/../../../../arm-none-eabi/lib/thumb/v7e-m+fp/hard/libc.a(lib_a-lock.o)
 .bss.__lock___at_quick_exit_mutex
                0x0000000000000000        0x1 /usr/lib/gcc/arm-none-eabi/12.2.0/../../../../arm-none-eabi/lib/thumb/v7e-m+fp/hard/libc.a(lib_a-lock.o)
 .bss.__lock___dd_hash_mutex
                0x0000000000000000        0x1 /usr/lib/gcc/arm-none-eabi/12.2.0/../../../../arm-none-eabi/lib/thumb/v7e-m+fp/hard/libc.a(lib_a-lock.o)
 .bss.__lock___env_recursive_mutex
                0x0000000000000000        0x1 /usr/lib/gcc/arm-none-eabi/12.2.0/../../../../arm-none-eabi/lib/thumb/v7e-m+fp/hard/libc.a(lib_a-lock.o)
 .bss.__lock___malloc_recursive_mutex
                0x0000000000000000        0x1 /usr/lib/gcc/arm-none-eabi/12.2.0/../../../../arm-none-eabi/lib/thumb/v7e-m+fp/hard/libc.a(lib_a-lock.o)
 .bss.__lock___sfp_recursive_mutex
                0x0000000000000000        0x1 /usr/lib/gcc/arm-none-eabi/12.2.0/../../../../arm-none-eabi/lib/thumb/v7e-m+fp/hard/libc.a(lib_a-lock.o)
 .bss.__lock___sinit_recursive_mutex
                0x0000000000000000        0x1 /usr/lib/gcc/arm-none-eabi/12.2.0/../../../../arm-none-eabi/lib/thumb/v7e-m+fp/hard/libc.a(lib_a-lock.o)
 .bss.__lock___tz_mutex
                0x0000000000000000        0x1 /usr/lib/gcc/arm-none-eabi/12.2.0/../../../../arm-none-eabi/lib/thumb/v7e-m+fp/hard/libc.a(lib_a-lock.o)
 .data          0x0000000000000000        0x0 lib/libstm32f411.a(timer.o)
 .bss           0x0000000000000000        0x0 lib/libstm32f411.a(util.o)
 .data          0x0000000000000000        0x0 lib/libstm32f411.a(spi.o)
 .text          0x0000000000000000        0x0 /usr/lib/gcc/arm-none-eabi/12.2.0/thumb/v7e-m+fp/hard/crtend.o
 .data          0x0000000000000000        0x0 /usr/lib/gcc/arm-none-eabi/12.2.0/thumb/v7e-m+fp/hard/crtend.o
 .bss           0x0000000000000000        0x0 /usr/lib/gcc/arm-none-eabi/12.2.0/thumb/v7e-m+fp/hard/crtend.o
 .eh_frame      0x0000000000000000        0x4 /usr/lib/gcc/arm-none-eabi/12.2.0/thumb/v7e-m+fp/hard/crtend.o
 .text          0x0000000000000000        0x0 /usr/lib/gcc/arm-none-eabi/12.2.0/thumb/v7e-m+fp/hard/crtn.o
 .data          0x0000000000000000        0x0 /usr/lib/gcc/arm-none-eabi/12.2.0/thumb/v7e-m+fp/hard/crtn.o
 .bss           0x0000000000000000        0x0 /usr/lib/gcc/arm-none-eabi/12.2.0/thumb/v7e-m+fp/hard/crtn.o

Memory Configuration

Name             Origin             Length             Attributes
FLASH            0x0000000008000000 0x0000000000080000 xr
RAM              0x0000000020000000 0x0000000000020000 xrw
*default*        0x0000000000000000 0xffffffffffffffff

Linker script and memory map

LOAD /usr/lib/gcc/arm-none-eabi/12.2.0/thumb/v7e-m+fp/hard/crti.o
LOAD /usr/lib/gcc/arm-none-eabi/12.2.0/thumb/v7e-m+fp/hard/crtbegin.o
LOAD /usr/lib/gcc/arm-none-eabi/12.2.0/../../../../arm-none-eabi/lib/thumb/v7e-m+fp/hard/crt0.o
LOAD startup/stm32f411_periph.o
LOAD startup/sys_handlers.o
LOAD startup/rcc.o
LOAD startup/system_stm32f4xx.o
LOAD lib/io.o
LOAD libshield/leds.o
LOAD libshield/sw.o
LOAD src/main.o
LOAD startup/startup_stm32f411xe.o
LOAD /usr/lib/gcc/arm-none-eabi/12.2.0/../../../../arm-none-eabi/lib/thumb/v7e-m+fp/hard/libc.a
LOAD /usr/lib/gcc/arm-none-eabi/12.2.0/thumb/v7e-m+fp/hard/libgcc.a
LOAD /usr/lib/gcc/arm-none-eabi/12.2.0/thumb/v7e-m+fp/hard/libgcov.a
LOAD /usr/lib/gcc/arm-none-eabi/12.2.0/../../../../arm-none-eabi/lib/thumb/v7e-m+fp/hard/libm.a
LOAD lib/libstm32f411.a
START GROUP
LOAD /usr/lib/gcc/arm-none-eabi/12.2.0/thumb/v7e-m+fp/hard/libgcc.a
LOAD /usr/lib/gcc/arm-none-eabi/12.2.0/../../../../arm-none-eabi/lib/thumb/v7e-m+fp/hard/libc.a
END GROUP
LOAD /usr/lib/gcc/arm-none-eabi/12.2.0/thumb/v7e-m+fp/hard/crtend.o
LOAD /usr/lib/gcc/arm-none-eabi/12.2.0/thumb/v7e-m+fp/hard/crtn.o
                0x0000000020020000                _estack = 0x20020000
                0x0000000000000200                _Min_Heap_Size = 0x200
                0x0000000000000400                _Min_Stack_Size = 0x400

.isr_vector     0x0000000008000000      0x198
                0x0000000008000000                . = ALIGN (0x4)
 *(.isr_vector)
 .isr_vector    0x0000000008000000      0x198 startup/startup_stm32f411xe.o
                0x0000000008000000                g_pfnVectors
                0x0000000008000198                . = ALIGN (0x4)

.text           0x0000000008000198     0x2ea8
                0x0000000008000198                . = ALIGN (0x4)
 *(.text)
 .text          0x0000000008000198       0x24 startup/sys_handlers.o
                0x0000000008000198                NMI_Handler
                0x000000000800019c                HardFault_Handler
                0x00000000080001a0                MemManage_Handler
                0x00000000080001a4                BusFault_Handler
                0x00000000080001a8                UsageFault_Handler
                0x00000000080001ac                SVC_Handler
                0x00000000080001b0                DebugMon_Handler
                0x00000000080001b4                PendSV_Handler
                0x00000000080001b8                SysTick_Handler
 .text          0x00000000080001bc      0x3ec startup/rcc.o
                0x00000000080003cc                rcc_config_clock
 .text          0x00000000080005a8      0x16c startup/system_stm32f4xx.o
                0x00000000080005a8                SystemInit
                0x000000000800061c                SystemCoreClockUpdate
 .text          0x0000000008000714      0x8fc lib/io.o
                0x0000000008000790                EXTI0_IRQHandler
                0x00000000080007b4                EXTI1_IRQHandler
                0x00000000080007d8                EXTI2_IRQHandler
                0x00000000080007fc                EXTI3_IRQHandler
                0x0000000008000820                EXTI4_IRQHandler
                0x0000000008000844                EXTI9_5_IRQHandler
                0x0000000008000914                EXTI15_10_IRQHandler
                0x0000000008000a10                io_configure
                0x0000000008000f4c                io_read
                0x0000000008000f6e                io_write
                0x0000000008000fa8                io_write_n
                0x0000000008000fde                io_set
                0x0000000008000ff6                io_clear
 .text          0x0000000008001010      0x274 libshield/sw.o
                0x0000000008001010                sw_init
                0x0000000008001094                sw_right
                0x00000000080010dc                sw_left
                0x0000000008001124                sw_up
                0x000000000800116c                sw_down
                0x00000000080011b4                sw_center
                0x00000000080011fc                sw_input
 .text          0x0000000008001284      0x1b4 src/main.o
                0x00000000080012e4                main
 .text          0x0000000008001438      0x878 lib/libstm32f411.a(timer.o)
                0x00000000080014b4                TIM2_IRQHandler
                0x00000000080014e0                TIM3_IRQHandler
                0x000000000800150c                TIM4_IRQHandler
                0x0000000008001538                TIM5_IRQHandler
                0x0000000008001564                timer_wait_ms
                0x00000000080016fc                timer_wait_us
                0x000000000800188c                timer_tick_init
                0x00000000080019f4                timer_start
                0x0000000008001a10                timer_stop
                0x0000000008001a26                pwm_init
                0x0000000008001b88                pwm_channel_enable
                0x0000000008001c48                pwm_channel_disable
                0x0000000008001c6c                pwm_channel_set
 .text          0x0000000008001cb0      0xce4 lib/libstm32f411.a(lcd_128x32.o)
                0x0000000008001df8                lcd_reset
                0x0000000008001ef0                lcd_set_contrast
                0x0000000008001f20                lcd_get_contrast
                0x0000000008001f2c                lcd_width
                0x0000000008001f32                lcd_height
                0x0000000008001f38                lcd_invert
                0x0000000008001f5a                lcd_setmode
                0x0000000008001f70                lcd_get_autoup
                0x0000000008001f7c                lcd_set_autoup
                0x00000000080020a8                locate
                0x00000000080020c8                cls
                0x00000000080020ec                line
                0x0000000008002230                rect
                0x00000000080022fc                fillrect
                0x000000000800237c                circle
                0x000000000800252c                fillcircle
                0x0000000008002584                bitmap
                0x0000000008002790                lcd_putc
                0x000000000800280c                lcd_puts
                0x000000000800285c                lcd_printf
 .text          0x0000000008002994      0x138 lib/libstm32f411.a(util.o)
                0x0000000008002994                num2str
                0x0000000008002a30                str2num
 .text          0x0000000008002acc      0x308 lib/libstm32f411.a(spi.o)
                0x0000000008002b48                SPI1_IRQHandler
                0x0000000008002bf4                SPI2_IRQHandler
                0x0000000008002bf8                SPI3_IRQHandler
                0x0000000008002bfc                SPI4_IRQHandler
                0x0000000008002c00                SPI5_IRQHandler
                0x0000000008002c04                spi_master_init
                0x0000000008002d2c                spi_write
                0x0000000008002d9c                spi_write_byte
 *(.text*)
 .text.__do_global_dtors_aux
                0x0000000008002dd4       0x24 /usr/lib/gcc/arm-none-eabi/12.2.0/thumb/v7e-m+fp/hard/crtbegin.o
 .text.frame_dummy
                0x0000000008002df8       0x1c /usr/lib/gcc/arm-none-eabi/12.2.0/thumb/v7e-m+fp/hard/crtbegin.o
 .text.Reset_Handler
                0x0000000008002e14       0x4c startup/startup_stm32f411xe.o
                0x0000000008002e14                Reset_Handler
                0x0000000008002e46                _exit
 .text.Default_Handler
                0x0000000008002e60        0x2 startup/startup_stm32f411xe.o
                0x0000000008002e60                RTC_Alarm_IRQHandler
                0x0000000008002e60                TIM1_CC_IRQHandler
                0x0000000008002e60                DMA2_Stream5_IRQHandler
                0x0000000008002e60                DMA1_Stream5_IRQHandler
                0x0000000008002e60                PVD_IRQHandler
                0x0000000008002e60                SDIO_IRQHandler
                0x0000000008002e60                TAMP_STAMP_IRQHandler
                0x0000000008002e60                TIM1_UP_TIM10_IRQHandler
                0x0000000008002e60                I2C3_ER_IRQHandler
                0x0000000008002e60                I2C2_EV_IRQHandler
                0x0000000008002e60                DMA1_Stream2_IRQHandler
                0x0000000008002e60                FPU_IRQHandler
                0x0000000008002e60                DMA2_Stream2_IRQHandler
                0x0000000008002e60                TIM1_BRK_TIM9_IRQHandler
                0x0000000008002e60                DMA2_Stream3_IRQHandler
                0x0000000008002e60                USART6_IRQHandler
                0x0000000008002e60                DMA2_Stream0_IRQHandler
                0x0000000008002e60                I2C1_EV_IRQHandler
                0x0000000008002e60                DMA1_Stream6_IRQHandler
                0x0000000008002e60                DMA1_Stream1_IRQHandler
                0x0000000008002e60                RCC_IRQHandler
                0x0000000008002e60                Default_Handler
                0x0000000008002e60                ADC_IRQHandler
                0x0000000008002e60                DMA1_Stream7_IRQHandler
                0x0000000008002e60                DMA2_Stream7_IRQHandler
                0x0000000008002e60                I2C3_EV_IRQHandler
                0x0000000008002e60                RTC_WKUP_IRQHandler
                0x0000000008002e60                DMA1_Stream0_IRQHandler
                0x0000000008002e60                WWDG_IRQHandler
                0x0000000008002e60                OTG_FS_WKUP_IRQHandler
                0x0000000008002e60                TIM1_TRG_COM_TIM11_IRQHandler
                0x0000000008002e60                USART2_IRQHandler
                0x0000000008002e60                I2C2_ER_IRQHandler
                0x0000000008002e60                DMA2_Stream1_IRQHandler
                0x0000000008002e60                FLASH_IRQHandler
                0x0000000008002e60                DMA2_Stream4_IRQHandler
                0x0000000008002e60                USART1_IRQHandler
                0x0000000008002e60                OTG_FS_IRQHandler
                0x0000000008002e60                DMA1_Stream4_IRQHandler
                0x0000000008002e60                I2C1_ER_IRQHandler
                0x0000000008002e60                DMA2_Stream6_IRQHandler
                0x0000000008002e60                DMA1_Stream3_IRQHandler
 *fill*         0x0000000008002e62        0x2 
 .text.atexit   0x0000000008002e64        0xc /usr/lib/gcc/arm-none-eabi/12.2.0/../../../../arm-none-eabi/lib/thumb/v7e-m+fp/hard/libc.a(lib_a-atexit.o)
                0x0000000008002e64                atexit
 .text.__libc_fini_array
                0x0000000008002e70       0x2c /usr/lib/gcc/arm-none-eabi/12.2.0/../../../../arm-none-eabi/lib/thumb/v7e-m+fp/hard/libc.a(lib_a-fini.o)
                0x0000000008002e70                __libc_fini_array
 .text.__libc_init_array
                0x0000000008002e9c       0x48 /usr/lib/gcc/arm-none-eabi/12.2.0/../../../../arm-none-eabi/lib/thumb/v7e-m+fp/hard/libc.a(lib_a-init.o)
                0x0000000008002e9c                __libc_init_array
 .text.memset   0x0000000008002ee4       0xa4 /usr/lib/gcc/arm-none-eabi/12.2.0/../../../../arm-none-eabi/lib/thumb/v7e-m+fp/hard/libc.a(lib_a-memset.o)
                0x0000000008002ee4                memset
 .text.__register_exitproc
                0x0000000008002f88       0x84 /usr/lib/gcc/arm-none-eabi/12.2.0/../../../../arm-none-eabi/lib/thumb/v7e-m+fp/hard/libc.a(lib_a-__atexit.o)
                0x0000000008002f88                __register_exitproc
 .text.startup.register_fini
                0x000000000800300c       0x14 /usr/lib/gcc/arm-none-eabi/12.2.0/../../../../arm-none-eabi/lib/thumb/v7e-m+fp/hard/libc.a(lib_a-__call_atexit.o)
 .text.__retarget_lock_acquire_recursive
                0x0000000008003020        0x4 /usr/lib/gcc/arm-none-eabi/12.2.0/../../../../arm-none-eabi/lib/thumb/v7e-m+fp/hard/libc.a(lib_a-lock.o)
                0x0000000008003020                __retarget_lock_acquire_recursive
 .text.__retarget_lock_release_recursive
                0x0000000008003024        0x4 /usr/lib/gcc/arm-none-eabi/12.2.0/../../../../arm-none-eabi/lib/thumb/v7e-m+fp/hard/libc.a(lib_a-lock.o)
                0x0000000008003024                __retarget_lock_release_recursive
 *(.glue_7)
 .glue_7        0x0000000008003028        0x0 linker stubs
 *(.glue_7t)
 .glue_7t       0x0000000008003028        0x0 linker stubs
 *(.eh_frame)
 .eh_frame      0x0000000008003028        0x0 /usr/lib/gcc/arm-none-eabi/12.2.0/thumb/v7e-m+fp/hard/crtbegin.o
 *(.init)
 .init          0x0000000008003028        0x4 /usr/lib/gcc/arm-none-eabi/12.2.0/thumb/v7e-m+fp/hard/crti.o
                0x0000000008003028                _init
 .init          0x000000000800302c        0x8 /usr/lib/gcc/arm-none-eabi/12.2.0/thumb/v7e-m+fp/hard/crtn.o
 *(.fini)
 .fini          0x0000000008003034        0x4 /usr/lib/gcc/arm-none-eabi/12.2.0/thumb/v7e-m+fp/hard/crti.o
                0x0000000008003034                _fini
 .fini          0x0000000008003038        0x8 /usr/lib/gcc/arm-none-eabi/12.2.0/thumb/v7e-m+fp/hard/crtn.o
                0x0000000008003040                . = ALIGN (0x4)
                0x0000000008003040                _etext = .

.vfp11_veneer   0x0000000008003040        0x0
 .vfp11_veneer  0x0000000008003040        0x0 linker stubs

.v4_bx          0x0000000008003040        0x0
 .v4_bx         0x0000000008003040        0x0 linker stubs

.iplt           0x0000000008003040        0x0
 .iplt          0x0000000008003040        0x0 /usr/lib/gcc/arm-none-eabi/12.2.0/thumb/v7e-m+fp/hard/crtbegin.o

.rodata         0x0000000008003040      0x8b8
                0x0000000008003040                . = ALIGN (0x4)
 *(.rodata)
 .rodata        0x0000000008003040      0x114 startup/stm32f411_periph.o
                0x0000000008003040                _SCnSCB
                0x0000000008003044                _SCB
                0x0000000008003048                _SysTick
                0x000000000800304c                _NVIC
                0x0000000008003050                _ITM
                0x0000000008003054                _DWT
                0x0000000008003058                _TPI
                0x000000000800305c                _CoreDebug
                0x0000000008003060                _MPU
                0x0000000008003064                _FPU
                0x0000000008003068                _TIM2
                0x000000000800306c                _TIM3
                0x0000000008003070                _TIM4
                0x0000000008003074                _TIM5
                0x0000000008003078                _RTC
                0x000000000800307c                _WWDG
                0x0000000008003080                _IWDG
                0x0000000008003084                _I2S2ext
                0x0000000008003088                _SPI2
                0x000000000800308c                _SPI3
                0x0000000008003090                _I2S3ext
                0x0000000008003094                _USART2
                0x0000000008003098                _I2C1
                0x000000000800309c                _I2C2
                0x00000000080030a0                _I2C3
                0x00000000080030a4                _PWR
                0x00000000080030a8                _TIM1
                0x00000000080030ac                _USART1
                0x00000000080030b0                _USART6
                0x00000000080030b4                _ADC1
                0x00000000080030b8                _ADC
                0x00000000080030bc                _SDIO
                0x00000000080030c0                _SPI1
                0x00000000080030c4                _SPI4
                0x00000000080030c8                _SYSCFG
                0x00000000080030cc                _EXTI
                0x00000000080030d0                _TIM9
                0x00000000080030d4                _TIM10
                0x00000000080030d8                _TIM11
                0x00000000080030dc                _SPI5
                0x00000000080030e0                _GPIOA
                0x00000000080030e4                _GPIOB
                0x00000000080030e8                _GPIOC
                0x00000000080030ec                _GPIOD
                0x00000000080030f0                _GPIOE
                0x00000000080030f4                _GPIOH
                0x00000000080030f8                _CRC
                0x00000000080030fc                _RCC
                0x0000000008003100                _FLASH
                0x0000000008003104                _DMA1
                0x0000000008003108                _DMA1_Stream0
                0x000000000800310c                _DMA1_Stream1
                0x0000000008003110                _DMA1_Stream2
                0x0000000008003114                _DMA1_Stream3
                0x0000000008003118                _DMA1_Stream4
                0x000000000800311c                _DMA1_Stream5
                0x0000000008003120                _DMA1_Stream6
                0x0000000008003124                _DMA1_Stream7
                0x0000000008003128                _DMA2
                0x000000000800312c                _DMA2_Stream0
                0x0000000008003130                _DMA2_Stream1
                0x0000000008003134                _DMA2_Stream2
                0x0000000008003138                _DMA2_Stream3
                0x000000000800313c                _DMA2_Stream4
                0x0000000008003140                _DMA2_Stream5
                0x0000000008003144                _DMA2_Stream6
                0x0000000008003148                _DMA2_Stream7
                0x000000000800314c                _DBGMCU
                0x0000000008003150                _USB_OTG_FS
 .rodata        0x0000000008003154       0x10 startup/system_stm32f4xx.o
                0x0000000008003154                AHBPrescTable
 .rodata        0x0000000008003164       0x22 src/main.o
 *fill*         0x0000000008003186        0x2 
 .rodata        0x0000000008003188      0x724 lib/libstm32f411.a(lcd_128x32.o)
 *(.rodata*)
 .rodata.all_implied_fbits
                0x00000000080038ac       0x24 /usr/lib/gcc/arm-none-eabi/12.2.0/thumb/v7e-m+fp/hard/crtbegin.o
 .rodata._global_impure_ptr
                0x00000000080038d0        0x4 /usr/lib/gcc/arm-none-eabi/12.2.0/../../../../arm-none-eabi/lib/thumb/v7e-m+fp/hard/libc.a(lib_a-impure.o)
                0x00000000080038d0                _global_impure_ptr
 .rodata.all_implied_fbits
                0x00000000080038d4       0x24 /usr/lib/gcc/arm-none-eabi/12.2.0/thumb/v7e-m+fp/hard/crtend.o
                0x00000000080038f8                . = ALIGN (0x4)

.rel.dyn        0x00000000080038f8        0x0
 .rel.iplt      0x00000000080038f8        0x0 /usr/lib/gcc/arm-none-eabi/12.2.0/thumb/v7e-m+fp/hard/crtbegin.o

.ARM.extab
 *(.ARM.extab* .gnu.linkonce.armextab.*)

.ARM            0x00000000080038f8        0x0
                0x00000000080038f8                __exidx_start = .
 *(.ARM.exidx*)
                0x00000000080038f8                __exidx_end = .

.preinit_array  0x00000000080038f8        0x0
                0x00000000080038f8                PROVIDE (__preinit_array_start = .)
 *(.preinit_array*)
                0x00000000080038f8                PROVIDE (__preinit_array_end = .)

.init_array     0x00000000080038f8        0x8
                0x00000000080038f8                PROVIDE (__init_array_start = .)
 *(SORT_BY_NAME(.init_array.*))
 .init_array.00000
                0x00000000080038f8        0x4 /usr/lib/gcc/arm-none-eabi/12.2.0/../../../../arm-none-eabi/lib/thumb/v7e-m+fp/hard/libc.a(lib_a-__call_atexit.o)
 *(.init_array*)
 .init_array    0x00000000080038fc        0x4 /usr/lib/gcc/arm-none-eabi/12.2.0/thumb/v7e-m+fp/hard/crtbegin.o
                0x0000000008003900                PROVIDE (__init_array_end = .)

.fini_array     0x0000000008003900        0x4
                0x0000000008003900                PROVIDE (__fini_array_start = .)
 *(SORT_BY_NAME(.fini_array.*))
 *(.fini_array*)
 .fini_array    0x0000000008003900        0x4 /usr/lib/gcc/arm-none-eabi/12.2.0/thumb/v7e-m+fp/hard/crtbegin.o
                0x0000000008003904                PROVIDE (__fini_array_end = .)
                0x0000000008003904                _sidata = LOADADDR (.data)

.data           0x0000000020000000      0x4f4 load address 0x0000000008003904
                0x0000000020000000                . = ALIGN (0x4)
                0x0000000020000000                _sdata = .
 *(.data)
 .data          0x0000000020000000       0xa8 startup/rcc.o
 .data          0x00000000200000a8        0x4 startup/system_stm32f4xx.o
                0x00000000200000a8                SystemCoreClock
 .data          0x00000000200000ac        0x8 lib/libstm32f411.a(lcd_128x32.o)
 .data          0x00000000200000b4       0x11 lib/libstm32f411.a(util.o)
 *(.data*)
 *fill*         0x00000000200000c5        0x3 
 .data.impure_data
                0x00000000200000c8      0x428 /usr/lib/gcc/arm-none-eabi/12.2.0/../../../../arm-none-eabi/lib/thumb/v7e-m+fp/hard/libc.a(lib_a-impure.o)
 .data.__atexit_recursive_mutex
                0x00000000200004f0        0x4 /usr/lib/gcc/arm-none-eabi/12.2.0/../../../../arm-none-eabi/lib/thumb/v7e-m+fp/hard/libc.a(lib_a-__call_atexit.o)
                0x00000000200004f0                __atexit_recursive_mutex
                0x00000000200004f4                . = ALIGN (0x4)
                0x00000000200004f4                _edata = .

.igot.plt       0x00000000200004f4        0x0 load address 0x0000000008003df8
 .igot.plt      0x00000000200004f4        0x0 /usr/lib/gcc/arm-none-eabi/12.2.0/thumb/v7e-m+fp/hard/crtbegin.o
                0x00000000200004f4                . = ALIGN (0x4)

.bss            0x00000000200004f4      0x2c0 load address 0x0000000008003df8
                0x00000000200004f4                _sbss = .
                0x00000000200004f4                __bss_start__ = _sbss
 *(.bss)
 .bss           0x00000000200004f4       0x14 startup/system_stm32f4xx.o
                0x00000000200004f4                sysclks
 .bss           0x0000000020000508       0x40 lib/io.o
 .bss           0x0000000020000548        0xa libshield/sw.o
 *fill*         0x0000000020000552        0x2 
 .bss           0x0000000020000554       0x10 lib/libstm32f411.a(timer.o)
 .bss           0x0000000020000564      0x210 lib/libstm32f411.a(lcd_128x32.o)
 .bss           0x0000000020000774       0x1c lib/libstm32f411.a(spi.o)
                0x0000000020000784                cpt
                0x0000000020000788                cpt1
                0x000000002000078c                cpt2
 *(.bss*)
 .bss.completed.1
                0x0000000020000790        0x1 /usr/lib/gcc/arm-none-eabi/12.2.0/thumb/v7e-m+fp/hard/crtbegin.o
 *fill*         0x0000000020000791        0x3 
 .bss.object.0  0x0000000020000794       0x18 /usr/lib/gcc/arm-none-eabi/12.2.0/thumb/v7e-m+fp/hard/crtbegin.o
 .bss.__lock___atexit_recursive_mutex
                0x00000000200007ac        0x1 /usr/lib/gcc/arm-none-eabi/12.2.0/../../../../arm-none-eabi/lib/thumb/v7e-m+fp/hard/libc.a(lib_a-lock.o)
                0x00000000200007ac                __lock___atexit_recursive_mutex
 *(COMMON)
 *fill*         0x00000000200007ad        0x3 
 COMMON         0x00000000200007b0        0x4 lib/libstm32f411.a(spi.o)
                0x00000000200007b0                sr
                0x00000000200007b4                . = ALIGN (0x4)
                0x00000000200007b4                _ebss = .
                0x00000000200007b4                __bss_end__ = _ebss

._user_heap_stack
                0x00000000200007b4      0x600 load address 0x0000000008003df8
                0x00000000200007b4                . = ALIGN (0x4)
                [!provide]                        PROVIDE (end = .)
                [!provide]                        PROVIDE (_end = .)
                0x00000000200009b4                . = (. + _Min_Heap_Size)
 *fill*         0x00000000200007b4      0x200 
                0x0000000020000db4                . = (. + _Min_Stack_Size)
 *fill*         0x00000000200009b4      0x400 
                0x0000000020000db4                . = ALIGN (0x4)

/DISCARD/
 libc.a(*)
 libm.a(*)
 libgcc.a(*)

.ARM.attributes
                0x0000000000000000       0x30
 *(.ARM.attributes)
 .ARM.attributes
                0x0000000000000000       0x22 /usr/lib/gcc/arm-none-eabi/12.2.0/thumb/v7e-m+fp/hard/crti.o
 .ARM.attributes
                0x0000000000000022       0x34 /usr/lib/gcc/arm-none-eabi/12.2.0/thumb/v7e-m+fp/hard/crtbegin.o
 .ARM.attributes
                0x0000000000000056       0x34 startup/stm32f411_periph.o
 .ARM.attributes
                0x000000000000008a       0x34 startup/sys_handlers.o
 .ARM.attributes
                0x00000000000000be       0x34 startup/rcc.o
 .ARM.attributes
                0x00000000000000f2       0x34 startup/system_stm32f4xx.o
 .ARM.attributes
                0x0000000000000126       0x34 lib/io.o
 .ARM.attributes
                0x000000000000015a       0x34 libshield/sw.o
 .ARM.attributes
                0x000000000000018e       0x34 src/main.o
 .ARM.attributes
                0x00000000000001c2       0x21 startup/startup_stm32f411xe.o
 .ARM.attributes
                0x00000000000001e3       0x34 /usr/lib/gcc/arm-none-eabi/12.2.0/../../../../arm-none-eabi/lib/thumb/v7e-m+fp/hard/libc.a(lib_a-atexit.o)
 .ARM.attributes
                0x0000000000000217       0x34 /usr/lib/gcc/arm-none-eabi/12.2.0/../../../../arm-none-eabi/lib/thumb/v7e-m+fp/hard/libc.a(lib_a-fini.o)
 .ARM.attributes
                0x000000000000024b       0x32 /usr/lib/gcc/arm-none-eabi/12.2.0/../../../../arm-none-eabi/lib/thumb/v7e-m+fp/hard/libc.a(lib_a-impure.o)
 .ARM.attributes
                0x000000000000027d       0x34 /usr/lib/gcc/arm-none-eabi/12.2.0/../../../../arm-none-eabi/lib/thumb/v7e-m+fp/hard/libc.a(lib_a-init.o)
 .ARM.attributes
                0x00000000000002b1       0x34 /usr/lib/gcc/arm-none-eabi/12.2.0/../../../../arm-none-eabi/lib/thumb/v7e-m+fp/hard/libc.a(lib_a-memset.o)
 .ARM.attributes
                0x00000000000002e5       0x34 /usr/lib/gcc/arm-none-eabi/12.2.0/../../../../arm-none-eabi/lib/thumb/v7e-m+fp/hard/libc.a(lib_a-__atexit.o)
 .ARM.attributes
                0x0000000000000319       0x34 /usr/lib/gcc/arm-none-eabi/12.2.0/../../../../arm-none-eabi/lib/thumb/v7e-m+fp/hard/libc.a(lib_a-__call_atexit.o)
 .ARM.attributes
                0x000000000000034d       0x34 /usr/lib/gcc/arm-none-eabi/12.2.0/../../../../arm-none-eabi/lib/thumb/v7e-m+fp/hard/libc.a(lib_a-lock.o)
 .ARM.attributes
                0x0000000000000381       0x39 lib/libstm32f411.a(timer.o)
 .ARM.attributes
                0x00000000000003ba       0x39 lib/libstm32f411.a(lcd_128x32.o)
 .ARM.attributes
                0x00000000000003f3       0x39 lib/libstm32f411.a(util.o)
 .ARM.attributes
                0x000000000000042c       0x39 lib/libstm32f411.a(spi.o)
 .ARM.attributes
                0x0000000000000465       0x34 /usr/lib/gcc/arm-none-eabi/12.2.0/thumb/v7e-m+fp/hard/crtend.o
 .ARM.attributes
                0x0000000000000499       0x22 /usr/lib/gcc/arm-none-eabi/12.2.0/thumb/v7e-m+fp/hard/crtn.o
OUTPUT(main.elf elf32-littlearm)
LOAD linker stubs
LOAD /usr/lib/gcc/arm-none-eabi/12.2.0/../../../../arm-none-eabi/lib/thumb/v7e-m+fp/hard/libc.a
LOAD /usr/lib/gcc/arm-none-eabi/12.2.0/../../../../arm-none-eabi/lib/thumb/v7e-m+fp/hard/libm.a
LOAD /usr/lib/gcc/arm-none-eabi/12.2.0/thumb/v7e-m+fp/hard/libgcc.a

.debug_info     0x0000000000000000     0xecc7
 .debug_info    0x0000000000000000     0x2241 startup/stm32f411_periph.o
 .debug_info    0x0000000000002241      0x104 startup/sys_handlers.o
 .debug_info    0x0000000000002345      0x56e startup/rcc.o
 .debug_info    0x00000000000028b3      0x5d2 startup/system_stm32f4xx.o
 .debug_info    0x0000000000002e85      0xd4c lib/io.o
 .debug_info    0x0000000000003bd1      0x322 libshield/sw.o
 .debug_info    0x0000000000003ef3      0x48d src/main.o
 .debug_info    0x0000000000004380       0x22 startup/startup_stm32f411xe.o
 .debug_info    0x00000000000043a2      0x118 /usr/lib/gcc/arm-none-eabi/12.2.0/../../../../arm-none-eabi/lib/thumb/v7e-m+fp/hard/libc.a(lib_a-atexit.o)
 .debug_info    0x00000000000044ba       0xf7 /usr/lib/gcc/arm-none-eabi/12.2.0/../../../../arm-none-eabi/lib/thumb/v7e-m+fp/hard/libc.a(lib_a-fini.o)
 .debug_info    0x00000000000045b1      0x8c8 /usr/lib/gcc/arm-none-eabi/12.2.0/../../../../arm-none-eabi/lib/thumb/v7e-m+fp/hard/libc.a(lib_a-impure.o)
 .debug_info    0x0000000000004e79      0x10b /usr/lib/gcc/arm-none-eabi/12.2.0/../../../../arm-none-eabi/lib/thumb/v7e-m+fp/hard/libc.a(lib_a-init.o)
 .debug_info    0x0000000000004f84      0x135 /usr/lib/gcc/arm-none-eabi/12.2.0/../../../../arm-none-eabi/lib/thumb/v7e-m+fp/hard/libc.a(lib_a-memset.o)
 .debug_info    0x00000000000050b9      0x999 /usr/lib/gcc/arm-none-eabi/12.2.0/../../../../arm-none-eabi/lib/thumb/v7e-m+fp/hard/libc.a(lib_a-__atexit.o)
 .debug_info    0x0000000000005a52      0xa21 /usr/lib/gcc/arm-none-eabi/12.2.0/../../../../arm-none-eabi/lib/thumb/v7e-m+fp/hard/libc.a(lib_a-__call_atexit.o)
 .debug_info    0x0000000000006473      0x21a /usr/lib/gcc/arm-none-eabi/12.2.0/../../../../arm-none-eabi/lib/thumb/v7e-m+fp/hard/libc.a(lib_a-lock.o)
 .debug_info    0x000000000000668d     0x2bba lib/libstm32f411.a(timer.o)
 .debug_info    0x0000000000009247     0x2f2f lib/libstm32f411.a(lcd_128x32.o)
 .debug_info    0x000000000000c176      0x134 lib/libstm32f411.a(util.o)
 .debug_info    0x000000000000c2aa     0x2a1d lib/libstm32f411.a(spi.o)

.debug_abbrev   0x0000000000000000     0x1f87
 .debug_abbrev  0x0000000000000000      0x16b startup/stm32f411_periph.o
 .debug_abbrev  0x000000000000016b       0x45 startup/sys_handlers.o
 .debug_abbrev  0x00000000000001b0      0x18b startup/rcc.o
 .debug_abbrev  0x000000000000033b      0x190 startup/system_stm32f4xx.o
 .debug_abbrev  0x00000000000004cb      0x254 lib/io.o
 .debug_abbrev  0x000000000000071f      0x133 libshield/sw.o
 .debug_abbrev  0x0000000000000852      0x1a5 src/main.o
 .debug_abbrev  0x00000000000009f7       0x12 startup/startup_stm32f411xe.o
 .debug_abbrev  0x0000000000000a09       0xc1 /usr/lib/gcc/arm-none-eabi/12.2.0/../../../../arm-none-eabi/lib/thumb/v7e-m+fp/hard/libc.a(lib_a-atexit.o)
 .debug_abbrev  0x0000000000000aca       0xcc /usr/lib/gcc/arm-none-eabi/12.2.0/../../../../arm-none-eabi/lib/thumb/v7e-m+fp/hard/libc.a(lib_a-fini.o)
 .debug_abbrev  0x0000000000000b96      0x1ca /usr/lib/gcc/arm-none-eabi/12.2.0/../../../../arm-none-eabi/lib/thumb/v7e-m+fp/hard/libc.a(lib_a-impure.o)
 .debug_abbrev  0x0000000000000d60       0xc9 /usr/lib/gcc/arm-none-eabi/12.2.0/../../../../arm-none-eabi/lib/thumb/v7e-m+fp/hard/libc.a(lib_a-init.o)
 .debug_abbrev  0x0000000000000e29       0xb7 /usr/lib/gcc/arm-none-eabi/12.2.0/../../../../arm-none-eabi/lib/thumb/v7e-m+fp/hard/libc.a(lib_a-memset.o)
 .debug_abbrev  0x0000000000000ee0      0x272 /usr/lib/gcc/arm-none-eabi/12.2.0/../../../../arm-none-eabi/lib/thumb/v7e-m+fp/hard/libc.a(lib_a-__atexit.o)
 .debug_abbrev  0x0000000000001152      0x2e6 /usr/lib/gcc/arm-none-eabi/12.2.0/../../../../arm-none-eabi/lib/thumb/v7e-m+fp/hard/libc.a(lib_a-__call_atexit.o)
 .debug_abbrev  0x0000000000001438      0x115 /usr/lib/gcc/arm-none-eabi/12.2.0/../../../../arm-none-eabi/lib/thumb/v7e-m+fp/hard/libc.a(lib_a-lock.o)
 .debug_abbrev  0x000000000000154d      0x313 lib/libstm32f411.a(timer.o)
 .debug_abbrev  0x0000000000001860      0x399 lib/libstm32f411.a(lcd_128x32.o)
 .debug_abbrev  0x0000000000001bf9       0xb7 lib/libstm32f411.a(util.o)
 .debug_abbrev  0x0000000000001cb0      0x2d7 lib/libstm32f411.a(spi.o)

.debug_aranges  0x0000000000000000      0x288
 .debug_aranges
                0x0000000000000000       0x18 startup/stm32f411_periph.o
 .debug_aranges
                0x0000000000000018       0x20 startup/sys_handlers.o
 .debug_aranges
                0x0000000000000038       0x20 startup/rcc.o
 .debug_aranges
                0x0000000000000058       0x20 startup/system_stm32f4xx.o
 .debug_aranges
                0x0000000000000078       0x20 lib/io.o
 .debug_aranges
                0x0000000000000098       0x20 libshield/sw.o
 .debug_aranges
                0x00000000000000b8       0x20 src/main.o
 .debug_aranges
                0x00000000000000d8       0x28 startup/startup_stm32f411xe.o
 .debug_aranges
                0x0000000000000100       0x20 /usr/lib/gcc/arm-none-eabi/12.2.0/../../../../arm-none-eabi/lib/thumb/v7e-m+fp/hard/libc.a(lib_a-atexit.o)
 .debug_aranges
                0x0000000000000120       0x20 /usr/lib/gcc/arm-none-eabi/12.2.0/../../../../arm-none-eabi/lib/thumb/v7e-m+fp/hard/libc.a(lib_a-fini.o)
 .debug_aranges
                0x0000000000000140       0x18 /usr/lib/gcc/arm-none-eabi/12.2.0/../../../../arm-none-eabi/lib/thumb/v7e-m+fp/hard/libc.a(lib_a-impure.o)
 .debug_aranges
                0x0000000000000158       0x20 /usr/lib/gcc/arm-none-eabi/12.2.0/../../../../arm-none-eabi/lib/thumb/v7e-m+fp/hard/libc.a(lib_a-init.o)
 .debug_aranges
                0x0000000000000178       0x20 /usr/lib/gcc/arm-none-eabi/12.2.0/../../../../arm-none-eabi/lib/thumb/v7e-m+fp/hard/libc.a(lib_a-memset.o)
 .debug_aranges
                0x0000000000000198       0x20 /usr/lib/gcc/arm-none-eabi/12.2.0/../../../../arm-none-eabi/lib/thumb/v7e-m+fp/hard/libc.a(lib_a-__atexit.o)
 .debug_aranges
                0x00000000000001b8       0x28 /usr/lib/gcc/arm-none-eabi/12.2.0/../../../../arm-none-eabi/lib/thumb/v7e-m+fp/hard/libc.a(lib_a-__call_atexit.o)
 .debug_aranges
                0x00000000000001e0       0x28 /usr/lib/gcc/arm-none-eabi/12.2.0/../../../../arm-none-eabi/lib/thumb/v7e-m+fp/hard/libc.a(lib_a-lock.o)
 .debug_aranges
                0x0000000000000208       0x20 lib/libstm32f411.a(timer.o)
 .debug_aranges
                0x0000000000000228       0x20 lib/libstm32f411.a(lcd_128x32.o)
 .debug_aranges
                0x0000000000000248       0x20 lib/libstm32f411.a(util.o)
 .debug_aranges
                0x0000000000000268       0x20 lib/libstm32f411.a(spi.o)

.debug_line     0x0000000000000000     0x28b8
 .debug_line    0x0000000000000000       0xe2 startup/stm32f411_periph.o
 .debug_line    0x00000000000000e2       0x81 startup/sys_handlers.o
 .debug_line    0x0000000000000163      0x39d startup/rcc.o
 .debug_line    0x0000000000000500      0x1be startup/system_stm32f4xx.o
 .debug_line    0x00000000000006be      0x64f lib/io.o
 .debug_line    0x0000000000000d0d      0x1f2 libshield/sw.o
 .debug_line    0x0000000000000eff      0x180 src/main.o
 .debug_line    0x000000000000107f       0x79 startup/startup_stm32f411xe.o
 .debug_line    0x00000000000010f8       0xea /usr/lib/gcc/arm-none-eabi/12.2.0/../../../../arm-none-eabi/lib/thumb/v7e-m+fp/hard/libc.a(lib_a-atexit.o)
 .debug_line    0x00000000000011e2       0xf9 /usr/lib/gcc/arm-none-eabi/12.2.0/../../../../arm-none-eabi/lib/thumb/v7e-m+fp/hard/libc.a(lib_a-fini.o)
 .debug_line    0x00000000000012db      0x10e /usr/lib/gcc/arm-none-eabi/12.2.0/../../../../arm-none-eabi/lib/thumb/v7e-m+fp/hard/libc.a(lib_a-impure.o)
 .debug_line    0x00000000000013e9      0x13a /usr/lib/gcc/arm-none-eabi/12.2.0/../../../../arm-none-eabi/lib/thumb/v7e-m+fp/hard/libc.a(lib_a-init.o)
 .debug_line    0x0000000000001523      0x1f0 /usr/lib/gcc/arm-none-eabi/12.2.0/../../../../arm-none-eabi/lib/thumb/v7e-m+fp/hard/libc.a(lib_a-memset.o)
 .debug_line    0x0000000000001713      0x1e4 /usr/lib/gcc/arm-none-eabi/12.2.0/../../../../arm-none-eabi/lib/thumb/v7e-m+fp/hard/libc.a(lib_a-__atexit.o)
 .debug_line    0x00000000000018f7      0x2bc /usr/lib/gcc/arm-none-eabi/12.2.0/../../../../arm-none-eabi/lib/thumb/v7e-m+fp/hard/libc.a(lib_a-__call_atexit.o)
 .debug_line    0x0000000000001bb3       0xeb /usr/lib/gcc/arm-none-eabi/12.2.0/../../../../arm-none-eabi/lib/thumb/v7e-m+fp/hard/libc.a(lib_a-lock.o)
 .debug_line    0x0000000000001c9e      0x389 lib/libstm32f411.a(timer.o)
 .debug_line    0x0000000000002027      0x510 lib/libstm32f411.a(lcd_128x32.o)
 .debug_line    0x0000000000002537       0x95 lib/libstm32f411.a(util.o)
 .debug_line    0x00000000000025cc      0x2ec lib/libstm32f411.a(spi.o)

.debug_str      0x0000000000000000     0x259e
 .debug_str     0x0000000000000000      0xbdc startup/stm32f411_periph.o
                                        0xc5a (size before relaxing)
 .debug_str     0x0000000000000bdc       0xa7 startup/sys_handlers.o
                                        0x1d0 (size before relaxing)
 .debug_str     0x0000000000000c83      0x1f9 startup/rcc.o
                                        0x4b2 (size before relaxing)
 .debug_str     0x0000000000000e7c       0x6b startup/system_stm32f4xx.o
                                        0x455 (size before relaxing)
 .debug_str     0x0000000000000ee7      0x507 lib/io.o
                                        0x8ed (size before relaxing)
 .debug_str     0x00000000000013ee       0x8a libshield/sw.o
                                        0x24d (size before relaxing)
 .debug_str     0x0000000000001478       0xb2 src/main.o
                                        0x2cf (size before relaxing)
 .debug_str     0x000000000000152a       0x5b startup/startup_stm32f411xe.o
 .debug_str     0x0000000000001585      0x180 /usr/lib/gcc/arm-none-eabi/12.2.0/../../../../arm-none-eabi/lib/thumb/v7e-m+fp/hard/libc.a(lib_a-atexit.o)
                                        0x210 (size before relaxing)
 .debug_str     0x0000000000001705       0xe3 /usr/lib/gcc/arm-none-eabi/12.2.0/../../../../arm-none-eabi/lib/thumb/v7e-m+fp/hard/libc.a(lib_a-fini.o)
                                        0x208 (size before relaxing)
 .debug_str     0x00000000000017e8      0x451 /usr/lib/gcc/arm-none-eabi/12.2.0/../../../../arm-none-eabi/lib/thumb/v7e-m+fp/hard/libc.a(lib_a-impure.o)
                                        0x5ab (size before relaxing)
 .debug_str     0x0000000000001c39       0xa6 /usr/lib/gcc/arm-none-eabi/12.2.0/../../../../arm-none-eabi/lib/thumb/v7e-m+fp/hard/libc.a(lib_a-init.o)
                                        0x232 (size before relaxing)
 .debug_str     0x0000000000001cdf       0xc7 /usr/lib/gcc/arm-none-eabi/12.2.0/../../../../arm-none-eabi/lib/thumb/v7e-m+fp/hard/libc.a(lib_a-memset.o)
                                        0x1e7 (size before relaxing)
 .debug_str     0x0000000000001da6       0x90 /usr/lib/gcc/arm-none-eabi/12.2.0/../../../../arm-none-eabi/lib/thumb/v7e-m+fp/hard/libc.a(lib_a-__atexit.o)
                                        0x642 (size before relaxing)
 .debug_str     0x0000000000001e36       0xaf /usr/lib/gcc/arm-none-eabi/12.2.0/../../../../arm-none-eabi/lib/thumb/v7e-m+fp/hard/libc.a(lib_a-__call_atexit.o)
                                        0x675 (size before relaxing)
 .debug_str     0x0000000000001ee5      0x1fb /usr/lib/gcc/arm-none-eabi/12.2.0/../../../../arm-none-eabi/lib/thumb/v7e-m+fp/hard/libc.a(lib_a-lock.o)
                                        0x363 (size before relaxing)
 .debug_str     0x00000000000020e0      0x1e7 lib/libstm32f411.a(timer.o)
                                       0x1605 (size before relaxing)
 .debug_str     0x00000000000022c7      0x1f9 lib/libstm32f411.a(lcd_128x32.o)
                                       0x1361 (size before relaxing)
 .debug_str     0x00000000000024c0       0x24 lib/libstm32f411.a(util.o)
                                        0x135 (size before relaxing)
 .debug_str     0x00000000000024e4       0xba lib/libstm32f411.a(spi.o)
                                       0x15a5 (size before relaxing)

.comment        0x0000000000000000       0xbb
 .comment       0x0000000000000000       0x1e startup/stm32f411_periph.o
                                         0x1f (size before relaxing)
 .comment       0x000000000000001e       0x1f startup/sys_handlers.o
 .comment       0x000000000000001e       0x1f startup/rcc.o
 .comment       0x000000000000001e       0x1f startup/system_stm32f4xx.o
 .comment       0x000000000000001e       0x1f lib/io.o
 .comment       0x000000000000001e       0x1f libshield/sw.o
 .comment       0x000000000000001e       0x1f src/main.o
 .comment       0x000000000000001e       0x1e /usr/lib/gcc/arm-none-eabi/12.2.0/../../../../arm-none-eabi/lib/thumb/v7e-m+fp/hard/libc.a(lib_a-atexit.o)
                                         0x1f (size before relaxing)
 .comment       0x000000000000003c       0x1f /usr/lib/gcc/arm-none-eabi/12.2.0/../../../../arm-none-eabi/lib/thumb/v7e-m+fp/hard/libc.a(lib_a-fini.o)
 .comment       0x000000000000003c       0x1f /usr/lib/gcc/arm-none-eabi/12.2.0/../../../../arm-none-eabi/lib/thumb/v7e-m+fp/hard/libc.a(lib_a-impure.o)
 .comment       0x000000000000003c       0x1f /usr/lib/gcc/arm-none-eabi/12.2.0/../../../../arm-none-eabi/lib/thumb/v7e-m+fp/hard/libc.a(lib_a-init.o)
 .comment       0x000000000000003c       0x1f /usr/lib/gcc/arm-none-eabi/12.2.0/../../../../arm-none-eabi/lib/thumb/v7e-m+fp/hard/libc.a(lib_a-memset.o)
 .comment       0x000000000000003c       0x1f /usr/lib/gcc/arm-none-eabi/12.2.0/../../../../arm-none-eabi/lib/thumb/v7e-m+fp/hard/libc.a(lib_a-__atexit.o)
 .comment       0x000000000000003c       0x1f /usr/lib/gcc/arm-none-eabi/12.2.0/../../../../arm-none-eabi/lib/thumb/v7e-m+fp/hard/libc.a(lib_a-__call_atexit.o)
 .comment       0x000000000000003c       0x1f /usr/lib/gcc/arm-none-eabi/12.2.0/../../../../arm-none-eabi/lib/thumb/v7e-m+fp/hard/libc.a(lib_a-lock.o)
 .comment       0x000000000000003c       0x7f lib/libstm32f411.a(timer.o)
                                         0x80 (size before relaxing)
 .comment       0x00000000000000bb       0x80 lib/libstm32f411.a(lcd_128x32.o)
 .comment       0x00000000000000bb       0x80 lib/libstm32f411.a(util.o)
 .comment       0x00000000000000bb       0x80 lib/libstm32f411.a(spi.o)

.debug_frame    0x0000000000000000      0xb44
 .debug_frame   0x0000000000000000       0xa0 startup/sys_handlers.o
 .debug_frame   0x00000000000000a0       0x74 startup/rcc.o
 .debug_frame   0x0000000000000114       0x40 startup/system_stm32f4xx.o
 .debug_frame   0x0000000000000154      0x180 lib/io.o
 .debug_frame   0x00000000000002d4       0xc0 libshield/sw.o
 .debug_frame   0x0000000000000394       0x48 src/main.o
 .debug_frame   0x00000000000003dc       0x20 /usr/lib/gcc/arm-none-eabi/12.2.0/../../../../arm-none-eabi/lib/thumb/v7e-m+fp/hard/libc.a(lib_a-atexit.o)
 .debug_frame   0x00000000000003fc       0x34 /usr/lib/gcc/arm-none-eabi/12.2.0/../../../../arm-none-eabi/lib/thumb/v7e-m+fp/hard/libc.a(lib_a-fini.o)
 .debug_frame   0x0000000000000430       0x2c /usr/lib/gcc/arm-none-eabi/12.2.0/../../../../arm-none-eabi/lib/thumb/v7e-m+fp/hard/libc.a(lib_a-init.o)
 .debug_frame   0x000000000000045c       0x2c /usr/lib/gcc/arm-none-eabi/12.2.0/../../../../arm-none-eabi/lib/thumb/v7e-m+fp/hard/libc.a(lib_a-memset.o)
 .debug_frame   0x0000000000000488       0x34 /usr/lib/gcc/arm-none-eabi/12.2.0/../../../../arm-none-eabi/lib/thumb/v7e-m+fp/hard/libc.a(lib_a-__atexit.o)
 .debug_frame   0x00000000000004bc       0x68 /usr/lib/gcc/arm-none-eabi/12.2.0/../../../../arm-none-eabi/lib/thumb/v7e-m+fp/hard/libc.a(lib_a-__call_atexit.o)
 .debug_frame   0x0000000000000524       0xb0 /usr/lib/gcc/arm-none-eabi/12.2.0/../../../../arm-none-eabi/lib/thumb/v7e-m+fp/hard/libc.a(lib_a-lock.o)
 .debug_frame   0x00000000000005d4      0x188 lib/libstm32f411.a(timer.o)
 .debug_frame   0x000000000000075c      0x2c0 lib/libstm32f411.a(lcd_128x32.o)
 .debug_frame   0x0000000000000a1c       0x40 lib/libstm32f411.a(util.o)
 .debug_frame   0x0000000000000a5c       0xe8 lib/libstm32f411.a(spi.o)

.debug_ranges   0x0000000000000000       0x38
 .debug_ranges  0x0000000000000000       0x20 startup/startup_stm32f411xe.o
 .debug_ranges  0x0000000000000020       0x18 lib/libstm32f411.a(spi.o)

.debug_loclists
                0x0000000000000000      0x44d
 .debug_loclists
                0x0000000000000000       0x2a /usr/lib/gcc/arm-none-eabi/12.2.0/../../../../arm-none-eabi/lib/thumb/v7e-m+fp/hard/libc.a(lib_a-atexit.o)
 .debug_loclists
                0x000000000000002a       0x4c /usr/lib/gcc/arm-none-eabi/12.2.0/../../../../arm-none-eabi/lib/thumb/v7e-m+fp/hard/libc.a(lib_a-fini.o)
 .debug_loclists
                0x0000000000000076       0x7a /usr/lib/gcc/arm-none-eabi/12.2.0/../../../../arm-none-eabi/lib/thumb/v7e-m+fp/hard/libc.a(lib_a-init.o)
 .debug_loclists
                0x00000000000000f0      0x1a5 /usr/lib/gcc/arm-none-eabi/12.2.0/../../../../arm-none-eabi/lib/thumb/v7e-m+fp/hard/libc.a(lib_a-memset.o)
 .debug_loclists
                0x0000000000000295       0x79 /usr/lib/gcc/arm-none-eabi/12.2.0/../../../../arm-none-eabi/lib/thumb/v7e-m+fp/hard/libc.a(lib_a-__atexit.o)
 .debug_loclists
                0x000000000000030e      0x11c /usr/lib/gcc/arm-none-eabi/12.2.0/../../../../arm-none-eabi/lib/thumb/v7e-m+fp/hard/libc.a(lib_a-__call_atexit.o)
 .debug_loclists
                0x000000000000042a       0x23 /usr/lib/gcc/arm-none-eabi/12.2.0/../../../../arm-none-eabi/lib/thumb/v7e-m+fp/hard/libc.a(lib_a-lock.o)

.debug_rnglists
                0x0000000000000000       0xaa
 .debug_rnglists
                0x0000000000000000       0x13 /usr/lib/gcc/arm-none-eabi/12.2.0/../../../../arm-none-eabi/lib/thumb/v7e-m+fp/hard/libc.a(lib_a-atexit.o)
 .debug_rnglists
                0x0000000000000013       0x13 /usr/lib/gcc/arm-none-eabi/12.2.0/../../../../arm-none-eabi/lib/thumb/v7e-m+fp/hard/libc.a(lib_a-fini.o)
 .debug_rnglists
                0x0000000000000026       0x13 /usr/lib/gcc/arm-none-eabi/12.2.0/../../../../arm-none-eabi/lib/thumb/v7e-m+fp/hard/libc.a(lib_a-init.o)
 .debug_rnglists
                0x0000000000000039       0x14 /usr/lib/gcc/arm-none-eabi/12.2.0/../../../../arm-none-eabi/lib/thumb/v7e-m+fp/hard/libc.a(lib_a-memset.o)
 .debug_rnglists
                0x000000000000004d       0x14 /usr/lib/gcc/arm-none-eabi/12.2.0/../../../../arm-none-eabi/lib/thumb/v7e-m+fp/hard/libc.a(lib_a-__atexit.o)
 .debug_rnglists
                0x0000000000000061       0x30 /usr/lib/gcc/arm-none-eabi/12.2.0/../../../../arm-none-eabi/lib/thumb/v7e-m+fp/hard/libc.a(lib_a-__call_atexit.o)
 .debug_rnglists
                0x0000000000000091       0x19 /usr/lib/gcc/arm-none-eabi/12.2.0/../../../../arm-none-eabi/lib/thumb/v7e-m+fp/hard/libc.a(lib_a-lock.o)
