Archive member included to satisfy reference by file (symbol)

/local/sdk_elec_cos8/gcc-arm-none-eabi-10-2020-q4-major/bin/../lib/gcc/arm-none-eabi/10.2.1/../../../../arm-none-eabi/lib/thumb/v7e-m+fp/hard/libc.a(lib_a-exit.o)
                              /local/sdk_elec_cos8/gcc-arm-none-eabi-10-2020-q4-major/bin/../lib/gcc/arm-none-eabi/10.2.1/../../../../arm-none-eabi/lib/thumb/v7e-m+fp/hard/crt0.o (exit)
/local/sdk_elec_cos8/gcc-arm-none-eabi-10-2020-q4-major/bin/../lib/gcc/arm-none-eabi/10.2.1/../../../../arm-none-eabi/lib/thumb/v7e-m+fp/hard/libc.a(lib_a-impure.o)
                              /local/sdk_elec_cos8/gcc-arm-none-eabi-10-2020-q4-major/bin/../lib/gcc/arm-none-eabi/10.2.1/../../../../arm-none-eabi/lib/thumb/v7e-m+fp/hard/libc.a(lib_a-exit.o) (_global_impure_ptr)
/local/sdk_elec_cos8/gcc-arm-none-eabi-10-2020-q4-major/bin/../lib/gcc/arm-none-eabi/10.2.1/../../../../arm-none-eabi/lib/thumb/v7e-m+fp/hard/libc.a(lib_a-init.o)
                              /local/sdk_elec_cos8/gcc-arm-none-eabi-10-2020-q4-major/bin/../lib/gcc/arm-none-eabi/10.2.1/../../../../arm-none-eabi/lib/thumb/v7e-m+fp/hard/crt0.o (__libc_init_array)
/local/sdk_elec_cos8/gcc-arm-none-eabi-10-2020-q4-major/bin/../lib/gcc/arm-none-eabi/10.2.1/../../../../arm-none-eabi/lib/thumb/v7e-m+fp/hard/libc.a(lib_a-memset.o)
                              /local/sdk_elec_cos8/gcc-arm-none-eabi-10-2020-q4-major/bin/../lib/gcc/arm-none-eabi/10.2.1/../../../../arm-none-eabi/lib/thumb/v7e-m+fp/hard/crt0.o (memset)
/local/sdk_elec_cos8/gcc-arm-none-eabi-10-2020-q4-major/bin/../lib/gcc/arm-none-eabi/10.2.1/../../../../arm-none-eabi/lib/thumb/v7e-m+fp/hard/libc.a(lib_a-__call_atexit.o)
                              /local/sdk_elec_cos8/gcc-arm-none-eabi-10-2020-q4-major/bin/../lib/gcc/arm-none-eabi/10.2.1/../../../../arm-none-eabi/lib/thumb/v7e-m+fp/hard/libc.a(lib_a-exit.o) (__call_exitprocs)
/local/sdk_elec_cos8/gcc-arm-none-eabi-10-2020-q4-major/bin/../lib/gcc/arm-none-eabi/10.2.1/../../../../arm-none-eabi/lib/thumb/v7e-m+fp/hard/libc.a(lib_a-atexit.o)
                              /local/sdk_elec_cos8/gcc-arm-none-eabi-10-2020-q4-major/bin/../lib/gcc/arm-none-eabi/10.2.1/../../../../arm-none-eabi/lib/thumb/v7e-m+fp/hard/libc.a(lib_a-__call_atexit.o) (atexit)
/local/sdk_elec_cos8/gcc-arm-none-eabi-10-2020-q4-major/bin/../lib/gcc/arm-none-eabi/10.2.1/../../../../arm-none-eabi/lib/thumb/v7e-m+fp/hard/libc.a(lib_a-fini.o)
                              /local/sdk_elec_cos8/gcc-arm-none-eabi-10-2020-q4-major/bin/../lib/gcc/arm-none-eabi/10.2.1/../../../../arm-none-eabi/lib/thumb/v7e-m+fp/hard/libc.a(lib_a-__call_atexit.o) (__libc_fini_array)
/local/sdk_elec_cos8/gcc-arm-none-eabi-10-2020-q4-major/bin/../lib/gcc/arm-none-eabi/10.2.1/../../../../arm-none-eabi/lib/thumb/v7e-m+fp/hard/libc.a(lib_a-lock.o)
                              /local/sdk_elec_cos8/gcc-arm-none-eabi-10-2020-q4-major/bin/../lib/gcc/arm-none-eabi/10.2.1/../../../../arm-none-eabi/lib/thumb/v7e-m+fp/hard/libc.a(lib_a-__call_atexit.o) (__retarget_lock_acquire_recursive)
/local/sdk_elec_cos8/gcc-arm-none-eabi-10-2020-q4-major/bin/../lib/gcc/arm-none-eabi/10.2.1/../../../../arm-none-eabi/lib/thumb/v7e-m+fp/hard/libc.a(lib_a-__atexit.o)
                              /local/sdk_elec_cos8/gcc-arm-none-eabi-10-2020-q4-major/bin/../lib/gcc/arm-none-eabi/10.2.1/../../../../arm-none-eabi/lib/thumb/v7e-m+fp/hard/libc.a(lib_a-atexit.o) (__register_exitproc)
lib/libstm32f411.a(timer.o)   src/main.o (timer_wait_ms)
lib/libstm32f411.a(lcd_128x32.o)
                              src/main.o (lcd_reset)
lib/libstm32f411.a(util.o)    lib/libstm32f411.a(lcd_128x32.o) (num2str)
lib/libstm32f411.a(spi.o)     lib/libstm32f411.a(lcd_128x32.o) (spi_master_init)

Allocating common symbols
Common symbol       size              file

sr                  0x4               lib/libstm32f411.a(spi.o)

Discarded input sections

 .text          0x0000000000000000        0x0 /local/sdk_elec_cos8/gcc-arm-none-eabi-10-2020-q4-major/bin/../lib/gcc/arm-none-eabi/10.2.1/thumb/v7e-m+fp/hard/crti.o
 .data          0x0000000000000000        0x0 /local/sdk_elec_cos8/gcc-arm-none-eabi-10-2020-q4-major/bin/../lib/gcc/arm-none-eabi/10.2.1/thumb/v7e-m+fp/hard/crti.o
 .bss           0x0000000000000000        0x0 /local/sdk_elec_cos8/gcc-arm-none-eabi-10-2020-q4-major/bin/../lib/gcc/arm-none-eabi/10.2.1/thumb/v7e-m+fp/hard/crti.o
 .data          0x0000000000000000        0x4 /local/sdk_elec_cos8/gcc-arm-none-eabi-10-2020-q4-major/bin/../lib/gcc/arm-none-eabi/10.2.1/thumb/v7e-m+fp/hard/crtbegin.o
 .text          0x0000000000000000       0x7c /local/sdk_elec_cos8/gcc-arm-none-eabi-10-2020-q4-major/bin/../lib/gcc/arm-none-eabi/10.2.1/../../../../arm-none-eabi/lib/thumb/v7e-m+fp/hard/crt0.o
 .data          0x0000000000000000        0x0 /local/sdk_elec_cos8/gcc-arm-none-eabi-10-2020-q4-major/bin/../lib/gcc/arm-none-eabi/10.2.1/../../../../arm-none-eabi/lib/thumb/v7e-m+fp/hard/crt0.o
 .bss           0x0000000000000000        0x0 /local/sdk_elec_cos8/gcc-arm-none-eabi-10-2020-q4-major/bin/../lib/gcc/arm-none-eabi/10.2.1/../../../../arm-none-eabi/lib/thumb/v7e-m+fp/hard/crt0.o
 .ARM.extab     0x0000000000000000        0x0 /local/sdk_elec_cos8/gcc-arm-none-eabi-10-2020-q4-major/bin/../lib/gcc/arm-none-eabi/10.2.1/../../../../arm-none-eabi/lib/thumb/v7e-m+fp/hard/crt0.o
 .ARM.exidx     0x0000000000000000       0x10 /local/sdk_elec_cos8/gcc-arm-none-eabi-10-2020-q4-major/bin/../lib/gcc/arm-none-eabi/10.2.1/../../../../arm-none-eabi/lib/thumb/v7e-m+fp/hard/crt0.o
 .ARM.attributes
                0x0000000000000000       0x1c /local/sdk_elec_cos8/gcc-arm-none-eabi-10-2020-q4-major/bin/../lib/gcc/arm-none-eabi/10.2.1/../../../../arm-none-eabi/lib/thumb/v7e-m+fp/hard/crt0.o
 .text          0x0000000000000000        0x0 startup/stm32f411_periph.o
 .data          0x0000000000000000        0x0 startup/stm32f411_periph.o
 .bss           0x0000000000000000        0x0 startup/stm32f411_periph.o
 .data          0x0000000000000000        0x0 startup/sys_handlers.o
 .bss           0x0000000000000000        0x0 startup/sys_handlers.o
 .bss           0x0000000000000000        0x0 startup/rcc.o
 .data          0x0000000000000000        0x0 lib/io.o
 .data          0x0000000000000000        0x0 libshield/leds.o
 .bss           0x0000000000000000        0x0 libshield/leds.o
 .data          0x0000000000000000        0x0 libshield/sw.o
 .data          0x0000000000000000        0x0 src/main.o
 .bss           0x0000000000000000        0x0 src/main.o
 .text          0x0000000000000000        0x0 startup/startup_stm32f411xe.o
 .data          0x0000000000000000        0x0 startup/startup_stm32f411xe.o
 .bss           0x0000000000000000        0x0 startup/startup_stm32f411xe.o
 .text          0x0000000000000000        0x0 /local/sdk_elec_cos8/gcc-arm-none-eabi-10-2020-q4-major/bin/../lib/gcc/arm-none-eabi/10.2.1/../../../../arm-none-eabi/lib/thumb/v7e-m+fp/hard/libc.a(lib_a-exit.o)
 .data          0x0000000000000000        0x0 /local/sdk_elec_cos8/gcc-arm-none-eabi-10-2020-q4-major/bin/../lib/gcc/arm-none-eabi/10.2.1/../../../../arm-none-eabi/lib/thumb/v7e-m+fp/hard/libc.a(lib_a-exit.o)
 .bss           0x0000000000000000        0x0 /local/sdk_elec_cos8/gcc-arm-none-eabi-10-2020-q4-major/bin/../lib/gcc/arm-none-eabi/10.2.1/../../../../arm-none-eabi/lib/thumb/v7e-m+fp/hard/libc.a(lib_a-exit.o)
 .text.exit     0x0000000000000000       0x20 /local/sdk_elec_cos8/gcc-arm-none-eabi-10-2020-q4-major/bin/../lib/gcc/arm-none-eabi/10.2.1/../../../../arm-none-eabi/lib/thumb/v7e-m+fp/hard/libc.a(lib_a-exit.o)
 .debug_frame   0x0000000000000000       0x28 /local/sdk_elec_cos8/gcc-arm-none-eabi-10-2020-q4-major/bin/../lib/gcc/arm-none-eabi/10.2.1/../../../../arm-none-eabi/lib/thumb/v7e-m+fp/hard/libc.a(lib_a-exit.o)
 .ARM.attributes
                0x0000000000000000       0x34 /local/sdk_elec_cos8/gcc-arm-none-eabi-10-2020-q4-major/bin/../lib/gcc/arm-none-eabi/10.2.1/../../../../arm-none-eabi/lib/thumb/v7e-m+fp/hard/libc.a(lib_a-exit.o)
 .text          0x0000000000000000        0x0 /local/sdk_elec_cos8/gcc-arm-none-eabi-10-2020-q4-major/bin/../lib/gcc/arm-none-eabi/10.2.1/../../../../arm-none-eabi/lib/thumb/v7e-m+fp/hard/libc.a(lib_a-impure.o)
 .data          0x0000000000000000        0x0 /local/sdk_elec_cos8/gcc-arm-none-eabi-10-2020-q4-major/bin/../lib/gcc/arm-none-eabi/10.2.1/../../../../arm-none-eabi/lib/thumb/v7e-m+fp/hard/libc.a(lib_a-impure.o)
 .bss           0x0000000000000000        0x0 /local/sdk_elec_cos8/gcc-arm-none-eabi-10-2020-q4-major/bin/../lib/gcc/arm-none-eabi/10.2.1/../../../../arm-none-eabi/lib/thumb/v7e-m+fp/hard/libc.a(lib_a-impure.o)
 .data._impure_ptr
                0x0000000000000000        0x4 /local/sdk_elec_cos8/gcc-arm-none-eabi-10-2020-q4-major/bin/../lib/gcc/arm-none-eabi/10.2.1/../../../../arm-none-eabi/lib/thumb/v7e-m+fp/hard/libc.a(lib_a-impure.o)
 .text          0x0000000000000000        0x0 /local/sdk_elec_cos8/gcc-arm-none-eabi-10-2020-q4-major/bin/../lib/gcc/arm-none-eabi/10.2.1/../../../../arm-none-eabi/lib/thumb/v7e-m+fp/hard/libc.a(lib_a-init.o)
 .data          0x0000000000000000        0x0 /local/sdk_elec_cos8/gcc-arm-none-eabi-10-2020-q4-major/bin/../lib/gcc/arm-none-eabi/10.2.1/../../../../arm-none-eabi/lib/thumb/v7e-m+fp/hard/libc.a(lib_a-init.o)
 .bss           0x0000000000000000        0x0 /local/sdk_elec_cos8/gcc-arm-none-eabi-10-2020-q4-major/bin/../lib/gcc/arm-none-eabi/10.2.1/../../../../arm-none-eabi/lib/thumb/v7e-m+fp/hard/libc.a(lib_a-init.o)
 .text          0x0000000000000000        0x0 /local/sdk_elec_cos8/gcc-arm-none-eabi-10-2020-q4-major/bin/../lib/gcc/arm-none-eabi/10.2.1/../../../../arm-none-eabi/lib/thumb/v7e-m+fp/hard/libc.a(lib_a-memset.o)
 .data          0x0000000000000000        0x0 /local/sdk_elec_cos8/gcc-arm-none-eabi-10-2020-q4-major/bin/../lib/gcc/arm-none-eabi/10.2.1/../../../../arm-none-eabi/lib/thumb/v7e-m+fp/hard/libc.a(lib_a-memset.o)
 .bss           0x0000000000000000        0x0 /local/sdk_elec_cos8/gcc-arm-none-eabi-10-2020-q4-major/bin/../lib/gcc/arm-none-eabi/10.2.1/../../../../arm-none-eabi/lib/thumb/v7e-m+fp/hard/libc.a(lib_a-memset.o)
 .text          0x0000000000000000        0x0 /local/sdk_elec_cos8/gcc-arm-none-eabi-10-2020-q4-major/bin/../lib/gcc/arm-none-eabi/10.2.1/../../../../arm-none-eabi/lib/thumb/v7e-m+fp/hard/libc.a(lib_a-__call_atexit.o)
 .data          0x0000000000000000        0x0 /local/sdk_elec_cos8/gcc-arm-none-eabi-10-2020-q4-major/bin/../lib/gcc/arm-none-eabi/10.2.1/../../../../arm-none-eabi/lib/thumb/v7e-m+fp/hard/libc.a(lib_a-__call_atexit.o)
 .bss           0x0000000000000000        0x0 /local/sdk_elec_cos8/gcc-arm-none-eabi-10-2020-q4-major/bin/../lib/gcc/arm-none-eabi/10.2.1/../../../../arm-none-eabi/lib/thumb/v7e-m+fp/hard/libc.a(lib_a-__call_atexit.o)
 .text.__call_exitprocs
                0x0000000000000000       0xcc /local/sdk_elec_cos8/gcc-arm-none-eabi-10-2020-q4-major/bin/../lib/gcc/arm-none-eabi/10.2.1/../../../../arm-none-eabi/lib/thumb/v7e-m+fp/hard/libc.a(lib_a-__call_atexit.o)
 .text          0x0000000000000000        0x0 /local/sdk_elec_cos8/gcc-arm-none-eabi-10-2020-q4-major/bin/../lib/gcc/arm-none-eabi/10.2.1/../../../../arm-none-eabi/lib/thumb/v7e-m+fp/hard/libc.a(lib_a-atexit.o)
 .data          0x0000000000000000        0x0 /local/sdk_elec_cos8/gcc-arm-none-eabi-10-2020-q4-major/bin/../lib/gcc/arm-none-eabi/10.2.1/../../../../arm-none-eabi/lib/thumb/v7e-m+fp/hard/libc.a(lib_a-atexit.o)
 .bss           0x0000000000000000        0x0 /local/sdk_elec_cos8/gcc-arm-none-eabi-10-2020-q4-major/bin/../lib/gcc/arm-none-eabi/10.2.1/../../../../arm-none-eabi/lib/thumb/v7e-m+fp/hard/libc.a(lib_a-atexit.o)
 .text          0x0000000000000000        0x0 /local/sdk_elec_cos8/gcc-arm-none-eabi-10-2020-q4-major/bin/../lib/gcc/arm-none-eabi/10.2.1/../../../../arm-none-eabi/lib/thumb/v7e-m+fp/hard/libc.a(lib_a-fini.o)
 .data          0x0000000000000000        0x0 /local/sdk_elec_cos8/gcc-arm-none-eabi-10-2020-q4-major/bin/../lib/gcc/arm-none-eabi/10.2.1/../../../../arm-none-eabi/lib/thumb/v7e-m+fp/hard/libc.a(lib_a-fini.o)
 .bss           0x0000000000000000        0x0 /local/sdk_elec_cos8/gcc-arm-none-eabi-10-2020-q4-major/bin/../lib/gcc/arm-none-eabi/10.2.1/../../../../arm-none-eabi/lib/thumb/v7e-m+fp/hard/libc.a(lib_a-fini.o)
 .text          0x0000000000000000        0x0 /local/sdk_elec_cos8/gcc-arm-none-eabi-10-2020-q4-major/bin/../lib/gcc/arm-none-eabi/10.2.1/../../../../arm-none-eabi/lib/thumb/v7e-m+fp/hard/libc.a(lib_a-lock.o)
 .data          0x0000000000000000        0x0 /local/sdk_elec_cos8/gcc-arm-none-eabi-10-2020-q4-major/bin/../lib/gcc/arm-none-eabi/10.2.1/../../../../arm-none-eabi/lib/thumb/v7e-m+fp/hard/libc.a(lib_a-lock.o)
 .bss           0x0000000000000000        0x0 /local/sdk_elec_cos8/gcc-arm-none-eabi-10-2020-q4-major/bin/../lib/gcc/arm-none-eabi/10.2.1/../../../../arm-none-eabi/lib/thumb/v7e-m+fp/hard/libc.a(lib_a-lock.o)
 .text.__retarget_lock_init
                0x0000000000000000        0x4 /local/sdk_elec_cos8/gcc-arm-none-eabi-10-2020-q4-major/bin/../lib/gcc/arm-none-eabi/10.2.1/../../../../arm-none-eabi/lib/thumb/v7e-m+fp/hard/libc.a(lib_a-lock.o)
 .text.__retarget_lock_init_recursive
                0x0000000000000000        0x4 /local/sdk_elec_cos8/gcc-arm-none-eabi-10-2020-q4-major/bin/../lib/gcc/arm-none-eabi/10.2.1/../../../../arm-none-eabi/lib/thumb/v7e-m+fp/hard/libc.a(lib_a-lock.o)
 .text.__retarget_lock_close
                0x0000000000000000        0x4 /local/sdk_elec_cos8/gcc-arm-none-eabi-10-2020-q4-major/bin/../lib/gcc/arm-none-eabi/10.2.1/../../../../arm-none-eabi/lib/thumb/v7e-m+fp/hard/libc.a(lib_a-lock.o)
 .text.__retarget_lock_close_recursive
                0x0000000000000000        0x4 /local/sdk_elec_cos8/gcc-arm-none-eabi-10-2020-q4-major/bin/../lib/gcc/arm-none-eabi/10.2.1/../../../../arm-none-eabi/lib/thumb/v7e-m+fp/hard/libc.a(lib_a-lock.o)
 .text.__retarget_lock_acquire
                0x0000000000000000        0x4 /local/sdk_elec_cos8/gcc-arm-none-eabi-10-2020-q4-major/bin/../lib/gcc/arm-none-eabi/10.2.1/../../../../arm-none-eabi/lib/thumb/v7e-m+fp/hard/libc.a(lib_a-lock.o)
 .text.__retarget_lock_try_acquire
                0x0000000000000000        0x4 /local/sdk_elec_cos8/gcc-arm-none-eabi-10-2020-q4-major/bin/../lib/gcc/arm-none-eabi/10.2.1/../../../../arm-none-eabi/lib/thumb/v7e-m+fp/hard/libc.a(lib_a-lock.o)
 .text.__retarget_lock_try_acquire_recursive
                0x0000000000000000        0x4 /local/sdk_elec_cos8/gcc-arm-none-eabi-10-2020-q4-major/bin/../lib/gcc/arm-none-eabi/10.2.1/../../../../arm-none-eabi/lib/thumb/v7e-m+fp/hard/libc.a(lib_a-lock.o)
 .text.__retarget_lock_release
                0x0000000000000000        0x4 /local/sdk_elec_cos8/gcc-arm-none-eabi-10-2020-q4-major/bin/../lib/gcc/arm-none-eabi/10.2.1/../../../../arm-none-eabi/lib/thumb/v7e-m+fp/hard/libc.a(lib_a-lock.o)
 .bss.__lock___arc4random_mutex
                0x0000000000000000        0x1 /local/sdk_elec_cos8/gcc-arm-none-eabi-10-2020-q4-major/bin/../lib/gcc/arm-none-eabi/10.2.1/../../../../arm-none-eabi/lib/thumb/v7e-m+fp/hard/libc.a(lib_a-lock.o)
 .bss.__lock___at_quick_exit_mutex
                0x0000000000000000        0x1 /local/sdk_elec_cos8/gcc-arm-none-eabi-10-2020-q4-major/bin/../lib/gcc/arm-none-eabi/10.2.1/../../../../arm-none-eabi/lib/thumb/v7e-m+fp/hard/libc.a(lib_a-lock.o)
 .bss.__lock___dd_hash_mutex
                0x0000000000000000        0x1 /local/sdk_elec_cos8/gcc-arm-none-eabi-10-2020-q4-major/bin/../lib/gcc/arm-none-eabi/10.2.1/../../../../arm-none-eabi/lib/thumb/v7e-m+fp/hard/libc.a(lib_a-lock.o)
 .bss.__lock___env_recursive_mutex
                0x0000000000000000        0x1 /local/sdk_elec_cos8/gcc-arm-none-eabi-10-2020-q4-major/bin/../lib/gcc/arm-none-eabi/10.2.1/../../../../arm-none-eabi/lib/thumb/v7e-m+fp/hard/libc.a(lib_a-lock.o)
 .bss.__lock___malloc_recursive_mutex
                0x0000000000000000        0x1 /local/sdk_elec_cos8/gcc-arm-none-eabi-10-2020-q4-major/bin/../lib/gcc/arm-none-eabi/10.2.1/../../../../arm-none-eabi/lib/thumb/v7e-m+fp/hard/libc.a(lib_a-lock.o)
 .bss.__lock___sfp_recursive_mutex
                0x0000000000000000        0x1 /local/sdk_elec_cos8/gcc-arm-none-eabi-10-2020-q4-major/bin/../lib/gcc/arm-none-eabi/10.2.1/../../../../arm-none-eabi/lib/thumb/v7e-m+fp/hard/libc.a(lib_a-lock.o)
 .bss.__lock___sinit_recursive_mutex
                0x0000000000000000        0x1 /local/sdk_elec_cos8/gcc-arm-none-eabi-10-2020-q4-major/bin/../lib/gcc/arm-none-eabi/10.2.1/../../../../arm-none-eabi/lib/thumb/v7e-m+fp/hard/libc.a(lib_a-lock.o)
 .bss.__lock___tz_mutex
                0x0000000000000000        0x1 /local/sdk_elec_cos8/gcc-arm-none-eabi-10-2020-q4-major/bin/../lib/gcc/arm-none-eabi/10.2.1/../../../../arm-none-eabi/lib/thumb/v7e-m+fp/hard/libc.a(lib_a-lock.o)
 .text          0x0000000000000000        0x0 /local/sdk_elec_cos8/gcc-arm-none-eabi-10-2020-q4-major/bin/../lib/gcc/arm-none-eabi/10.2.1/../../../../arm-none-eabi/lib/thumb/v7e-m+fp/hard/libc.a(lib_a-__atexit.o)
 .data          0x0000000000000000        0x0 /local/sdk_elec_cos8/gcc-arm-none-eabi-10-2020-q4-major/bin/../lib/gcc/arm-none-eabi/10.2.1/../../../../arm-none-eabi/lib/thumb/v7e-m+fp/hard/libc.a(lib_a-__atexit.o)
 .bss           0x0000000000000000        0x0 /local/sdk_elec_cos8/gcc-arm-none-eabi-10-2020-q4-major/bin/../lib/gcc/arm-none-eabi/10.2.1/../../../../arm-none-eabi/lib/thumb/v7e-m+fp/hard/libc.a(lib_a-__atexit.o)
 .data          0x0000000000000000        0x0 lib/libstm32f411.a(timer.o)
 .bss           0x0000000000000000        0x0 lib/libstm32f411.a(util.o)
 .data          0x0000000000000000        0x0 lib/libstm32f411.a(spi.o)
 .text          0x0000000000000000        0x0 /local/sdk_elec_cos8/gcc-arm-none-eabi-10-2020-q4-major/bin/../lib/gcc/arm-none-eabi/10.2.1/thumb/v7e-m+fp/hard/crtend.o
 .data          0x0000000000000000        0x0 /local/sdk_elec_cos8/gcc-arm-none-eabi-10-2020-q4-major/bin/../lib/gcc/arm-none-eabi/10.2.1/thumb/v7e-m+fp/hard/crtend.o
 .bss           0x0000000000000000        0x0 /local/sdk_elec_cos8/gcc-arm-none-eabi-10-2020-q4-major/bin/../lib/gcc/arm-none-eabi/10.2.1/thumb/v7e-m+fp/hard/crtend.o
 .eh_frame      0x0000000000000000        0x4 /local/sdk_elec_cos8/gcc-arm-none-eabi-10-2020-q4-major/bin/../lib/gcc/arm-none-eabi/10.2.1/thumb/v7e-m+fp/hard/crtend.o
 .text          0x0000000000000000        0x0 /local/sdk_elec_cos8/gcc-arm-none-eabi-10-2020-q4-major/bin/../lib/gcc/arm-none-eabi/10.2.1/thumb/v7e-m+fp/hard/crtn.o
 .data          0x0000000000000000        0x0 /local/sdk_elec_cos8/gcc-arm-none-eabi-10-2020-q4-major/bin/../lib/gcc/arm-none-eabi/10.2.1/thumb/v7e-m+fp/hard/crtn.o
 .bss           0x0000000000000000        0x0 /local/sdk_elec_cos8/gcc-arm-none-eabi-10-2020-q4-major/bin/../lib/gcc/arm-none-eabi/10.2.1/thumb/v7e-m+fp/hard/crtn.o

Memory Configuration

Name             Origin             Length             Attributes
FLASH            0x0000000008000000 0x0000000000080000 xr
RAM              0x0000000020000000 0x0000000000020000 xrw
*default*        0x0000000000000000 0xffffffffffffffff

Linker script and memory map

LOAD /local/sdk_elec_cos8/gcc-arm-none-eabi-10-2020-q4-major/bin/../lib/gcc/arm-none-eabi/10.2.1/thumb/v7e-m+fp/hard/crti.o
LOAD /local/sdk_elec_cos8/gcc-arm-none-eabi-10-2020-q4-major/bin/../lib/gcc/arm-none-eabi/10.2.1/thumb/v7e-m+fp/hard/crtbegin.o
LOAD /local/sdk_elec_cos8/gcc-arm-none-eabi-10-2020-q4-major/bin/../lib/gcc/arm-none-eabi/10.2.1/../../../../arm-none-eabi/lib/thumb/v7e-m+fp/hard/crt0.o
LOAD startup/stm32f411_periph.o
LOAD startup/sys_handlers.o
LOAD startup/rcc.o
LOAD startup/system_stm32f4xx.o
LOAD lib/io.o
LOAD libshield/leds.o
LOAD libshield/sw.o
LOAD src/main.o
LOAD startup/startup_stm32f411xe.o
LOAD /local/sdk_elec_cos8/gcc-arm-none-eabi-10-2020-q4-major/bin/../lib/gcc/arm-none-eabi/10.2.1/../../../../arm-none-eabi/lib/thumb/v7e-m+fp/hard/libc.a
LOAD /local/sdk_elec_cos8/gcc-arm-none-eabi-10-2020-q4-major/bin/../lib/gcc/arm-none-eabi/10.2.1/thumb/v7e-m+fp/hard/libgcc.a
LOAD /local/sdk_elec_cos8/gcc-arm-none-eabi-10-2020-q4-major/bin/../lib/gcc/arm-none-eabi/10.2.1/thumb/v7e-m+fp/hard/libgcov.a
LOAD /local/sdk_elec_cos8/gcc-arm-none-eabi-10-2020-q4-major/bin/../lib/gcc/arm-none-eabi/10.2.1/../../../../arm-none-eabi/lib/thumb/v7e-m+fp/hard/libm.a
LOAD lib/libstm32f411.a
START GROUP
LOAD /local/sdk_elec_cos8/gcc-arm-none-eabi-10-2020-q4-major/bin/../lib/gcc/arm-none-eabi/10.2.1/thumb/v7e-m+fp/hard/libgcc.a
LOAD /local/sdk_elec_cos8/gcc-arm-none-eabi-10-2020-q4-major/bin/../lib/gcc/arm-none-eabi/10.2.1/../../../../arm-none-eabi/lib/thumb/v7e-m+fp/hard/libc.a
END GROUP
LOAD /local/sdk_elec_cos8/gcc-arm-none-eabi-10-2020-q4-major/bin/../lib/gcc/arm-none-eabi/10.2.1/thumb/v7e-m+fp/hard/crtend.o
LOAD /local/sdk_elec_cos8/gcc-arm-none-eabi-10-2020-q4-major/bin/../lib/gcc/arm-none-eabi/10.2.1/thumb/v7e-m+fp/hard/crtn.o
                0x0000000020020000                _estack = 0x20020000
                0x0000000000000200                _Min_Heap_Size = 0x200
                0x0000000000000400                _Min_Stack_Size = 0x400

.isr_vector     0x0000000008000000      0x198
                0x0000000008000000                . = ALIGN (0x4)
 *(.isr_vector)
 .isr_vector    0x0000000008000000      0x198 startup/startup_stm32f411xe.o
                0x0000000008000000                g_pfnVectors
                0x0000000008000198                . = ALIGN (0x4)

.text           0x0000000008000198     0x2f4c
                0x0000000008000198                . = ALIGN (0x4)
 *(.text)
 .text          0x0000000008000198       0x40 /local/sdk_elec_cos8/gcc-arm-none-eabi-10-2020-q4-major/bin/../lib/gcc/arm-none-eabi/10.2.1/thumb/v7e-m+fp/hard/crtbegin.o
 .text          0x00000000080001d8       0x1c startup/sys_handlers.o
                0x00000000080001d8                NMI_Handler
                0x00000000080001dc                HardFault_Handler
                0x00000000080001de                MemManage_Handler
                0x00000000080001e0                BusFault_Handler
                0x00000000080001e2                UsageFault_Handler
                0x00000000080001e4                SVC_Handler
                0x00000000080001e8                DebugMon_Handler
                0x00000000080001ec                PendSV_Handler
                0x00000000080001f0                SysTick_Handler
 .text          0x00000000080001f4      0x3f0 startup/rcc.o
                0x0000000008000404                rcc_config_clock
 .text          0x00000000080005e4      0x16c startup/system_stm32f4xx.o
                0x00000000080005e4                SystemInit
                0x0000000008000658                SystemCoreClockUpdate
 .text          0x0000000008000750      0x8fc lib/io.o
                0x00000000080007cc                EXTI0_IRQHandler
                0x00000000080007f0                EXTI1_IRQHandler
                0x0000000008000814                EXTI2_IRQHandler
                0x0000000008000838                EXTI3_IRQHandler
                0x000000000800085c                EXTI4_IRQHandler
                0x0000000008000880                EXTI9_5_IRQHandler
                0x0000000008000950                EXTI15_10_IRQHandler
                0x0000000008000a4c                io_configure
                0x0000000008000f88                io_read
                0x0000000008000faa                io_write
                0x0000000008000fe4                io_write_n
                0x000000000800101a                io_set
                0x0000000008001032                io_clear
 .text          0x000000000800104c      0x148 libshield/leds.o
                0x000000000800104c                leds_init
                0x00000000080010ac                leds
                0x00000000080010e8                red_led
                0x0000000008001120                green_led
                0x0000000008001158                blue_led
 .text          0x0000000008001194      0x238 libshield/sw.o
                0x0000000008001194                sw_init
                0x0000000008001218                sw_right
                0x0000000008001260                sw_left
                0x00000000080012a8                sw_up
                0x00000000080012f0                sw_down
                0x0000000008001338                sw_center
                0x0000000008001380                sw_input
 .text          0x00000000080013cc      0x148 src/main.o
                0x00000000080013cc                main
 .text          0x0000000008001514      0x878 lib/libstm32f411.a(timer.o)
                0x0000000008001590                TIM2_IRQHandler
                0x00000000080015bc                TIM3_IRQHandler
                0x00000000080015e8                TIM4_IRQHandler
                0x0000000008001614                TIM5_IRQHandler
                0x0000000008001640                timer_wait_ms
                0x00000000080017d8                timer_wait_us
                0x0000000008001968                timer_tick_init
                0x0000000008001ad0                timer_start
                0x0000000008001aec                timer_stop
                0x0000000008001b02                pwm_init
                0x0000000008001c64                pwm_channel_enable
                0x0000000008001d24                pwm_channel_disable
                0x0000000008001d48                pwm_channel_set
 .text          0x0000000008001d8c      0xce4 lib/libstm32f411.a(lcd_128x32.o)
                0x0000000008001ed4                lcd_reset
                0x0000000008001fcc                lcd_set_contrast
                0x0000000008001ffc                lcd_get_contrast
                0x0000000008002008                lcd_width
                0x000000000800200e                lcd_height
                0x0000000008002014                lcd_invert
                0x0000000008002036                lcd_setmode
                0x000000000800204c                lcd_get_autoup
                0x0000000008002058                lcd_set_autoup
                0x0000000008002184                locate
                0x00000000080021a4                cls
                0x00000000080021c8                line
                0x000000000800230c                rect
                0x00000000080023d8                fillrect
                0x0000000008002458                circle
                0x0000000008002608                fillcircle
                0x0000000008002660                bitmap
                0x000000000800286c                lcd_putc
                0x00000000080028e8                lcd_puts
                0x0000000008002938                lcd_printf
 .text          0x0000000008002a70      0x138 lib/libstm32f411.a(util.o)
                0x0000000008002a70                num2str
                0x0000000008002b0c                str2num
 .text          0x0000000008002ba8      0x308 lib/libstm32f411.a(spi.o)
                0x0000000008002c24                SPI1_IRQHandler
                0x0000000008002cd0                SPI2_IRQHandler
                0x0000000008002cd4                SPI3_IRQHandler
                0x0000000008002cd8                SPI4_IRQHandler
                0x0000000008002cdc                SPI5_IRQHandler
                0x0000000008002ce0                spi_master_init
                0x0000000008002e08                spi_write
                0x0000000008002e78                spi_write_byte
 *(.text*)
 .text.Reset_Handler
                0x0000000008002eb0       0x4c startup/startup_stm32f411xe.o
                0x0000000008002eb0                Reset_Handler
                0x0000000008002ee2                _exit
 .text.Default_Handler
                0x0000000008002efc        0x2 startup/startup_stm32f411xe.o
                0x0000000008002efc                RTC_Alarm_IRQHandler
                0x0000000008002efc                TIM1_CC_IRQHandler
                0x0000000008002efc                DMA2_Stream5_IRQHandler
                0x0000000008002efc                DMA1_Stream5_IRQHandler
                0x0000000008002efc                PVD_IRQHandler
                0x0000000008002efc                SDIO_IRQHandler
                0x0000000008002efc                TAMP_STAMP_IRQHandler
                0x0000000008002efc                TIM1_UP_TIM10_IRQHandler
                0x0000000008002efc                I2C3_ER_IRQHandler
                0x0000000008002efc                I2C2_EV_IRQHandler
                0x0000000008002efc                DMA1_Stream2_IRQHandler
                0x0000000008002efc                FPU_IRQHandler
                0x0000000008002efc                DMA2_Stream2_IRQHandler
                0x0000000008002efc                TIM1_BRK_TIM9_IRQHandler
                0x0000000008002efc                DMA2_Stream3_IRQHandler
                0x0000000008002efc                USART6_IRQHandler
                0x0000000008002efc                DMA2_Stream0_IRQHandler
                0x0000000008002efc                I2C1_EV_IRQHandler
                0x0000000008002efc                DMA1_Stream6_IRQHandler
                0x0000000008002efc                DMA1_Stream1_IRQHandler
                0x0000000008002efc                RCC_IRQHandler
                0x0000000008002efc                Default_Handler
                0x0000000008002efc                ADC_IRQHandler
                0x0000000008002efc                DMA1_Stream7_IRQHandler
                0x0000000008002efc                DMA2_Stream7_IRQHandler
                0x0000000008002efc                I2C3_EV_IRQHandler
                0x0000000008002efc                RTC_WKUP_IRQHandler
                0x0000000008002efc                DMA1_Stream0_IRQHandler
                0x0000000008002efc                WWDG_IRQHandler
                0x0000000008002efc                OTG_FS_WKUP_IRQHandler
                0x0000000008002efc                TIM1_TRG_COM_TIM11_IRQHandler
                0x0000000008002efc                USART2_IRQHandler
                0x0000000008002efc                I2C2_ER_IRQHandler
                0x0000000008002efc                DMA2_Stream1_IRQHandler
                0x0000000008002efc                FLASH_IRQHandler
                0x0000000008002efc                DMA2_Stream4_IRQHandler
                0x0000000008002efc                USART1_IRQHandler
                0x0000000008002efc                OTG_FS_IRQHandler
                0x0000000008002efc                DMA1_Stream4_IRQHandler
                0x0000000008002efc                I2C1_ER_IRQHandler
                0x0000000008002efc                DMA2_Stream6_IRQHandler
                0x0000000008002efc                DMA1_Stream3_IRQHandler
 *fill*         0x0000000008002efe        0x2 
 .text.__libc_init_array
                0x0000000008002f00       0x48 /local/sdk_elec_cos8/gcc-arm-none-eabi-10-2020-q4-major/bin/../lib/gcc/arm-none-eabi/10.2.1/../../../../arm-none-eabi/lib/thumb/v7e-m+fp/hard/libc.a(lib_a-init.o)
                0x0000000008002f00                __libc_init_array
 .text.memset   0x0000000008002f48       0xa4 /local/sdk_elec_cos8/gcc-arm-none-eabi-10-2020-q4-major/bin/../lib/gcc/arm-none-eabi/10.2.1/../../../../arm-none-eabi/lib/thumb/v7e-m+fp/hard/libc.a(lib_a-memset.o)
                0x0000000008002f48                memset
 .text.startup.register_fini
                0x0000000008002fec       0x14 /local/sdk_elec_cos8/gcc-arm-none-eabi-10-2020-q4-major/bin/../lib/gcc/arm-none-eabi/10.2.1/../../../../arm-none-eabi/lib/thumb/v7e-m+fp/hard/libc.a(lib_a-__call_atexit.o)
 .text.atexit   0x0000000008003000        0xc /local/sdk_elec_cos8/gcc-arm-none-eabi-10-2020-q4-major/bin/../lib/gcc/arm-none-eabi/10.2.1/../../../../arm-none-eabi/lib/thumb/v7e-m+fp/hard/libc.a(lib_a-atexit.o)
                0x0000000008003000                atexit
 .text.__libc_fini_array
                0x000000000800300c       0x2c /local/sdk_elec_cos8/gcc-arm-none-eabi-10-2020-q4-major/bin/../lib/gcc/arm-none-eabi/10.2.1/../../../../arm-none-eabi/lib/thumb/v7e-m+fp/hard/libc.a(lib_a-fini.o)
                0x000000000800300c                __libc_fini_array
 .text.__retarget_lock_acquire_recursive
                0x0000000008003038        0x4 /local/sdk_elec_cos8/gcc-arm-none-eabi-10-2020-q4-major/bin/../lib/gcc/arm-none-eabi/10.2.1/../../../../arm-none-eabi/lib/thumb/v7e-m+fp/hard/libc.a(lib_a-lock.o)
                0x0000000008003038                __retarget_lock_acquire_recursive
 .text.__retarget_lock_release_recursive
                0x000000000800303c        0x4 /local/sdk_elec_cos8/gcc-arm-none-eabi-10-2020-q4-major/bin/../lib/gcc/arm-none-eabi/10.2.1/../../../../arm-none-eabi/lib/thumb/v7e-m+fp/hard/libc.a(lib_a-lock.o)
                0x000000000800303c                __retarget_lock_release_recursive
 .text.__register_exitproc
                0x0000000008003040       0x8c /local/sdk_elec_cos8/gcc-arm-none-eabi-10-2020-q4-major/bin/../lib/gcc/arm-none-eabi/10.2.1/../../../../arm-none-eabi/lib/thumb/v7e-m+fp/hard/libc.a(lib_a-__atexit.o)
                0x0000000008003040                __register_exitproc
 *(.glue_7)
 .glue_7        0x00000000080030cc        0x0 linker stubs
 *(.glue_7t)
 .glue_7t       0x00000000080030cc        0x0 linker stubs
 *(.eh_frame)
 .eh_frame      0x00000000080030cc        0x0 /local/sdk_elec_cos8/gcc-arm-none-eabi-10-2020-q4-major/bin/../lib/gcc/arm-none-eabi/10.2.1/thumb/v7e-m+fp/hard/crtbegin.o
 *(.init)
 .init          0x00000000080030cc        0x4 /local/sdk_elec_cos8/gcc-arm-none-eabi-10-2020-q4-major/bin/../lib/gcc/arm-none-eabi/10.2.1/thumb/v7e-m+fp/hard/crti.o
                0x00000000080030cc                _init
 .init          0x00000000080030d0        0x8 /local/sdk_elec_cos8/gcc-arm-none-eabi-10-2020-q4-major/bin/../lib/gcc/arm-none-eabi/10.2.1/thumb/v7e-m+fp/hard/crtn.o
 *(.fini)
 .fini          0x00000000080030d8        0x4 /local/sdk_elec_cos8/gcc-arm-none-eabi-10-2020-q4-major/bin/../lib/gcc/arm-none-eabi/10.2.1/thumb/v7e-m+fp/hard/crti.o
                0x00000000080030d8                _fini
 .fini          0x00000000080030dc        0x8 /local/sdk_elec_cos8/gcc-arm-none-eabi-10-2020-q4-major/bin/../lib/gcc/arm-none-eabi/10.2.1/thumb/v7e-m+fp/hard/crtn.o
                0x00000000080030e4                . = ALIGN (0x4)
                0x00000000080030e4                _etext = .

.vfp11_veneer   0x00000000080030e4        0x0
 .vfp11_veneer  0x00000000080030e4        0x0 linker stubs

.v4_bx          0x00000000080030e4        0x0
 .v4_bx         0x00000000080030e4        0x0 linker stubs

.iplt           0x00000000080030e4        0x0
 .iplt          0x00000000080030e4        0x0 /local/sdk_elec_cos8/gcc-arm-none-eabi-10-2020-q4-major/bin/../lib/gcc/arm-none-eabi/10.2.1/thumb/v7e-m+fp/hard/crtbegin.o

.rodata         0x00000000080030e4      0x8ec
                0x00000000080030e4                . = ALIGN (0x4)
 *(.rodata)
 .rodata        0x00000000080030e4       0x24 /local/sdk_elec_cos8/gcc-arm-none-eabi-10-2020-q4-major/bin/../lib/gcc/arm-none-eabi/10.2.1/thumb/v7e-m+fp/hard/crtbegin.o
 .rodata        0x0000000008003108      0x114 startup/stm32f411_periph.o
                0x0000000008003108                _SCnSCB
                0x000000000800310c                _SCB
                0x0000000008003110                _SysTick
                0x0000000008003114                _NVIC
                0x0000000008003118                _ITM
                0x000000000800311c                _DWT
                0x0000000008003120                _TPI
                0x0000000008003124                _CoreDebug
                0x0000000008003128                _MPU
                0x000000000800312c                _FPU
                0x0000000008003130                _TIM2
                0x0000000008003134                _TIM3
                0x0000000008003138                _TIM4
                0x000000000800313c                _TIM5
                0x0000000008003140                _RTC
                0x0000000008003144                _WWDG
                0x0000000008003148                _IWDG
                0x000000000800314c                _I2S2ext
                0x0000000008003150                _SPI2
                0x0000000008003154                _SPI3
                0x0000000008003158                _I2S3ext
                0x000000000800315c                _USART2
                0x0000000008003160                _I2C1
                0x0000000008003164                _I2C2
                0x0000000008003168                _I2C3
                0x000000000800316c                _PWR
                0x0000000008003170                _TIM1
                0x0000000008003174                _USART1
                0x0000000008003178                _USART6
                0x000000000800317c                _ADC1
                0x0000000008003180                _ADC
                0x0000000008003184                _SDIO
                0x0000000008003188                _SPI1
                0x000000000800318c                _SPI4
                0x0000000008003190                _SYSCFG
                0x0000000008003194                _EXTI
                0x0000000008003198                _TIM9
                0x000000000800319c                _TIM10
                0x00000000080031a0                _TIM11
                0x00000000080031a4                _SPI5
                0x00000000080031a8                _GPIOA
                0x00000000080031ac                _GPIOB
                0x00000000080031b0                _GPIOC
                0x00000000080031b4                _GPIOD
                0x00000000080031b8                _GPIOE
                0x00000000080031bc                _GPIOH
                0x00000000080031c0                _CRC
                0x00000000080031c4                _RCC
                0x00000000080031c8                _FLASH
                0x00000000080031cc                _DMA1
                0x00000000080031d0                _DMA1_Stream0
                0x00000000080031d4                _DMA1_Stream1
                0x00000000080031d8                _DMA1_Stream2
                0x00000000080031dc                _DMA1_Stream3
                0x00000000080031e0                _DMA1_Stream4
                0x00000000080031e4                _DMA1_Stream5
                0x00000000080031e8                _DMA1_Stream6
                0x00000000080031ec                _DMA1_Stream7
                0x00000000080031f0                _DMA2
                0x00000000080031f4                _DMA2_Stream0
                0x00000000080031f8                _DMA2_Stream1
                0x00000000080031fc                _DMA2_Stream2
                0x0000000008003200                _DMA2_Stream3
                0x0000000008003204                _DMA2_Stream4
                0x0000000008003208                _DMA2_Stream5
                0x000000000800320c                _DMA2_Stream6
                0x0000000008003210                _DMA2_Stream7
                0x0000000008003214                _DBGMCU
                0x0000000008003218                _USB_OTG_FS
 .rodata        0x000000000800321c       0x10 startup/system_stm32f4xx.o
                0x000000000800321c                AHBPrescTable
 .rodata        0x000000000800322c       0x57 src/main.o
 *fill*         0x0000000008003283        0x1 
 .rodata        0x0000000008003284      0x724 lib/libstm32f411.a(lcd_128x32.o)
 .rodata        0x00000000080039a8       0x24 /local/sdk_elec_cos8/gcc-arm-none-eabi-10-2020-q4-major/bin/../lib/gcc/arm-none-eabi/10.2.1/thumb/v7e-m+fp/hard/crtend.o
 *(.rodata*)
 .rodata._global_impure_ptr
                0x00000000080039cc        0x4 /local/sdk_elec_cos8/gcc-arm-none-eabi-10-2020-q4-major/bin/../lib/gcc/arm-none-eabi/10.2.1/../../../../arm-none-eabi/lib/thumb/v7e-m+fp/hard/libc.a(lib_a-impure.o)
                0x00000000080039cc                _global_impure_ptr
                0x00000000080039d0                . = ALIGN (0x4)

.rel.dyn        0x00000000080039d0        0x0
 .rel.iplt      0x00000000080039d0        0x0 /local/sdk_elec_cos8/gcc-arm-none-eabi-10-2020-q4-major/bin/../lib/gcc/arm-none-eabi/10.2.1/thumb/v7e-m+fp/hard/crtbegin.o

.ARM.extab
 *(.ARM.extab* .gnu.linkonce.armextab.*)

.ARM            0x00000000080039d0        0x0
                0x00000000080039d0                __exidx_start = .
 *(.ARM.exidx*)
                0x00000000080039d0                __exidx_end = .

.preinit_array  0x00000000080039d0        0x0
                0x00000000080039d0                PROVIDE (__preinit_array_start = .)
 *(.preinit_array*)
                0x00000000080039d0                PROVIDE (__preinit_array_end = .)

.init_array     0x00000000080039d0        0x8
                0x00000000080039d0                PROVIDE (__init_array_start = .)
 *(SORT_BY_NAME(.init_array.*))
 .init_array.00000
                0x00000000080039d0        0x4 /local/sdk_elec_cos8/gcc-arm-none-eabi-10-2020-q4-major/bin/../lib/gcc/arm-none-eabi/10.2.1/../../../../arm-none-eabi/lib/thumb/v7e-m+fp/hard/libc.a(lib_a-__call_atexit.o)
 *(.init_array*)
 .init_array    0x00000000080039d4        0x4 /local/sdk_elec_cos8/gcc-arm-none-eabi-10-2020-q4-major/bin/../lib/gcc/arm-none-eabi/10.2.1/thumb/v7e-m+fp/hard/crtbegin.o
                0x00000000080039d8                PROVIDE (__init_array_end = .)

.fini_array     0x00000000080039d8        0x4
                0x00000000080039d8                PROVIDE (__fini_array_start = .)
 *(SORT_BY_NAME(.fini_array.*))
 *(.fini_array*)
 .fini_array    0x00000000080039d8        0x4 /local/sdk_elec_cos8/gcc-arm-none-eabi-10-2020-q4-major/bin/../lib/gcc/arm-none-eabi/10.2.1/thumb/v7e-m+fp/hard/crtbegin.o
                0x00000000080039dc                PROVIDE (__fini_array_end = .)
                0x00000000080039dc                _sidata = LOADADDR (.data)

.data           0x0000000020000000      0x4f4 load address 0x00000000080039dc
                0x0000000020000000                . = ALIGN (0x4)
                0x0000000020000000                _sdata = .
 *(.data)
 .data          0x0000000020000000       0xa8 startup/rcc.o
 .data          0x00000000200000a8        0x4 startup/system_stm32f4xx.o
                0x00000000200000a8                SystemCoreClock
 .data          0x00000000200000ac        0x8 lib/libstm32f411.a(lcd_128x32.o)
 .data          0x00000000200000b4       0x11 lib/libstm32f411.a(util.o)
 *(.data*)
 *fill*         0x00000000200000c5        0x3 
 .data.impure_data
                0x00000000200000c8      0x428 /local/sdk_elec_cos8/gcc-arm-none-eabi-10-2020-q4-major/bin/../lib/gcc/arm-none-eabi/10.2.1/../../../../arm-none-eabi/lib/thumb/v7e-m+fp/hard/libc.a(lib_a-impure.o)
 .data.__atexit_recursive_mutex
                0x00000000200004f0        0x4 /local/sdk_elec_cos8/gcc-arm-none-eabi-10-2020-q4-major/bin/../lib/gcc/arm-none-eabi/10.2.1/../../../../arm-none-eabi/lib/thumb/v7e-m+fp/hard/libc.a(lib_a-__call_atexit.o)
                0x00000000200004f0                __atexit_recursive_mutex
                0x00000000200004f4                . = ALIGN (0x4)
                0x00000000200004f4                _edata = .

.igot.plt       0x00000000200004f4        0x0 load address 0x0000000008003ed0
 .igot.plt      0x00000000200004f4        0x0 /local/sdk_elec_cos8/gcc-arm-none-eabi-10-2020-q4-major/bin/../lib/gcc/arm-none-eabi/10.2.1/thumb/v7e-m+fp/hard/crtbegin.o
                0x00000000200004f4                . = ALIGN (0x4)

.bss            0x00000000200004f4      0x2c0 load address 0x0000000008003ed0
                0x00000000200004f4                _sbss = .
                0x00000000200004f4                __bss_start__ = _sbss
 *(.bss)
 .bss           0x00000000200004f4       0x1c /local/sdk_elec_cos8/gcc-arm-none-eabi-10-2020-q4-major/bin/../lib/gcc/arm-none-eabi/10.2.1/thumb/v7e-m+fp/hard/crtbegin.o
 .bss           0x0000000020000510       0x14 startup/system_stm32f4xx.o
                0x0000000020000510                sysclks
 .bss           0x0000000020000524       0x40 lib/io.o
 .bss           0x0000000020000564        0xa libshield/sw.o
 *fill*         0x000000002000056e        0x2 
 .bss           0x0000000020000570       0x10 lib/libstm32f411.a(timer.o)
 .bss           0x0000000020000580      0x210 lib/libstm32f411.a(lcd_128x32.o)
 .bss           0x0000000020000790       0x1c lib/libstm32f411.a(spi.o)
                0x00000000200007a0                cpt
                0x00000000200007a4                cpt1
                0x00000000200007a8                cpt2
 *(.bss*)
 .bss.__lock___atexit_recursive_mutex
                0x00000000200007ac        0x1 /local/sdk_elec_cos8/gcc-arm-none-eabi-10-2020-q4-major/bin/../lib/gcc/arm-none-eabi/10.2.1/../../../../arm-none-eabi/lib/thumb/v7e-m+fp/hard/libc.a(lib_a-lock.o)
                0x00000000200007ac                __lock___atexit_recursive_mutex
 *(COMMON)
 *fill*         0x00000000200007ad        0x3 
 COMMON         0x00000000200007b0        0x4 lib/libstm32f411.a(spi.o)
                0x00000000200007b0                sr
                0x00000000200007b4                . = ALIGN (0x4)
                0x00000000200007b4                _ebss = .
                0x00000000200007b4                __bss_end__ = _ebss

._user_heap_stack
                0x00000000200007b4      0x600 load address 0x0000000008003ed0
                0x00000000200007b4                . = ALIGN (0x4)
                [!provide]                        PROVIDE (end = .)
                [!provide]                        PROVIDE (_end = .)
                0x00000000200009b4                . = (. + _Min_Heap_Size)
 *fill*         0x00000000200007b4      0x200 
                0x0000000020000db4                . = (. + _Min_Stack_Size)
 *fill*         0x00000000200009b4      0x400 
                0x0000000020000db4                . = ALIGN (0x4)

/DISCARD/
 libc.a(*)
 libm.a(*)
 libgcc.a(*)

.ARM.attributes
                0x0000000000000000       0x30
 *(.ARM.attributes)
 .ARM.attributes
                0x0000000000000000       0x1e /local/sdk_elec_cos8/gcc-arm-none-eabi-10-2020-q4-major/bin/../lib/gcc/arm-none-eabi/10.2.1/thumb/v7e-m+fp/hard/crti.o
 .ARM.attributes
                0x000000000000001e       0x34 /local/sdk_elec_cos8/gcc-arm-none-eabi-10-2020-q4-major/bin/../lib/gcc/arm-none-eabi/10.2.1/thumb/v7e-m+fp/hard/crtbegin.o
 .ARM.attributes
                0x0000000000000052       0x39 startup/stm32f411_periph.o
 .ARM.attributes
                0x000000000000008b       0x34 startup/sys_handlers.o
 .ARM.attributes
                0x00000000000000bf       0x34 startup/rcc.o
 .ARM.attributes
                0x00000000000000f3       0x34 startup/system_stm32f4xx.o
 .ARM.attributes
                0x0000000000000127       0x34 lib/io.o
 .ARM.attributes
                0x000000000000015b       0x34 libshield/leds.o
 .ARM.attributes
                0x000000000000018f       0x34 libshield/sw.o
 .ARM.attributes
                0x00000000000001c3       0x34 src/main.o
 .ARM.attributes
                0x00000000000001f7       0x21 startup/startup_stm32f411xe.o
 .ARM.attributes
                0x0000000000000218       0x32 /local/sdk_elec_cos8/gcc-arm-none-eabi-10-2020-q4-major/bin/../lib/gcc/arm-none-eabi/10.2.1/../../../../arm-none-eabi/lib/thumb/v7e-m+fp/hard/libc.a(lib_a-impure.o)
 .ARM.attributes
                0x000000000000024a       0x34 /local/sdk_elec_cos8/gcc-arm-none-eabi-10-2020-q4-major/bin/../lib/gcc/arm-none-eabi/10.2.1/../../../../arm-none-eabi/lib/thumb/v7e-m+fp/hard/libc.a(lib_a-init.o)
 .ARM.attributes
                0x000000000000027e       0x34 /local/sdk_elec_cos8/gcc-arm-none-eabi-10-2020-q4-major/bin/../lib/gcc/arm-none-eabi/10.2.1/../../../../arm-none-eabi/lib/thumb/v7e-m+fp/hard/libc.a(lib_a-memset.o)
 .ARM.attributes
                0x00000000000002b2       0x34 /local/sdk_elec_cos8/gcc-arm-none-eabi-10-2020-q4-major/bin/../lib/gcc/arm-none-eabi/10.2.1/../../../../arm-none-eabi/lib/thumb/v7e-m+fp/hard/libc.a(lib_a-__call_atexit.o)
 .ARM.attributes
                0x00000000000002e6       0x34 /local/sdk_elec_cos8/gcc-arm-none-eabi-10-2020-q4-major/bin/../lib/gcc/arm-none-eabi/10.2.1/../../../../arm-none-eabi/lib/thumb/v7e-m+fp/hard/libc.a(lib_a-atexit.o)
 .ARM.attributes
                0x000000000000031a       0x34 /local/sdk_elec_cos8/gcc-arm-none-eabi-10-2020-q4-major/bin/../lib/gcc/arm-none-eabi/10.2.1/../../../../arm-none-eabi/lib/thumb/v7e-m+fp/hard/libc.a(lib_a-fini.o)
 .ARM.attributes
                0x000000000000034e       0x34 /local/sdk_elec_cos8/gcc-arm-none-eabi-10-2020-q4-major/bin/../lib/gcc/arm-none-eabi/10.2.1/../../../../arm-none-eabi/lib/thumb/v7e-m+fp/hard/libc.a(lib_a-lock.o)
 .ARM.attributes
                0x0000000000000382       0x34 /local/sdk_elec_cos8/gcc-arm-none-eabi-10-2020-q4-major/bin/../lib/gcc/arm-none-eabi/10.2.1/../../../../arm-none-eabi/lib/thumb/v7e-m+fp/hard/libc.a(lib_a-__atexit.o)
 .ARM.attributes
                0x00000000000003b6       0x39 lib/libstm32f411.a(timer.o)
 .ARM.attributes
                0x00000000000003ef       0x39 lib/libstm32f411.a(lcd_128x32.o)
 .ARM.attributes
                0x0000000000000428       0x39 lib/libstm32f411.a(util.o)
 .ARM.attributes
                0x0000000000000461       0x39 lib/libstm32f411.a(spi.o)
 .ARM.attributes
                0x000000000000049a       0x32 /local/sdk_elec_cos8/gcc-arm-none-eabi-10-2020-q4-major/bin/../lib/gcc/arm-none-eabi/10.2.1/thumb/v7e-m+fp/hard/crtend.o
 .ARM.attributes
                0x00000000000004cc       0x1e /local/sdk_elec_cos8/gcc-arm-none-eabi-10-2020-q4-major/bin/../lib/gcc/arm-none-eabi/10.2.1/thumb/v7e-m+fp/hard/crtn.o
OUTPUT(main.elf elf32-littlearm)
LOAD linker stubs
LOAD /local/sdk_elec_cos8/gcc-arm-none-eabi-10-2020-q4-major/bin/../lib/gcc/arm-none-eabi/10.2.1/../../../../arm-none-eabi/lib/thumb/v7e-m+fp/hard/libc.a
LOAD /local/sdk_elec_cos8/gcc-arm-none-eabi-10-2020-q4-major/bin/../lib/gcc/arm-none-eabi/10.2.1/../../../../arm-none-eabi/lib/thumb/v7e-m+fp/hard/libm.a
LOAD /local/sdk_elec_cos8/gcc-arm-none-eabi-10-2020-q4-major/bin/../lib/gcc/arm-none-eabi/10.2.1/thumb/v7e-m+fp/hard/libgcc.a

.debug_info     0x0000000000000000     0xcb77
 .debug_info    0x0000000000000000     0x2358 startup/stm32f411_periph.o
 .debug_info    0x0000000000002358      0x115 startup/sys_handlers.o
 .debug_info    0x000000000000246d      0x5ea startup/rcc.o
 .debug_info    0x0000000000002a57      0x5ce startup/system_stm32f4xx.o
 .debug_info    0x0000000000003025      0xd9d lib/io.o
 .debug_info    0x0000000000003dc2      0x267 libshield/leds.o
 .debug_info    0x0000000000004029      0x2fb libshield/sw.o
 .debug_info    0x0000000000004324      0x1f7 src/main.o
 .debug_info    0x000000000000451b       0x22 startup/startup_stm32f411xe.o
 .debug_info    0x000000000000453d     0x2bba lib/libstm32f411.a(timer.o)
 .debug_info    0x00000000000070f7     0x2f2f lib/libstm32f411.a(lcd_128x32.o)
 .debug_info    0x000000000000a026      0x134 lib/libstm32f411.a(util.o)
 .debug_info    0x000000000000a15a     0x2a1d lib/libstm32f411.a(spi.o)

.debug_abbrev   0x0000000000000000     0x13fb
 .debug_abbrev  0x0000000000000000      0x15c startup/stm32f411_periph.o
 .debug_abbrev  0x000000000000015c       0x44 startup/sys_handlers.o
 .debug_abbrev  0x00000000000001a0      0x180 startup/rcc.o
 .debug_abbrev  0x0000000000000320      0x164 startup/system_stm32f4xx.o
 .debug_abbrev  0x0000000000000484      0x24d lib/io.o
 .debug_abbrev  0x00000000000006d1      0x10f libshield/leds.o
 .debug_abbrev  0x00000000000007e0      0x100 libshield/sw.o
 .debug_abbrev  0x00000000000008e0       0xcf src/main.o
 .debug_abbrev  0x00000000000009af       0x12 startup/startup_stm32f411xe.o
 .debug_abbrev  0x00000000000009c1      0x313 lib/libstm32f411.a(timer.o)
 .debug_abbrev  0x0000000000000cd4      0x399 lib/libstm32f411.a(lcd_128x32.o)
 .debug_abbrev  0x000000000000106d       0xb7 lib/libstm32f411.a(util.o)
 .debug_abbrev  0x0000000000001124      0x2d7 lib/libstm32f411.a(spi.o)

.debug_aranges  0x0000000000000000      0x1a0
 .debug_aranges
                0x0000000000000000       0x18 startup/stm32f411_periph.o
 .debug_aranges
                0x0000000000000018       0x20 startup/sys_handlers.o
 .debug_aranges
                0x0000000000000038       0x20 startup/rcc.o
 .debug_aranges
                0x0000000000000058       0x20 startup/system_stm32f4xx.o
 .debug_aranges
                0x0000000000000078       0x20 lib/io.o
 .debug_aranges
                0x0000000000000098       0x20 libshield/leds.o
 .debug_aranges
                0x00000000000000b8       0x20 libshield/sw.o
 .debug_aranges
                0x00000000000000d8       0x20 src/main.o
 .debug_aranges
                0x00000000000000f8       0x28 startup/startup_stm32f411xe.o
 .debug_aranges
                0x0000000000000120       0x20 lib/libstm32f411.a(timer.o)
 .debug_aranges
                0x0000000000000140       0x20 lib/libstm32f411.a(lcd_128x32.o)
 .debug_aranges
                0x0000000000000160       0x20 lib/libstm32f411.a(util.o)
 .debug_aranges
                0x0000000000000180       0x20 lib/libstm32f411.a(spi.o)

.debug_line     0x0000000000000000     0x2015
 .debug_line    0x0000000000000000      0x148 startup/stm32f411_periph.o
 .debug_line    0x0000000000000148       0x81 startup/sys_handlers.o
 .debug_line    0x00000000000001c9      0x3dd startup/rcc.o
 .debug_line    0x00000000000005a6      0x218 startup/system_stm32f4xx.o
 .debug_line    0x00000000000007be      0x68b lib/io.o
 .debug_line    0x0000000000000e49      0x192 libshield/leds.o
 .debug_line    0x0000000000000fdb      0x244 libshield/sw.o
 .debug_line    0x000000000000121f      0x163 src/main.o
 .debug_line    0x0000000000001382       0x79 startup/startup_stm32f411xe.o
 .debug_line    0x00000000000013fb      0x389 lib/libstm32f411.a(timer.o)
 .debug_line    0x0000000000001784      0x510 lib/libstm32f411.a(lcd_128x32.o)
 .debug_line    0x0000000000001c94       0x95 lib/libstm32f411.a(util.o)
 .debug_line    0x0000000000001d29      0x2ec lib/libstm32f411.a(spi.o)

.debug_str      0x0000000000000000     0x1e0f
 .debug_str     0x0000000000000000      0xc00 startup/stm32f411_periph.o
                                        0xc7e (size before relaxing)
 .debug_str     0x0000000000000c00       0xa7 startup/sys_handlers.o
                                        0x1f4 (size before relaxing)
 .debug_str     0x0000000000000ca7      0x1f9 startup/rcc.o
                                        0x4d6 (size before relaxing)
 .debug_str     0x0000000000000ea0       0x6b startup/system_stm32f4xx.o
                                        0x468 (size before relaxing)
 .debug_str     0x0000000000000f0b      0x507 lib/io.o
                                        0x911 (size before relaxing)
 .debug_str     0x0000000000001412       0x56 libshield/leds.o
                                        0x219 (size before relaxing)
 .debug_str     0x0000000000001468       0x8a libshield/sw.o
                                        0x257 (size before relaxing)
 .debug_str     0x00000000000014f2       0x10 src/main.o
                                        0x1ab (size before relaxing)
 .debug_str     0x0000000000001502       0x2c startup/startup_stm32f411xe.o
                                         0x5b (size before relaxing)
 .debug_str     0x000000000000152e      0x5ee lib/libstm32f411.a(timer.o)
                                       0x1605 (size before relaxing)
 .debug_str     0x0000000000001b1c      0x215 lib/libstm32f411.a(lcd_128x32.o)
                                       0x1361 (size before relaxing)
 .debug_str     0x0000000000001d31       0x24 lib/libstm32f411.a(util.o)
                                        0x135 (size before relaxing)
 .debug_str     0x0000000000001d55       0xba lib/libstm32f411.a(spi.o)
                                       0x15a5 (size before relaxing)

.comment        0x0000000000000000       0xcc
 .comment       0x0000000000000000       0x4d startup/stm32f411_periph.o
                                         0x4e (size before relaxing)
 .comment       0x000000000000004d       0x4e startup/sys_handlers.o
 .comment       0x000000000000004d       0x4e startup/rcc.o
 .comment       0x000000000000004d       0x4e startup/system_stm32f4xx.o
 .comment       0x000000000000004d       0x4e lib/io.o
 .comment       0x000000000000004d       0x4e libshield/leds.o
 .comment       0x000000000000004d       0x4e libshield/sw.o
 .comment       0x000000000000004d       0x4e src/main.o
 .comment       0x000000000000004d       0x7f lib/libstm32f411.a(timer.o)
                                         0x80 (size before relaxing)
 .comment       0x00000000000000cc       0x80 lib/libstm32f411.a(lcd_128x32.o)
 .comment       0x00000000000000cc       0x80 lib/libstm32f411.a(util.o)
 .comment       0x00000000000000cc       0x80 lib/libstm32f411.a(spi.o)

.debug_frame    0x0000000000000000      0xbc0
 .debug_frame   0x0000000000000000       0xa0 startup/sys_handlers.o
 .debug_frame   0x00000000000000a0       0x74 startup/rcc.o
 .debug_frame   0x0000000000000114       0x40 startup/system_stm32f4xx.o
 .debug_frame   0x0000000000000154      0x180 lib/io.o
 .debug_frame   0x00000000000002d4       0x9c libshield/leds.o
 .debug_frame   0x0000000000000370       0xc0 libshield/sw.o
 .debug_frame   0x0000000000000430       0x28 src/main.o
 .debug_frame   0x0000000000000458       0x2c /local/sdk_elec_cos8/gcc-arm-none-eabi-10-2020-q4-major/bin/../lib/gcc/arm-none-eabi/10.2.1/../../../../arm-none-eabi/lib/thumb/v7e-m+fp/hard/libc.a(lib_a-init.o)
 .debug_frame   0x0000000000000484       0x2c /local/sdk_elec_cos8/gcc-arm-none-eabi-10-2020-q4-major/bin/../lib/gcc/arm-none-eabi/10.2.1/../../../../arm-none-eabi/lib/thumb/v7e-m+fp/hard/libc.a(lib_a-memset.o)
 .debug_frame   0x00000000000004b0       0x68 /local/sdk_elec_cos8/gcc-arm-none-eabi-10-2020-q4-major/bin/../lib/gcc/arm-none-eabi/10.2.1/../../../../arm-none-eabi/lib/thumb/v7e-m+fp/hard/libc.a(lib_a-__call_atexit.o)
 .debug_frame   0x0000000000000518       0x20 /local/sdk_elec_cos8/gcc-arm-none-eabi-10-2020-q4-major/bin/../lib/gcc/arm-none-eabi/10.2.1/../../../../arm-none-eabi/lib/thumb/v7e-m+fp/hard/libc.a(lib_a-atexit.o)
 .debug_frame   0x0000000000000538       0x34 /local/sdk_elec_cos8/gcc-arm-none-eabi-10-2020-q4-major/bin/../lib/gcc/arm-none-eabi/10.2.1/../../../../arm-none-eabi/lib/thumb/v7e-m+fp/hard/libc.a(lib_a-fini.o)
 .debug_frame   0x000000000000056c       0xb0 /local/sdk_elec_cos8/gcc-arm-none-eabi-10-2020-q4-major/bin/../lib/gcc/arm-none-eabi/10.2.1/../../../../arm-none-eabi/lib/thumb/v7e-m+fp/hard/libc.a(lib_a-lock.o)
 .debug_frame   0x000000000000061c       0x34 /local/sdk_elec_cos8/gcc-arm-none-eabi-10-2020-q4-major/bin/../lib/gcc/arm-none-eabi/10.2.1/../../../../arm-none-eabi/lib/thumb/v7e-m+fp/hard/libc.a(lib_a-__atexit.o)
 .debug_frame   0x0000000000000650      0x188 lib/libstm32f411.a(timer.o)
 .debug_frame   0x00000000000007d8      0x2c0 lib/libstm32f411.a(lcd_128x32.o)
 .debug_frame   0x0000000000000a98       0x40 lib/libstm32f411.a(util.o)
 .debug_frame   0x0000000000000ad8       0xe8 lib/libstm32f411.a(spi.o)

.debug_ranges   0x0000000000000000       0x38
 .debug_ranges  0x0000000000000000       0x20 startup/startup_stm32f411xe.o
 .debug_ranges  0x0000000000000020       0x18 lib/libstm32f411.a(spi.o)
